16:49:08 **** Incremental Build of configuration Debug for project solarMonitor ****
make all 
make: Nothing to be done for `all'.
16:49:12 **** Incremental Build of configuration Debug for project solarMonitor ****
make all 
make: Nothing to be done for `all'.
16:49:44 **** Incremental Build of configuration Debug for project solarMonitor ****
make all 
Building file: ../Src/main.c
Invoking: MCU GCC Compiler
%cd%
arm-none-eabi-gcc -mcpu=cortex-m0plus -mthumb -mfloat-abi=soft '-D__weak=__attribute__((weak))' '-D__packed=__attribute__((__packed__))' -DUSE_HAL_DRIVER -DSTM32L053xx -I"C:/Users/Nicolas/Documents/Projets/panneau solaire/st/solarMonitor/solarMonitor/Inc" -I"C:/Users/Nicolas/Documents/Projets/panneau solaire/st/solarMonitor/solarMonitor/Drivers/STM32L0xx_HAL_Driver/Inc" -I"C:/Users/Nicolas/Documents/Projets/panneau solaire/st/solarMonitor/solarMonitor/Drivers/STM32L0xx_HAL_Driver/Inc/Legacy" -I"C:/Users/Nicolas/Documents/Projets/panneau solaire/st/solarMonitor/solarMonitor/Drivers/CMSIS/Device/ST/STM32L0xx/Include" -I"C:/Users/Nicolas/Documents/Projets/panneau solaire/st/solarMonitor/solarMonitor/Drivers/CMSIS/Include" -I"C:/Users/Nicolas/Documents/Projets/panneau solaire/st/solarMonitor/solarMonitor/Inc"  -Og -g3 -Wall -fmessage-length=0 -ffunction-sections -c -fmessage-length=0 -MMD -MP -MF"Src/main.d" -MT"Src/main.o" -o "Src/main.o" "../Src/main.c"
Finished building: ../Src/main.c
 
Building target: solarMonitor.elf
Invoking: MCU GCC Linker
arm-none-eabi-gcc -mcpu=cortex-m0plus -mthumb -mfloat-abi=soft -specs=nosys.specs -specs=nano.specs -T"../STM32L053R8Tx_FLASH.ld" -Wl,-Map=output.map -Wl,--gc-sections -lm -o "solarMonitor.elf" @"objects.list"  
Finished building target: solarMonitor.elf
 
make --no-print-directory post-build
Generating binary and Printing size information:
arm-none-eabi-objcopy -O binary "solarMonitor.elf" "solarMonitor.bin"
arm-none-eabi-size "solarMonitor.elf"
   text	   data	    bss	    dec	    hex	filename
  15992	     12	   5716	  21720	   54d8	solarMonitor.elf
 
16:50:22 **** Incremental Build of configuration Debug for project solarMonitor ****
make all 
make: Nothing to be done for `all'.
16:50:41 **** Incremental Build of configuration Debug for project solarMonitor ****
make all 
Building file: ../Src/main.c
Invoking: MCU GCC Compiler
%cd%
arm-none-eabi-gcc -mcpu=cortex-m0plus -mthumb -mfloat-abi=soft '-D__weak=__attribute__((weak))' '-D__packed=__attribute__((__packed__))' -DUSE_HAL_DRIVER -DSTM32L053xx -I"C:/Users/Nicolas/Documents/Projets/panneau solaire/st/solarMonitor/solarMonitor/Inc" -I"C:/Users/Nicolas/Documents/Projets/panneau solaire/st/solarMonitor/solarMonitor/Drivers/STM32L0xx_HAL_Driver/Inc" -I"C:/Users/Nicolas/Documents/Projets/panneau solaire/st/solarMonitor/solarMonitor/Drivers/STM32L0xx_HAL_Driver/Inc/Legacy" -I"C:/Users/Nicolas/Documents/Projets/panneau solaire/st/solarMonitor/solarMonitor/Drivers/CMSIS/Device/ST/STM32L0xx/Include" -I"C:/Users/Nicolas/Documents/Projets/panneau solaire/st/solarMonitor/solarMonitor/Drivers/CMSIS/Include" -I"C:/Users/Nicolas/Documents/Projets/panneau solaire/st/solarMonitor/solarMonitor/Inc"  -Og -g3 -Wall -fmessage-length=0 -ffunction-sections -c -fmessage-length=0 -MMD -MP -MF"Src/main.d" -MT"Src/main.o" -o "Src/main.o" "../Src/main.c"
Finished building: ../Src/main.c
 
Building target: solarMonitor.elf
Invoking: MCU GCC Linker
arm-none-eabi-gcc -mcpu=cortex-m0plus -mthumb -mfloat-abi=soft -specs=nosys.specs -specs=nano.specs -T"../STM32L053R8Tx_FLASH.ld" -Wl,-Map=output.map -Wl,--gc-sections -lm -o "solarMonitor.elf" @"objects.list"  
Finished building target: solarMonitor.elf
 
make --no-print-directory post-build
Generating binary and Printing size information:
arm-none-eabi-objcopy -O binary "solarMonitor.elf" "solarMonitor.bin"
arm-none-eabi-size "solarMonitor.elf"
   text	   data	    bss	    dec	    hex	filename
  16068	     12	   5716	  21796	   5524	solarMonitor.elf
 
16:51:03 **** Incremental Build of configuration Debug for project solarMonitor ****
make all 
make: Nothing to be done for `all'.
16:51:45 **** Incremental Build of configuration Debug for project solarMonitor ****
make all 
Building file: ../Src/main.c
Invoking: MCU GCC Compiler
%cd%
arm-none-eabi-gcc -mcpu=cortex-m0plus -mthumb -mfloat-abi=soft '-D__weak=__attribute__((weak))' '-D__packed=__attribute__((__packed__))' -DUSE_HAL_DRIVER -DSTM32L053xx -I"C:/Users/Nicolas/Documents/Projets/panneau solaire/st/solarMonitor/solarMonitor/Inc" -I"C:/Users/Nicolas/Documents/Projets/panneau solaire/st/solarMonitor/solarMonitor/Drivers/STM32L0xx_HAL_Driver/Inc" -I"C:/Users/Nicolas/Documents/Projets/panneau solaire/st/solarMonitor/solarMonitor/Drivers/STM32L0xx_HAL_Driver/Inc/Legacy" -I"C:/Users/Nicolas/Documents/Projets/panneau solaire/st/solarMonitor/solarMonitor/Drivers/CMSIS/Device/ST/STM32L0xx/Include" -I"C:/Users/Nicolas/Documents/Projets/panneau solaire/st/solarMonitor/solarMonitor/Drivers/CMSIS/Include" -I"C:/Users/Nicolas/Documents/Projets/panneau solaire/st/solarMonitor/solarMonitor/Inc"  -Og -g3 -Wall -fmessage-length=0 -ffunction-sections -c -fmessage-length=0 -MMD -MP -MF"Src/main.d" -MT"Src/main.o" -o "Src/main.o" "../Src/main.c"
Finished building: ../Src/main.c
 
Building target: solarMonitor.elf
Invoking: MCU GCC Linker
arm-none-eabi-gcc -mcpu=cortex-m0plus -mthumb -mfloat-abi=soft -specs=nosys.specs -specs=nano.specs -T"../STM32L053R8Tx_FLASH.ld" -Wl,-Map=output.map -Wl,--gc-sections -lm -o "solarMonitor.elf" @"objects.list"  
Finished building target: solarMonitor.elf
 
make --no-print-directory post-build
Generating binary and Printing size information:
arm-none-eabi-objcopy -O binary "solarMonitor.elf" "solarMonitor.bin"
arm-none-eabi-size "solarMonitor.elf"
   text	   data	    bss	    dec	    hex	filename
  16064	     12	   5716	  21792	   5520	solarMonitor.elf
 
16:52:23 **** Incremental Build of configuration Debug for project solarMonitor ****
make all 
Building file: ../Src/flash.c
Invoking: MCU GCC Compiler
%cd%
arm-none-eabi-gcc -mcpu=cortex-m0plus -mthumb -mfloat-abi=soft '-D__weak=__attribute__((weak))' '-D__packed=__attribute__((__packed__))' -DUSE_HAL_DRIVER -DSTM32L053xx -I"C:/Users/Nicolas/Documents/Projets/panneau solaire/st/solarMonitor/solarMonitor/Inc" -I"C:/Users/Nicolas/Documents/Projets/panneau solaire/st/solarMonitor/solarMonitor/Drivers/STM32L0xx_HAL_Driver/Inc" -I"C:/Users/Nicolas/Documents/Projets/panneau solaire/st/solarMonitor/solarMonitor/Drivers/STM32L0xx_HAL_Driver/Inc/Legacy" -I"C:/Users/Nicolas/Documents/Projets/panneau solaire/st/solarMonitor/solarMonitor/Drivers/CMSIS/Device/ST/STM32L0xx/Include" -I"C:/Users/Nicolas/Documents/Projets/panneau solaire/st/solarMonitor/solarMonitor/Drivers/CMSIS/Include" -I"C:/Users/Nicolas/Documents/Projets/panneau solaire/st/solarMonitor/solarMonitor/Inc"  -Og -g3 -Wall -fmessage-length=0 -ffunction-sections -c -fmessage-length=0 -MMD -MP -MF"Src/flash.d" -MT"Src/flash.o" -o "Src/flash.o" "../Src/flash.c"
Finished building: ../Src/flash.c
 
Building file: ../Src/main.c
Invoking: MCU GCC Compiler
%cd%
arm-none-eabi-gcc -mcpu=cortex-m0plus -mthumb -mfloat-abi=soft '-D__weak=__attribute__((weak))' '-D__packed=__attribute__((__packed__))' -DUSE_HAL_DRIVER -DSTM32L053xx -I"C:/Users/Nicolas/Documents/Projets/panneau solaire/st/solarMonitor/solarMonitor/Inc" -I"C:/Users/Nicolas/Documents/Projets/panneau solaire/st/solarMonitor/solarMonitor/Drivers/STM32L0xx_HAL_Driver/Inc" -I"C:/Users/Nicolas/Documents/Projets/panneau solaire/st/solarMonitor/solarMonitor/Drivers/STM32L0xx_HAL_Driver/Inc/Legacy" -I"C:/Users/Nicolas/Documents/Projets/panneau solaire/st/solarMonitor/solarMonitor/Drivers/CMSIS/Device/ST/STM32L0xx/Include" -I"C:/Users/Nicolas/Documents/Projets/panneau solaire/st/solarMonitor/solarMonitor/Drivers/CMSIS/Include" -I"C:/Users/Nicolas/Documents/Projets/panneau solaire/st/solarMonitor/solarMonitor/Inc"  -Og -g3 -Wall -fmessage-length=0 -ffunction-sections -c -fmessage-length=0 -MMD -MP -MF"Src/main.d" -MT"Src/main.o" -o "Src/main.o" "../Src/main.c"
Finished building: ../Src/main.c
 
Building file: ../Src/solarMonitor.c
Invoking: MCU GCC Compiler
%cd%
arm-none-eabi-gcc -mcpu=cortex-m0plus -mthumb -mfloat-abi=soft '-D__weak=__attribute__((weak))' '-D__packed=__attribute__((__packed__))' -DUSE_HAL_DRIVER -DSTM32L053xx -I"C:/Users/Nicolas/Documents/Projets/panneau solaire/st/solarMonitor/solarMonitor/Inc" -I"C:/Users/Nicolas/Documents/Projets/panneau solaire/st/solarMonitor/solarMonitor/Drivers/STM32L0xx_HAL_Driver/Inc" -I"C:/Users/Nicolas/Documents/Projets/panneau solaire/st/solarMonitor/solarMonitor/Drivers/STM32L0xx_HAL_Driver/Inc/Legacy" -I"C:/Users/Nicolas/Documents/Projets/panneau solaire/st/solarMonitor/solarMonitor/Drivers/CMSIS/Device/ST/STM32L0xx/Include" -I"C:/Users/Nicolas/Documents/Projets/panneau solaire/st/solarMonitor/solarMonitor/Drivers/CMSIS/Include" -I"C:/Users/Nicolas/Documents/Projets/panneau solaire/st/solarMonitor/solarMonitor/Inc"  -Og -g3 -Wall -fmessage-length=0 -ffunction-sections -c -fmessage-length=0 -MMD -MP -MF"Src/solarMonitor.d" -MT"Src/solarMonitor.o" -o "Src/solarMonitor.o" "../Src/solarMonitor.c"
Finished building: ../Src/solarMonitor.c
 
Building target: solarMonitor.elf
Invoking: MCU GCC Linker
arm-none-eabi-gcc -mcpu=cortex-m0plus -mthumb -mfloat-abi=soft -specs=nosys.specs -specs=nano.specs -T"../STM32L053R8Tx_FLASH.ld" -Wl,-Map=output.map -Wl,--gc-sections -lm -o "solarMonitor.elf" @"objects.list"  
Finished building target: solarMonitor.elf
 
make --no-print-directory post-build
Generating binary and Printing size information:
arm-none-eabi-objcopy -O binary "solarMonitor.elf" "solarMonitor.bin"
arm-none-eabi-size "solarMonitor.elf"
   text	   data	    bss	    dec	    hex	filename
  16064	     12	   5716	  21792	   5520	solarMonitor.elf
 
16:53:18 **** Incremental Build of configuration Debug for project solarMonitor ****
make all 
make: Nothing to be done for `all'.
16:55:16 **** Incremental Build of configuration Debug for project solarMonitor ****
make all 
Building file: ../Src/main.c
Invoking: MCU GCC Compiler
%cd%
arm-none-eabi-gcc -mcpu=cortex-m0plus -mthumb -mfloat-abi=soft '-D__weak=__attribute__((weak))' '-D__packed=__attribute__((__packed__))' -DUSE_HAL_DRIVER -DSTM32L053xx -I"C:/Users/Nicolas/Documents/Projets/panneau solaire/st/solarMonitor/solarMonitor/Inc" -I"C:/Users/Nicolas/Documents/Projets/panneau solaire/st/solarMonitor/solarMonitor/Drivers/STM32L0xx_HAL_Driver/Inc" -I"C:/Users/Nicolas/Documents/Projets/panneau solaire/st/solarMonitor/solarMonitor/Drivers/STM32L0xx_HAL_Driver/Inc/Legacy" -I"C:/Users/Nicolas/Documents/Projets/panneau solaire/st/solarMonitor/solarMonitor/Drivers/CMSIS/Device/ST/STM32L0xx/Include" -I"C:/Users/Nicolas/Documents/Projets/panneau solaire/st/solarMonitor/solarMonitor/Drivers/CMSIS/Include" -I"C:/Users/Nicolas/Documents/Projets/panneau solaire/st/solarMonitor/solarMonitor/Inc"  -Og -g3 -Wall -fmessage-length=0 -ffunction-sections -c -fmessage-length=0 -MMD -MP -MF"Src/main.d" -MT"Src/main.o" -o "Src/main.o" "../Src/main.c"
Finished building: ../Src/main.c
 
Building target: solarMonitor.elf
Invoking: MCU GCC Linker
arm-none-eabi-gcc -mcpu=cortex-m0plus -mthumb -mfloat-abi=soft -specs=nosys.specs -specs=nano.specs -T"../STM32L053R8Tx_FLASH.ld" -Wl,-Map=output.map -Wl,--gc-sections -lm -o "solarMonitor.elf" @"objects.list"  
Finished building target: solarMonitor.elf
 
make --no-print-directory post-build
Generating binary and Printing size information:
arm-none-eabi-objcopy -O binary "solarMonitor.elf" "solarMonitor.bin"
arm-none-eabi-size "solarMonitor.elf"
   text	   data	    bss	    dec	    hex	filename
  16064	     12	   5716	  21792	   5520	solarMonitor.elf
 
16:56:50 **** Incremental Build of configuration Debug for project solarMonitor ****
make all 
Building file: ../Src/flash.c
Invoking: MCU GCC Compiler
%cd%
arm-none-eabi-gcc -mcpu=cortex-m0plus -mthumb -mfloat-abi=soft '-D__weak=__attribute__((weak))' '-D__packed=__attribute__((__packed__))' -DUSE_HAL_DRIVER -DSTM32L053xx -I"C:/Users/Nicolas/Documents/Projets/panneau solaire/st/solarMonitor/solarMonitor/Inc" -I"C:/Users/Nicolas/Documents/Projets/panneau solaire/st/solarMonitor/solarMonitor/Drivers/STM32L0xx_HAL_Driver/Inc" -I"C:/Users/Nicolas/Documents/Projets/panneau solaire/st/solarMonitor/solarMonitor/Drivers/STM32L0xx_HAL_Driver/Inc/Legacy" -I"C:/Users/Nicolas/Documents/Projets/panneau solaire/st/solarMonitor/solarMonitor/Drivers/CMSIS/Device/ST/STM32L0xx/Include" -I"C:/Users/Nicolas/Documents/Projets/panneau solaire/st/solarMonitor/solarMonitor/Drivers/CMSIS/Include" -I"C:/Users/Nicolas/Documents/Projets/panneau solaire/st/solarMonitor/solarMonitor/Inc"  -Og -g3 -Wall -fmessage-length=0 -ffunction-sections -c -fmessage-length=0 -MMD -MP -MF"Src/flash.d" -MT"Src/flash.o" -o "Src/flash.o" "../Src/flash.c"
Finished building: ../Src/flash.c
 
Building target: solarMonitor.elf
Invoking: MCU GCC Linker
arm-none-eabi-gcc -mcpu=cortex-m0plus -mthumb -mfloat-abi=soft -specs=nosys.specs -specs=nano.specs -T"../STM32L053R8Tx_FLASH.ld" -Wl,-Map=output.map -Wl,--gc-sections -lm -o "solarMonitor.elf" @"objects.list"  
Finished building target: solarMonitor.elf
 
make --no-print-directory post-build
Generating binary and Printing size information:
arm-none-eabi-objcopy -O binary "solarMonitor.elf" "solarMonitor.bin"
arm-none-eabi-size "solarMonitor.elf"
   text	   data	    bss	    dec	    hex	filename
  16064	     12	   5716	  21792	   5520	solarMonitor.elf
 
09:10:52 **** Incremental Build of configuration Debug for project solarMonitor ****
make all 
make: Nothing to be done for `all'.
09:14:10 **** Incremental Build of configuration Debug for project solarMonitor ****
make all 
Building file: ../Src/main.c
Invoking: MCU GCC Compiler
%cd%
arm-none-eabi-gcc -mcpu=cortex-m0plus -mthumb -mfloat-abi=soft '-D__weak=__attribute__((weak))' '-D__packed=__attribute__((__packed__))' -DUSE_HAL_DRIVER -DSTM32L053xx -I"C:/Users/Nicolas/Documents/Projets/panneau solaire/st/solarMonitor/solarMonitor/Inc" -I"C:/Users/Nicolas/Documents/Projets/panneau solaire/st/solarMonitor/solarMonitor/Drivers/STM32L0xx_HAL_Driver/Inc" -I"C:/Users/Nicolas/Documents/Projets/panneau solaire/st/solarMonitor/solarMonitor/Drivers/STM32L0xx_HAL_Driver/Inc/Legacy" -I"C:/Users/Nicolas/Documents/Projets/panneau solaire/st/solarMonitor/solarMonitor/Drivers/CMSIS/Device/ST/STM32L0xx/Include" -I"C:/Users/Nicolas/Documents/Projets/panneau solaire/st/solarMonitor/solarMonitor/Drivers/CMSIS/Include" -I"C:/Users/Nicolas/Documents/Projets/panneau solaire/st/solarMonitor/solarMonitor/Inc"  -Og -g3 -Wall -fmessage-length=0 -ffunction-sections -c -fmessage-length=0 -MMD -MP -MF"Src/main.d" -MT"Src/main.o" -o "Src/main.o" "../Src/main.c"
Finished building: ../Src/main.c
 
Building target: solarMonitor.elf
Invoking: MCU GCC Linker
arm-none-eabi-gcc -mcpu=cortex-m0plus -mthumb -mfloat-abi=soft -specs=nosys.specs -specs=nano.specs -T"../STM32L053R8Tx_FLASH.ld" -Wl,-Map=output.map -Wl,--gc-sections -lm -o "solarMonitor.elf" @"objects.list"  
Finished building target: solarMonitor.elf
 
make --no-print-directory post-build
Generating binary and Printing size information:
arm-none-eabi-objcopy -O binary "solarMonitor.elf" "solarMonitor.bin"
arm-none-eabi-size "solarMonitor.elf"
   text	   data	    bss	    dec	    hex	filename
  16096	     12	   5724	  21832	   5548	solarMonitor.elf
 
09:15:12 **** Incremental Build of configuration Debug for project solarMonitor ****
make all 
make: Nothing to be done for `all'.
09:17:12 **** Incremental Build of configuration Debug for project solarMonitor ****
make all 
Building file: ../Src/main.c
Invoking: MCU GCC Compiler
%cd%
arm-none-eabi-gcc -mcpu=cortex-m0plus -mthumb -mfloat-abi=soft '-D__weak=__attribute__((weak))' '-D__packed=__attribute__((__packed__))' -DUSE_HAL_DRIVER -DSTM32L053xx -I"C:/Users/Nicolas/Documents/Projets/panneau solaire/st/solarMonitor/solarMonitor/Inc" -I"C:/Users/Nicolas/Documents/Projets/panneau solaire/st/solarMonitor/solarMonitor/Drivers/STM32L0xx_HAL_Driver/Inc" -I"C:/Users/Nicolas/Documents/Projets/panneau solaire/st/solarMonitor/solarMonitor/Drivers/STM32L0xx_HAL_Driver/Inc/Legacy" -I"C:/Users/Nicolas/Documents/Projets/panneau solaire/st/solarMonitor/solarMonitor/Drivers/CMSIS/Device/ST/STM32L0xx/Include" -I"C:/Users/Nicolas/Documents/Projets/panneau solaire/st/solarMonitor/solarMonitor/Drivers/CMSIS/Include" -I"C:/Users/Nicolas/Documents/Projets/panneau solaire/st/solarMonitor/solarMonitor/Inc"  -Og -g3 -Wall -fmessage-length=0 -ffunction-sections -c -fmessage-length=0 -MMD -MP -MF"Src/main.d" -MT"Src/main.o" -o "Src/main.o" "../Src/main.c"
Finished building: ../Src/main.c
 
Building target: solarMonitor.elf
Invoking: MCU GCC Linker
arm-none-eabi-gcc -mcpu=cortex-m0plus -mthumb -mfloat-abi=soft -specs=nosys.specs -specs=nano.specs -T"../STM32L053R8Tx_FLASH.ld" -Wl,-Map=output.map -Wl,--gc-sections -lm -o "solarMonitor.elf" @"objects.list"  
Finished building target: solarMonitor.elf
 
make --no-print-directory post-build
Generating binary and Printing size information:
arm-none-eabi-objcopy -O binary "solarMonitor.elf" "solarMonitor.bin"
arm-none-eabi-size "solarMonitor.elf"
   text	   data	    bss	    dec	    hex	filename
  16100	     12	   5724	  21836	   554c	solarMonitor.elf
 
09:17:45 **** Incremental Build of configuration Debug for project solarMonitor ****
make all 
make: Nothing to be done for `all'.
09:33:27 **** Incremental Build of configuration Debug for project solarMonitor ****
make all 
Building file: ../Src/flash.c
Invoking: MCU GCC Compiler
%cd%
arm-none-eabi-gcc -mcpu=cortex-m0plus -mthumb -mfloat-abi=soft '-D__weak=__attribute__((weak))' '-D__packed=__attribute__((__packed__))' -DUSE_HAL_DRIVER -DSTM32L053xx -I"C:/Users/Nicolas/Documents/Projets/panneau solaire/st/solarMonitor/solarMonitor/Inc" -I"C:/Users/Nicolas/Documents/Projets/panneau solaire/st/solarMonitor/solarMonitor/Drivers/STM32L0xx_HAL_Driver/Inc" -I"C:/Users/Nicolas/Documents/Projets/panneau solaire/st/solarMonitor/solarMonitor/Drivers/STM32L0xx_HAL_Driver/Inc/Legacy" -I"C:/Users/Nicolas/Documents/Projets/panneau solaire/st/solarMonitor/solarMonitor/Drivers/CMSIS/Device/ST/STM32L0xx/Include" -I"C:/Users/Nicolas/Documents/Projets/panneau solaire/st/solarMonitor/solarMonitor/Drivers/CMSIS/Include" -I"C:/Users/Nicolas/Documents/Projets/panneau solaire/st/solarMonitor/solarMonitor/Inc"  -Og -g3 -Wall -fmessage-length=0 -ffunction-sections -c -fmessage-length=0 -MMD -MP -MF"Src/flash.d" -MT"Src/flash.o" -o "Src/flash.o" "../Src/flash.c"
Finished building: ../Src/flash.c
 
Building file: ../Src/main.c
Invoking: MCU GCC Compiler
%cd%
arm-none-eabi-gcc -mcpu=cortex-m0plus -mthumb -mfloat-abi=soft '-D__weak=__attribute__((weak))' '-D__packed=__attribute__((__packed__))' -DUSE_HAL_DRIVER -DSTM32L053xx -I"C:/Users/Nicolas/Documents/Projets/panneau solaire/st/solarMonitor/solarMonitor/Inc" -I"C:/Users/Nicolas/Documents/Projets/panneau solaire/st/solarMonitor/solarMonitor/Drivers/STM32L0xx_HAL_Driver/Inc" -I"C:/Users/Nicolas/Documents/Projets/panneau solaire/st/solarMonitor/solarMonitor/Drivers/STM32L0xx_HAL_Driver/Inc/Legacy" -I"C:/Users/Nicolas/Documents/Projets/panneau solaire/st/solarMonitor/solarMonitor/Drivers/CMSIS/Device/ST/STM32L0xx/Include" -I"C:/Users/Nicolas/Documents/Projets/panneau solaire/st/solarMonitor/solarMonitor/Drivers/CMSIS/Include" -I"C:/Users/Nicolas/Documents/Projets/panneau solaire/st/solarMonitor/solarMonitor/Inc"  -Og -g3 -Wall -fmessage-length=0 -ffunction-sections -c -fmessage-length=0 -MMD -MP -MF"Src/main.d" -MT"Src/main.o" -o "Src/main.o" "../Src/main.c"
Finished building: ../Src/main.c
 
Building file: ../Src/solarMonitor.c
Invoking: MCU GCC Compiler
%cd%
arm-none-eabi-gcc -mcpu=cortex-m0plus -mthumb -mfloat-abi=soft '-D__weak=__attribute__((weak))' '-D__packed=__attribute__((__packed__))' -DUSE_HAL_DRIVER -DSTM32L053xx -I"C:/Users/Nicolas/Documents/Projets/panneau solaire/st/solarMonitor/solarMonitor/Inc" -I"C:/Users/Nicolas/Documents/Projets/panneau solaire/st/solarMonitor/solarMonitor/Drivers/STM32L0xx_HAL_Driver/Inc" -I"C:/Users/Nicolas/Documents/Projets/panneau solaire/st/solarMonitor/solarMonitor/Drivers/STM32L0xx_HAL_Driver/Inc/Legacy" -I"C:/Users/Nicolas/Documents/Projets/panneau solaire/st/solarMonitor/solarMonitor/Drivers/CMSIS/Device/ST/STM32L0xx/Include" -I"C:/Users/Nicolas/Documents/Projets/panneau solaire/st/solarMonitor/solarMonitor/Drivers/CMSIS/Include" -I"C:/Users/Nicolas/Documents/Projets/panneau solaire/st/solarMonitor/solarMonitor/Inc"  -Og -g3 -Wall -fmessage-length=0 -ffunction-sections -c -fmessage-length=0 -MMD -MP -MF"Src/solarMonitor.d" -MT"Src/solarMonitor.o" -o "Src/solarMonitor.o" "../Src/solarMonitor.c"
Finished building: ../Src/solarMonitor.c
 
Building target: solarMonitor.elf
Invoking: MCU GCC Linker
arm-none-eabi-gcc -mcpu=cortex-m0plus -mthumb -mfloat-abi=soft -specs=nosys.specs -specs=nano.specs -T"../STM32L053R8Tx_FLASH.ld" -Wl,-Map=output.map -Wl,--gc-sections -lm -o "solarMonitor.elf" @"objects.list"  
Finished building target: solarMonitor.elf
 
make --no-print-directory post-build
Generating binary and Printing size information:
arm-none-eabi-objcopy -O binary "solarMonitor.elf" "solarMonitor.bin"
arm-none-eabi-size "solarMonitor.elf"
   text	   data	    bss	    dec	    hex	filename
  16096	     12	   5724	  21832	   5548	solarMonitor.elf
 
09:45:01 **** Incremental Build of configuration Debug for project solarMonitor ****
make all 
Building file: ../Src/flash.c
Invoking: MCU GCC Compiler
%cd%
arm-none-eabi-gcc -mcpu=cortex-m0plus -mthumb -mfloat-abi=soft '-D__weak=__attribute__((weak))' '-D__packed=__attribute__((__packed__))' -DUSE_HAL_DRIVER -DSTM32L053xx -I"C:/Users/Nicolas/Documents/Projets/panneau solaire/st/solarMonitor/solarMonitor/Inc" -I"C:/Users/Nicolas/Documents/Projets/panneau solaire/st/solarMonitor/solarMonitor/Drivers/STM32L0xx_HAL_Driver/Inc" -I"C:/Users/Nicolas/Documents/Projets/panneau solaire/st/solarMonitor/solarMonitor/Drivers/STM32L0xx_HAL_Driver/Inc/Legacy" -I"C:/Users/Nicolas/Documents/Projets/panneau solaire/st/solarMonitor/solarMonitor/Drivers/CMSIS/Device/ST/STM32L0xx/Include" -I"C:/Users/Nicolas/Documents/Projets/panneau solaire/st/solarMonitor/solarMonitor/Drivers/CMSIS/Include" -I"C:/Users/Nicolas/Documents/Projets/panneau solaire/st/solarMonitor/solarMonitor/Inc"  -Og -g3 -Wall -fmessage-length=0 -ffunction-sections -c -fmessage-length=0 -MMD -MP -MF"Src/flash.d" -MT"Src/flash.o" -o "Src/flash.o" "../Src/flash.c"
Finished building: ../Src/flash.c
 
Building file: ../Src/main.c
Invoking: MCU GCC Compiler
%cd%
arm-none-eabi-gcc -mcpu=cortex-m0plus -mthumb -mfloat-abi=soft '-D__weak=__attribute__((weak))' '-D__packed=__attribute__((__packed__))' -DUSE_HAL_DRIVER -DSTM32L053xx -I"C:/Users/Nicolas/Documents/Projets/panneau solaire/st/solarMonitor/solarMonitor/Inc" -I"C:/Users/Nicolas/Documents/Projets/panneau solaire/st/solarMonitor/solarMonitor/Drivers/STM32L0xx_HAL_Driver/Inc" -I"C:/Users/Nicolas/Documents/Projets/panneau solaire/st/solarMonitor/solarMonitor/Drivers/STM32L0xx_HAL_Driver/Inc/Legacy" -I"C:/Users/Nicolas/Documents/Projets/panneau solaire/st/solarMonitor/solarMonitor/Drivers/CMSIS/Device/ST/STM32L0xx/Include" -I"C:/Users/Nicolas/Documents/Projets/panneau solaire/st/solarMonitor/solarMonitor/Drivers/CMSIS/Include" -I"C:/Users/Nicolas/Documents/Projets/panneau solaire/st/solarMonitor/solarMonitor/Inc"  -Og -g3 -Wall -fmessage-length=0 -ffunction-sections -c -fmessage-length=0 -MMD -MP -MF"Src/main.d" -MT"Src/main.o" -o "Src/main.o" "../Src/main.c"
Finished building: ../Src/main.c
 
Building file: ../Src/solarMonitor.c
Invoking: MCU GCC Compiler
%cd%
arm-none-eabi-gcc -mcpu=cortex-m0plus -mthumb -mfloat-abi=soft '-D__weak=__attribute__((weak))' '-D__packed=__attribute__((__packed__))' -DUSE_HAL_DRIVER -DSTM32L053xx -I"C:/Users/Nicolas/Documents/Projets/panneau solaire/st/solarMonitor/solarMonitor/Inc" -I"C:/Users/Nicolas/Documents/Projets/panneau solaire/st/solarMonitor/solarMonitor/Drivers/STM32L0xx_HAL_Driver/Inc" -I"C:/Users/Nicolas/Documents/Projets/panneau solaire/st/solarMonitor/solarMonitor/Drivers/STM32L0xx_HAL_Driver/Inc/Legacy" -I"C:/Users/Nicolas/Documents/Projets/panneau solaire/st/solarMonitor/solarMonitor/Drivers/CMSIS/Device/ST/STM32L0xx/Include" -I"C:/Users/Nicolas/Documents/Projets/panneau solaire/st/solarMonitor/solarMonitor/Drivers/CMSIS/Include" -I"C:/Users/Nicolas/Documents/Projets/panneau solaire/st/solarMonitor/solarMonitor/Inc"  -Og -g3 -Wall -fmessage-length=0 -ffunction-sections -c -fmessage-length=0 -MMD -MP -MF"Src/solarMonitor.d" -MT"Src/solarMonitor.o" -o "Src/solarMonitor.o" "../Src/solarMonitor.c"
Finished building: ../Src/solarMonitor.c
 
Building target: solarMonitor.elf
Invoking: MCU GCC Linker
arm-none-eabi-gcc -mcpu=cortex-m0plus -mthumb -mfloat-abi=soft -specs=nosys.specs -specs=nano.specs -T"../STM32L053R8Tx_FLASH.ld" -Wl,-Map=output.map -Wl,--gc-sections -lm -o "solarMonitor.elf" @"objects.list"  
Finished building target: solarMonitor.elf
 
make --no-print-directory post-build
Generating binary and Printing size information:
arm-none-eabi-objcopy -O binary "solarMonitor.elf" "solarMonitor.bin"
arm-none-eabi-size "solarMonitor.elf"
   text	   data	    bss	    dec	    hex	filename
  16144	     12	   5724	  21880	   5578	solarMonitor.elf
 
09:45:28 **** Incremental Build of configuration Debug for project solarMonitor ****
make all 
make: Nothing to be done for `all'.
09:47:29 **** Incremental Build of configuration Debug for project solarMonitor ****
make all 
Building file: ../Src/flash.c
Invoking: MCU GCC Compiler
%cd%
arm-none-eabi-gcc -mcpu=cortex-m0plus -mthumb -mfloat-abi=soft '-D__weak=__attribute__((weak))' '-D__packed=__attribute__((__packed__))' -DUSE_HAL_DRIVER -DSTM32L053xx -I"C:/Users/Nicolas/Documents/Projets/panneau solaire/st/solarMonitor/solarMonitor/Inc" -I"C:/Users/Nicolas/Documents/Projets/panneau solaire/st/solarMonitor/solarMonitor/Drivers/STM32L0xx_HAL_Driver/Inc" -I"C:/Users/Nicolas/Documents/Projets/panneau solaire/st/solarMonitor/solarMonitor/Drivers/STM32L0xx_HAL_Driver/Inc/Legacy" -I"C:/Users/Nicolas/Documents/Projets/panneau solaire/st/solarMonitor/solarMonitor/Drivers/CMSIS/Device/ST/STM32L0xx/Include" -I"C:/Users/Nicolas/Documents/Projets/panneau solaire/st/solarMonitor/solarMonitor/Drivers/CMSIS/Include" -I"C:/Users/Nicolas/Documents/Projets/panneau solaire/st/solarMonitor/solarMonitor/Inc"  -Og -g3 -Wall -fmessage-length=0 -ffunction-sections -c -fmessage-length=0 -MMD -MP -MF"Src/flash.d" -MT"Src/flash.o" -o "Src/flash.o" "../Src/flash.c"
Finished building: ../Src/flash.c
 
Building target: solarMonitor.elf
Invoking: MCU GCC Linker
arm-none-eabi-gcc -mcpu=cortex-m0plus -mthumb -mfloat-abi=soft -specs=nosys.specs -specs=nano.specs -T"../STM32L053R8Tx_FLASH.ld" -Wl,-Map=output.map -Wl,--gc-sections -lm -o "solarMonitor.elf" @"objects.list"  
Finished building target: solarMonitor.elf
 
make --no-print-directory post-build
Generating binary and Printing size information:
arm-none-eabi-objcopy -O binary "solarMonitor.elf" "solarMonitor.bin"
arm-none-eabi-size "solarMonitor.elf"
   text	   data	    bss	    dec	    hex	filename
  16144	     12	   5724	  21880	   5578	solarMonitor.elf
 
09:48:47 **** Incremental Build of configuration Debug for project solarMonitor ****
make all 
Building file: ../Src/flash.c
Invoking: MCU GCC Compiler
%cd%
arm-none-eabi-gcc -mcpu=cortex-m0plus -mthumb -mfloat-abi=soft '-D__weak=__attribute__((weak))' '-D__packed=__attribute__((__packed__))' -DUSE_HAL_DRIVER -DSTM32L053xx -I"C:/Users/Nicolas/Documents/Projets/panneau solaire/st/solarMonitor/solarMonitor/Inc" -I"C:/Users/Nicolas/Documents/Projets/panneau solaire/st/solarMonitor/solarMonitor/Drivers/STM32L0xx_HAL_Driver/Inc" -I"C:/Users/Nicolas/Documents/Projets/panneau solaire/st/solarMonitor/solarMonitor/Drivers/STM32L0xx_HAL_Driver/Inc/Legacy" -I"C:/Users/Nicolas/Documents/Projets/panneau solaire/st/solarMonitor/solarMonitor/Drivers/CMSIS/Device/ST/STM32L0xx/Include" -I"C:/Users/Nicolas/Documents/Projets/panneau solaire/st/solarMonitor/solarMonitor/Drivers/CMSIS/Include" -I"C:/Users/Nicolas/Documents/Projets/panneau solaire/st/solarMonitor/solarMonitor/Inc"  -Og -g3 -Wall -fmessage-length=0 -ffunction-sections -c -fmessage-length=0 -MMD -MP -MF"Src/flash.d" -MT"Src/flash.o" -o "Src/flash.o" "../Src/flash.c"
../Src/flash.c: In function 'flash_readBlockProtection':
../Src/flash.c:143:10: warning: variable 'i' set but not used [-Wunused-but-set-variable]
  uint8_t i;
          ^
Finished building: ../Src/flash.c
 
Building target: solarMonitor.elf
Invoking: MCU GCC Linker
arm-none-eabi-gcc -mcpu=cortex-m0plus -mthumb -mfloat-abi=soft -specs=nosys.specs -specs=nano.specs -T"../STM32L053R8Tx_FLASH.ld" -Wl,-Map=output.map -Wl,--gc-sections -lm -o "solarMonitor.elf" @"objects.list"  
Finished building target: solarMonitor.elf
 
make --no-print-directory post-build
Generating binary and Printing size information:
arm-none-eabi-objcopy -O binary "solarMonitor.elf" "solarMonitor.bin"
arm-none-eabi-size "solarMonitor.elf"
   text	   data	    bss	    dec	    hex	filename
  16160	     12	   5724	  21896	   5588	solarMonitor.elf
 
09:49:02 **** Incremental Build of configuration Debug for project solarMonitor ****
make all 
make: Nothing to be done for `all'.
09:57:18 **** Incremental Build of configuration Debug for project solarMonitor ****
make all 
Building file: ../Src/flash.c
Invoking: MCU GCC Compiler
%cd%
arm-none-eabi-gcc -mcpu=cortex-m0plus -mthumb -mfloat-abi=soft '-D__weak=__attribute__((weak))' '-D__packed=__attribute__((__packed__))' -DUSE_HAL_DRIVER -DSTM32L053xx -I"C:/Users/Nicolas/Documents/Projets/panneau solaire/st/solarMonitor/solarMonitor/Inc" -I"C:/Users/Nicolas/Documents/Projets/panneau solaire/st/solarMonitor/solarMonitor/Drivers/STM32L0xx_HAL_Driver/Inc" -I"C:/Users/Nicolas/Documents/Projets/panneau solaire/st/solarMonitor/solarMonitor/Drivers/STM32L0xx_HAL_Driver/Inc/Legacy" -I"C:/Users/Nicolas/Documents/Projets/panneau solaire/st/solarMonitor/solarMonitor/Drivers/CMSIS/Device/ST/STM32L0xx/Include" -I"C:/Users/Nicolas/Documents/Projets/panneau solaire/st/solarMonitor/solarMonitor/Drivers/CMSIS/Include" -I"C:/Users/Nicolas/Documents/Projets/panneau solaire/st/solarMonitor/solarMonitor/Inc"  -Og -g3 -Wall -fmessage-length=0 -ffunction-sections -c -fmessage-length=0 -MMD -MP -MF"Src/flash.d" -MT"Src/flash.o" -o "Src/flash.o" "../Src/flash.c"
Finished building: ../Src/flash.c
 
Building file: ../Src/main.c
Invoking: MCU GCC Compiler
%cd%
arm-none-eabi-gcc -mcpu=cortex-m0plus -mthumb -mfloat-abi=soft '-D__weak=__attribute__((weak))' '-D__packed=__attribute__((__packed__))' -DUSE_HAL_DRIVER -DSTM32L053xx -I"C:/Users/Nicolas/Documents/Projets/panneau solaire/st/solarMonitor/solarMonitor/Inc" -I"C:/Users/Nicolas/Documents/Projets/panneau solaire/st/solarMonitor/solarMonitor/Drivers/STM32L0xx_HAL_Driver/Inc" -I"C:/Users/Nicolas/Documents/Projets/panneau solaire/st/solarMonitor/solarMonitor/Drivers/STM32L0xx_HAL_Driver/Inc/Legacy" -I"C:/Users/Nicolas/Documents/Projets/panneau solaire/st/solarMonitor/solarMonitor/Drivers/CMSIS/Device/ST/STM32L0xx/Include" -I"C:/Users/Nicolas/Documents/Projets/panneau solaire/st/solarMonitor/solarMonitor/Drivers/CMSIS/Include" -I"C:/Users/Nicolas/Documents/Projets/panneau solaire/st/solarMonitor/solarMonitor/Inc"  -Og -g3 -Wall -fmessage-length=0 -ffunction-sections -c -fmessage-length=0 -MMD -MP -MF"Src/main.d" -MT"Src/main.o" -o "Src/main.o" "../Src/main.c"
Finished building: ../Src/main.c
 
Building file: ../Src/solarMonitor.c
Invoking: MCU GCC Compiler
%cd%
arm-none-eabi-gcc -mcpu=cortex-m0plus -mthumb -mfloat-abi=soft '-D__weak=__attribute__((weak))' '-D__packed=__attribute__((__packed__))' -DUSE_HAL_DRIVER -DSTM32L053xx -I"C:/Users/Nicolas/Documents/Projets/panneau solaire/st/solarMonitor/solarMonitor/Inc" -I"C:/Users/Nicolas/Documents/Projets/panneau solaire/st/solarMonitor/solarMonitor/Drivers/STM32L0xx_HAL_Driver/Inc" -I"C:/Users/Nicolas/Documents/Projets/panneau solaire/st/solarMonitor/solarMonitor/Drivers/STM32L0xx_HAL_Driver/Inc/Legacy" -I"C:/Users/Nicolas/Documents/Projets/panneau solaire/st/solarMonitor/solarMonitor/Drivers/CMSIS/Device/ST/STM32L0xx/Include" -I"C:/Users/Nicolas/Documents/Projets/panneau solaire/st/solarMonitor/solarMonitor/Drivers/CMSIS/Include" -I"C:/Users/Nicolas/Documents/Projets/panneau solaire/st/solarMonitor/solarMonitor/Inc"  -Og -g3 -Wall -fmessage-length=0 -ffunction-sections -c -fmessage-length=0 -MMD -MP -MF"Src/solarMonitor.d" -MT"Src/solarMonitor.o" -o "Src/solarMonitor.o" "../Src/solarMonitor.c"
Finished building: ../Src/solarMonitor.c
 
Building target: solarMonitor.elf
Invoking: MCU GCC Linker
arm-none-eabi-gcc -mcpu=cortex-m0plus -mthumb -mfloat-abi=soft -specs=nosys.specs -specs=nano.specs -T"../STM32L053R8Tx_FLASH.ld" -Wl,-Map=output.map -Wl,--gc-sections -lm -o "solarMonitor.elf" @"objects.list"  
Finished building target: solarMonitor.elf
 
make --no-print-directory post-build
Generating binary and Printing size information:
arm-none-eabi-objcopy -O binary "solarMonitor.elf" "solarMonitor.bin"
arm-none-eabi-size "solarMonitor.elf"
   text	   data	    bss	    dec	    hex	filename
  16208	     12	   5724	  21944	   55b8	solarMonitor.elf
 
09:58:26 **** Incremental Build of configuration Debug for project solarMonitor ****
make all 
Building file: ../Src/main.c
Invoking: MCU GCC Compiler
%cd%
arm-none-eabi-gcc -mcpu=cortex-m0plus -mthumb -mfloat-abi=soft '-D__weak=__attribute__((weak))' '-D__packed=__attribute__((__packed__))' -DUSE_HAL_DRIVER -DSTM32L053xx -I"C:/Users/Nicolas/Documents/Projets/panneau solaire/st/solarMonitor/solarMonitor/Inc" -I"C:/Users/Nicolas/Documents/Projets/panneau solaire/st/solarMonitor/solarMonitor/Drivers/STM32L0xx_HAL_Driver/Inc" -I"C:/Users/Nicolas/Documents/Projets/panneau solaire/st/solarMonitor/solarMonitor/Drivers/STM32L0xx_HAL_Driver/Inc/Legacy" -I"C:/Users/Nicolas/Documents/Projets/panneau solaire/st/solarMonitor/solarMonitor/Drivers/CMSIS/Device/ST/STM32L0xx/Include" -I"C:/Users/Nicolas/Documents/Projets/panneau solaire/st/solarMonitor/solarMonitor/Drivers/CMSIS/Include" -I"C:/Users/Nicolas/Documents/Projets/panneau solaire/st/solarMonitor/solarMonitor/Inc"  -Og -g3 -Wall -fmessage-length=0 -ffunction-sections -c -fmessage-length=0 -MMD -MP -MF"Src/main.d" -MT"Src/main.o" -o "Src/main.o" "../Src/main.c"
Finished building: ../Src/main.c
 
Building target: solarMonitor.elf
Invoking: MCU GCC Linker
arm-none-eabi-gcc -mcpu=cortex-m0plus -mthumb -mfloat-abi=soft -specs=nosys.specs -specs=nano.specs -T"../STM32L053R8Tx_FLASH.ld" -Wl,-Map=output.map -Wl,--gc-sections -lm -o "solarMonitor.elf" @"objects.list"  
Finished building target: solarMonitor.elf
 
make --no-print-directory post-build
Generating binary and Printing size information:
arm-none-eabi-objcopy -O binary "solarMonitor.elf" "solarMonitor.bin"
arm-none-eabi-size "solarMonitor.elf"
   text	   data	    bss	    dec	    hex	filename
  16208	     12	   5724	  21944	   55b8	solarMonitor.elf
 
09:58:43 **** Incremental Build of configuration Debug for project solarMonitor ****
make all 
make: Nothing to be done for `all'.
10:00:27 **** Incremental Build of configuration Debug for project solarMonitor ****
make all 
Building file: ../Src/main.c
Invoking: MCU GCC Compiler
%cd%
arm-none-eabi-gcc -mcpu=cortex-m0plus -mthumb -mfloat-abi=soft '-D__weak=__attribute__((weak))' '-D__packed=__attribute__((__packed__))' -DUSE_HAL_DRIVER -DSTM32L053xx -I"C:/Users/Nicolas/Documents/Projets/panneau solaire/st/solarMonitor/solarMonitor/Inc" -I"C:/Users/Nicolas/Documents/Projets/panneau solaire/st/solarMonitor/solarMonitor/Drivers/STM32L0xx_HAL_Driver/Inc" -I"C:/Users/Nicolas/Documents/Projets/panneau solaire/st/solarMonitor/solarMonitor/Drivers/STM32L0xx_HAL_Driver/Inc/Legacy" -I"C:/Users/Nicolas/Documents/Projets/panneau solaire/st/solarMonitor/solarMonitor/Drivers/CMSIS/Device/ST/STM32L0xx/Include" -I"C:/Users/Nicolas/Documents/Projets/panneau solaire/st/solarMonitor/solarMonitor/Drivers/CMSIS/Include" -I"C:/Users/Nicolas/Documents/Projets/panneau solaire/st/solarMonitor/solarMonitor/Inc"  -Og -g3 -Wall -fmessage-length=0 -ffunction-sections -c -fmessage-length=0 -MMD -MP -MF"Src/main.d" -MT"Src/main.o" -o "Src/main.o" "../Src/main.c"
Finished building: ../Src/main.c
 
Building target: solarMonitor.elf
Invoking: MCU GCC Linker
arm-none-eabi-gcc -mcpu=cortex-m0plus -mthumb -mfloat-abi=soft -specs=nosys.specs -specs=nano.specs -T"../STM32L053R8Tx_FLASH.ld" -Wl,-Map=output.map -Wl,--gc-sections -lm -o "solarMonitor.elf" @"objects.list"  
Finished building target: solarMonitor.elf
 
make --no-print-directory post-build
Generating binary and Printing size information:
arm-none-eabi-objcopy -O binary "solarMonitor.elf" "solarMonitor.bin"
arm-none-eabi-size "solarMonitor.elf"
   text	   data	    bss	    dec	    hex	filename
  16216	     12	   5724	  21952	   55c0	solarMonitor.elf
 
10:01:13 **** Incremental Build of configuration Debug for project solarMonitor ****
make all 
Building file: ../Src/main.c
Invoking: MCU GCC Compiler
%cd%
arm-none-eabi-gcc -mcpu=cortex-m0plus -mthumb -mfloat-abi=soft '-D__weak=__attribute__((weak))' '-D__packed=__attribute__((__packed__))' -DUSE_HAL_DRIVER -DSTM32L053xx -I"C:/Users/Nicolas/Documents/Projets/panneau solaire/st/solarMonitor/solarMonitor/Inc" -I"C:/Users/Nicolas/Documents/Projets/panneau solaire/st/solarMonitor/solarMonitor/Drivers/STM32L0xx_HAL_Driver/Inc" -I"C:/Users/Nicolas/Documents/Projets/panneau solaire/st/solarMonitor/solarMonitor/Drivers/STM32L0xx_HAL_Driver/Inc/Legacy" -I"C:/Users/Nicolas/Documents/Projets/panneau solaire/st/solarMonitor/solarMonitor/Drivers/CMSIS/Device/ST/STM32L0xx/Include" -I"C:/Users/Nicolas/Documents/Projets/panneau solaire/st/solarMonitor/solarMonitor/Drivers/CMSIS/Include" -I"C:/Users/Nicolas/Documents/Projets/panneau solaire/st/solarMonitor/solarMonitor/Inc"  -Og -g3 -Wall -fmessage-length=0 -ffunction-sections -c -fmessage-length=0 -MMD -MP -MF"Src/main.d" -MT"Src/main.o" -o "Src/main.o" "../Src/main.c"
Finished building: ../Src/main.c
 
Building target: solarMonitor.elf
Invoking: MCU GCC Linker
arm-none-eabi-gcc -mcpu=cortex-m0plus -mthumb -mfloat-abi=soft -specs=nosys.specs -specs=nano.specs -T"../STM32L053R8Tx_FLASH.ld" -Wl,-Map=output.map -Wl,--gc-sections -lm -o "solarMonitor.elf" @"objects.list"  
Finished building target: solarMonitor.elf
 
make --no-print-directory post-build
Generating binary and Printing size information:
arm-none-eabi-objcopy -O binary "solarMonitor.elf" "solarMonitor.bin"
arm-none-eabi-size "solarMonitor.elf"
   text	   data	    bss	    dec	    hex	filename
  16140	     12	   5724	  21876	   5574	solarMonitor.elf
 
10:01:39 **** Incremental Build of configuration Debug for project solarMonitor ****
make all 
Building file: ../Src/main.c
Invoking: MCU GCC Compiler
%cd%
arm-none-eabi-gcc -mcpu=cortex-m0plus -mthumb -mfloat-abi=soft '-D__weak=__attribute__((weak))' '-D__packed=__attribute__((__packed__))' -DUSE_HAL_DRIVER -DSTM32L053xx -I"C:/Users/Nicolas/Documents/Projets/panneau solaire/st/solarMonitor/solarMonitor/Inc" -I"C:/Users/Nicolas/Documents/Projets/panneau solaire/st/solarMonitor/solarMonitor/Drivers/STM32L0xx_HAL_Driver/Inc" -I"C:/Users/Nicolas/Documents/Projets/panneau solaire/st/solarMonitor/solarMonitor/Drivers/STM32L0xx_HAL_Driver/Inc/Legacy" -I"C:/Users/Nicolas/Documents/Projets/panneau solaire/st/solarMonitor/solarMonitor/Drivers/CMSIS/Device/ST/STM32L0xx/Include" -I"C:/Users/Nicolas/Documents/Projets/panneau solaire/st/solarMonitor/solarMonitor/Drivers/CMSIS/Include" -I"C:/Users/Nicolas/Documents/Projets/panneau solaire/st/solarMonitor/solarMonitor/Inc"  -Og -g3 -Wall -fmessage-length=0 -ffunction-sections -c -fmessage-length=0 -MMD -MP -MF"Src/main.d" -MT"Src/main.o" -o "Src/main.o" "../Src/main.c"
Finished building: ../Src/main.c
 
Building target: solarMonitor.elf
Invoking: MCU GCC Linker
arm-none-eabi-gcc -mcpu=cortex-m0plus -mthumb -mfloat-abi=soft -specs=nosys.specs -specs=nano.specs -T"../STM32L053R8Tx_FLASH.ld" -Wl,-Map=output.map -Wl,--gc-sections -lm -o "solarMonitor.elf" @"objects.list"  
Finished building target: solarMonitor.elf
 
make --no-print-directory post-build
Generating binary and Printing size information:
arm-none-eabi-objcopy -O binary "solarMonitor.elf" "solarMonitor.bin"
arm-none-eabi-size "solarMonitor.elf"
   text	   data	    bss	    dec	    hex	filename
  16220	     12	   5724	  21956	   55c4	solarMonitor.elf
 
10:04:14 **** Incremental Build of configuration Debug for project solarMonitor ****
make all 
Building file: ../Src/flash.c
Invoking: MCU GCC Compiler
%cd%
arm-none-eabi-gcc -mcpu=cortex-m0plus -mthumb -mfloat-abi=soft '-D__weak=__attribute__((weak))' '-D__packed=__attribute__((__packed__))' -DUSE_HAL_DRIVER -DSTM32L053xx -I"C:/Users/Nicolas/Documents/Projets/panneau solaire/st/solarMonitor/solarMonitor/Inc" -I"C:/Users/Nicolas/Documents/Projets/panneau solaire/st/solarMonitor/solarMonitor/Drivers/STM32L0xx_HAL_Driver/Inc" -I"C:/Users/Nicolas/Documents/Projets/panneau solaire/st/solarMonitor/solarMonitor/Drivers/STM32L0xx_HAL_Driver/Inc/Legacy" -I"C:/Users/Nicolas/Documents/Projets/panneau solaire/st/solarMonitor/solarMonitor/Drivers/CMSIS/Device/ST/STM32L0xx/Include" -I"C:/Users/Nicolas/Documents/Projets/panneau solaire/st/solarMonitor/solarMonitor/Drivers/CMSIS/Include" -I"C:/Users/Nicolas/Documents/Projets/panneau solaire/st/solarMonitor/solarMonitor/Inc"  -Og -g3 -Wall -fmessage-length=0 -ffunction-sections -c -fmessage-length=0 -MMD -MP -MF"Src/flash.d" -MT"Src/flash.o" -o "Src/flash.o" "../Src/flash.c"
Finished building: ../Src/flash.c
 
Building file: ../Src/main.c
Invoking: MCU GCC Compiler
%cd%
arm-none-eabi-gcc -mcpu=cortex-m0plus -mthumb -mfloat-abi=soft '-D__weak=__attribute__((weak))' '-D__packed=__attribute__((__packed__))' -DUSE_HAL_DRIVER -DSTM32L053xx -I"C:/Users/Nicolas/Documents/Projets/panneau solaire/st/solarMonitor/solarMonitor/Inc" -I"C:/Users/Nicolas/Documents/Projets/panneau solaire/st/solarMonitor/solarMonitor/Drivers/STM32L0xx_HAL_Driver/Inc" -I"C:/Users/Nicolas/Documents/Projets/panneau solaire/st/solarMonitor/solarMonitor/Drivers/STM32L0xx_HAL_Driver/Inc/Legacy" -I"C:/Users/Nicolas/Documents/Projets/panneau solaire/st/solarMonitor/solarMonitor/Drivers/CMSIS/Device/ST/STM32L0xx/Include" -I"C:/Users/Nicolas/Documents/Projets/panneau solaire/st/solarMonitor/solarMonitor/Drivers/CMSIS/Include" -I"C:/Users/Nicolas/Documents/Projets/panneau solaire/st/solarMonitor/solarMonitor/Inc"  -Og -g3 -Wall -fmessage-length=0 -ffunction-sections -c -fmessage-length=0 -MMD -MP -MF"Src/main.d" -MT"Src/main.o" -o "Src/main.o" "../Src/main.c"
Finished building: ../Src/main.c
 
Building target: solarMonitor.elf
Invoking: MCU GCC Linker
arm-none-eabi-gcc -mcpu=cortex-m0plus -mthumb -mfloat-abi=soft -specs=nosys.specs -specs=nano.specs -T"../STM32L053R8Tx_FLASH.ld" -Wl,-Map=output.map -Wl,--gc-sections -lm -o "solarMonitor.elf" @"objects.list"  
Finished building target: solarMonitor.elf
 
make --no-print-directory post-build
Generating binary and Printing size information:
arm-none-eabi-objcopy -O binary "solarMonitor.elf" "solarMonitor.bin"
arm-none-eabi-size "solarMonitor.elf"
   text	   data	    bss	    dec	    hex	filename
  16224	     12	   5724	  21960	   55c8	solarMonitor.elf
 
10:07:38 **** Incremental Build of configuration Debug for project solarMonitor ****
make all 
Building file: ../Src/main.c
Invoking: MCU GCC Compiler
%cd%
arm-none-eabi-gcc -mcpu=cortex-m0plus -mthumb -mfloat-abi=soft '-D__weak=__attribute__((weak))' '-D__packed=__attribute__((__packed__))' -DUSE_HAL_DRIVER -DSTM32L053xx -I"C:/Users/Nicolas/Documents/Projets/panneau solaire/st/solarMonitor/solarMonitor/Inc" -I"C:/Users/Nicolas/Documents/Projets/panneau solaire/st/solarMonitor/solarMonitor/Drivers/STM32L0xx_HAL_Driver/Inc" -I"C:/Users/Nicolas/Documents/Projets/panneau solaire/st/solarMonitor/solarMonitor/Drivers/STM32L0xx_HAL_Driver/Inc/Legacy" -I"C:/Users/Nicolas/Documents/Projets/panneau solaire/st/solarMonitor/solarMonitor/Drivers/CMSIS/Device/ST/STM32L0xx/Include" -I"C:/Users/Nicolas/Documents/Projets/panneau solaire/st/solarMonitor/solarMonitor/Drivers/CMSIS/Include" -I"C:/Users/Nicolas/Documents/Projets/panneau solaire/st/solarMonitor/solarMonitor/Inc"  -Og -g3 -Wall -fmessage-length=0 -ffunction-sections -c -fmessage-length=0 -MMD -MP -MF"Src/main.d" -MT"Src/main.o" -o "Src/main.o" "../Src/main.c"
Finished building: ../Src/main.c
 
Building target: solarMonitor.elf
Invoking: MCU GCC Linker
arm-none-eabi-gcc -mcpu=cortex-m0plus -mthumb -mfloat-abi=soft -specs=nosys.specs -specs=nano.specs -T"../STM32L053R8Tx_FLASH.ld" -Wl,-Map=output.map -Wl,--gc-sections -lm -o "solarMonitor.elf" @"objects.list"  
Finished building target: solarMonitor.elf
 
make --no-print-directory post-build
Generating binary and Printing size information:
arm-none-eabi-objcopy -O binary "solarMonitor.elf" "solarMonitor.bin"
arm-none-eabi-size "solarMonitor.elf"
   text	   data	    bss	    dec	    hex	filename
  16004	     12	   5724	  21740	   54ec	solarMonitor.elf
 
10:08:10 **** Incremental Build of configuration Debug for project solarMonitor ****
make all 
Building file: ../Src/main.c
Invoking: MCU GCC Compiler
%cd%
arm-none-eabi-gcc -mcpu=cortex-m0plus -mthumb -mfloat-abi=soft '-D__weak=__attribute__((weak))' '-D__packed=__attribute__((__packed__))' -DUSE_HAL_DRIVER -DSTM32L053xx -I"C:/Users/Nicolas/Documents/Projets/panneau solaire/st/solarMonitor/solarMonitor/Inc" -I"C:/Users/Nicolas/Documents/Projets/panneau solaire/st/solarMonitor/solarMonitor/Drivers/STM32L0xx_HAL_Driver/Inc" -I"C:/Users/Nicolas/Documents/Projets/panneau solaire/st/solarMonitor/solarMonitor/Drivers/STM32L0xx_HAL_Driver/Inc/Legacy" -I"C:/Users/Nicolas/Documents/Projets/panneau solaire/st/solarMonitor/solarMonitor/Drivers/CMSIS/Device/ST/STM32L0xx/Include" -I"C:/Users/Nicolas/Documents/Projets/panneau solaire/st/solarMonitor/solarMonitor/Drivers/CMSIS/Include" -I"C:/Users/Nicolas/Documents/Projets/panneau solaire/st/solarMonitor/solarMonitor/Inc"  -Og -g3 -Wall -fmessage-length=0 -ffunction-sections -c -fmessage-length=0 -MMD -MP -MF"Src/main.d" -MT"Src/main.o" -o "Src/main.o" "../Src/main.c"
Finished building: ../Src/main.c
 
Building target: solarMonitor.elf
Invoking: MCU GCC Linker
arm-none-eabi-gcc -mcpu=cortex-m0plus -mthumb -mfloat-abi=soft -specs=nosys.specs -specs=nano.specs -T"../STM32L053R8Tx_FLASH.ld" -Wl,-Map=output.map -Wl,--gc-sections -lm -o "solarMonitor.elf" @"objects.list"  
Finished building target: solarMonitor.elf
 
make --no-print-directory post-build
Generating binary and Printing size information:
arm-none-eabi-objcopy -O binary "solarMonitor.elf" "solarMonitor.bin"
arm-none-eabi-size "solarMonitor.elf"
   text	   data	    bss	    dec	    hex	filename
  15932	     12	   5724	  21668	   54a4	solarMonitor.elf
 
10:08:26 **** Incremental Build of configuration Debug for project solarMonitor ****
make all 
make: Nothing to be done for `all'.
10:09:24 **** Incremental Build of configuration Debug for project solarMonitor ****
make all 
make: Nothing to be done for `all'.
10:09:59 **** Incremental Build of configuration Debug for project solarMonitor ****
make all 
Building file: ../Src/main.c
Invoking: MCU GCC Compiler
%cd%
arm-none-eabi-gcc -mcpu=cortex-m0plus -mthumb -mfloat-abi=soft '-D__weak=__attribute__((weak))' '-D__packed=__attribute__((__packed__))' -DUSE_HAL_DRIVER -DSTM32L053xx -I"C:/Users/Nicolas/Documents/Projets/panneau solaire/st/solarMonitor/solarMonitor/Inc" -I"C:/Users/Nicolas/Documents/Projets/panneau solaire/st/solarMonitor/solarMonitor/Drivers/STM32L0xx_HAL_Driver/Inc" -I"C:/Users/Nicolas/Documents/Projets/panneau solaire/st/solarMonitor/solarMonitor/Drivers/STM32L0xx_HAL_Driver/Inc/Legacy" -I"C:/Users/Nicolas/Documents/Projets/panneau solaire/st/solarMonitor/solarMonitor/Drivers/CMSIS/Device/ST/STM32L0xx/Include" -I"C:/Users/Nicolas/Documents/Projets/panneau solaire/st/solarMonitor/solarMonitor/Drivers/CMSIS/Include" -I"C:/Users/Nicolas/Documents/Projets/panneau solaire/st/solarMonitor/solarMonitor/Inc"  -Og -g3 -Wall -fmessage-length=0 -ffunction-sections -c -fmessage-length=0 -MMD -MP -MF"Src/main.d" -MT"Src/main.o" -o "Src/main.o" "../Src/main.c"
Finished building: ../Src/main.c
 
Building target: solarMonitor.elf
Invoking: MCU GCC Linker
arm-none-eabi-gcc -mcpu=cortex-m0plus -mthumb -mfloat-abi=soft -specs=nosys.specs -specs=nano.specs -T"../STM32L053R8Tx_FLASH.ld" -Wl,-Map=output.map -Wl,--gc-sections -lm -o "solarMonitor.elf" @"objects.list"  
Finished building target: solarMonitor.elf
 
make --no-print-directory post-build
Generating binary and Printing size information:
arm-none-eabi-objcopy -O binary "solarMonitor.elf" "solarMonitor.bin"
arm-none-eabi-size "solarMonitor.elf"
   text	   data	    bss	    dec	    hex	filename
  15928	     12	   5724	  21664	   54a0	solarMonitor.elf
 
10:10:22 **** Incremental Build of configuration Debug for project solarMonitor ****
make all 
Building file: ../Src/main.c
Invoking: MCU GCC Compiler
%cd%
arm-none-eabi-gcc -mcpu=cortex-m0plus -mthumb -mfloat-abi=soft '-D__weak=__attribute__((weak))' '-D__packed=__attribute__((__packed__))' -DUSE_HAL_DRIVER -DSTM32L053xx -I"C:/Users/Nicolas/Documents/Projets/panneau solaire/st/solarMonitor/solarMonitor/Inc" -I"C:/Users/Nicolas/Documents/Projets/panneau solaire/st/solarMonitor/solarMonitor/Drivers/STM32L0xx_HAL_Driver/Inc" -I"C:/Users/Nicolas/Documents/Projets/panneau solaire/st/solarMonitor/solarMonitor/Drivers/STM32L0xx_HAL_Driver/Inc/Legacy" -I"C:/Users/Nicolas/Documents/Projets/panneau solaire/st/solarMonitor/solarMonitor/Drivers/CMSIS/Device/ST/STM32L0xx/Include" -I"C:/Users/Nicolas/Documents/Projets/panneau solaire/st/solarMonitor/solarMonitor/Drivers/CMSIS/Include" -I"C:/Users/Nicolas/Documents/Projets/panneau solaire/st/solarMonitor/solarMonitor/Inc"  -Og -g3 -Wall -fmessage-length=0 -ffunction-sections -c -fmessage-length=0 -MMD -MP -MF"Src/main.d" -MT"Src/main.o" -o "Src/main.o" "../Src/main.c"
Finished building: ../Src/main.c
 
Building target: solarMonitor.elf
Invoking: MCU GCC Linker
arm-none-eabi-gcc -mcpu=cortex-m0plus -mthumb -mfloat-abi=soft -specs=nosys.specs -specs=nano.specs -T"../STM32L053R8Tx_FLASH.ld" -Wl,-Map=output.map -Wl,--gc-sections -lm -o "solarMonitor.elf" @"objects.list"  
Finished building target: solarMonitor.elf
 
make --no-print-directory post-build
Generating binary and Printing size information:
arm-none-eabi-objcopy -O binary "solarMonitor.elf" "solarMonitor.bin"
arm-none-eabi-size "solarMonitor.elf"
   text	   data	    bss	    dec	    hex	filename
  16008	     12	   5724	  21744	   54f0	solarMonitor.elf
 
10:12:30 **** Incremental Build of configuration Debug for project solarMonitor ****
make all 
Building file: ../Src/flash.c
Invoking: MCU GCC Compiler
%cd%
arm-none-eabi-gcc -mcpu=cortex-m0plus -mthumb -mfloat-abi=soft '-D__weak=__attribute__((weak))' '-D__packed=__attribute__((__packed__))' -DUSE_HAL_DRIVER -DSTM32L053xx -I"C:/Users/Nicolas/Documents/Projets/panneau solaire/st/solarMonitor/solarMonitor/Inc" -I"C:/Users/Nicolas/Documents/Projets/panneau solaire/st/solarMonitor/solarMonitor/Drivers/STM32L0xx_HAL_Driver/Inc" -I"C:/Users/Nicolas/Documents/Projets/panneau solaire/st/solarMonitor/solarMonitor/Drivers/STM32L0xx_HAL_Driver/Inc/Legacy" -I"C:/Users/Nicolas/Documents/Projets/panneau solaire/st/solarMonitor/solarMonitor/Drivers/CMSIS/Device/ST/STM32L0xx/Include" -I"C:/Users/Nicolas/Documents/Projets/panneau solaire/st/solarMonitor/solarMonitor/Drivers/CMSIS/Include" -I"C:/Users/Nicolas/Documents/Projets/panneau solaire/st/solarMonitor/solarMonitor/Inc"  -Og -g3 -Wall -fmessage-length=0 -ffunction-sections -c -fmessage-length=0 -MMD -MP -MF"Src/flash.d" -MT"Src/flash.o" -o "Src/flash.o" "../Src/flash.c"
Finished building: ../Src/flash.c
 
Building target: solarMonitor.elf
Invoking: MCU GCC Linker
arm-none-eabi-gcc -mcpu=cortex-m0plus -mthumb -mfloat-abi=soft -specs=nosys.specs -specs=nano.specs -T"../STM32L053R8Tx_FLASH.ld" -Wl,-Map=output.map -Wl,--gc-sections -lm -o "solarMonitor.elf" @"objects.list"  
Finished building target: solarMonitor.elf
 
make --no-print-directory post-build
Generating binary and Printing size information:
arm-none-eabi-objcopy -O binary "solarMonitor.elf" "solarMonitor.bin"
arm-none-eabi-size "solarMonitor.elf"
   text	   data	    bss	    dec	    hex	filename
  16008	     12	   5724	  21744	   54f0	solarMonitor.elf
 
10:13:07 **** Incremental Build of configuration Debug for project solarMonitor ****
make all 
Building file: ../Src/main.c
Invoking: MCU GCC Compiler
%cd%
arm-none-eabi-gcc -mcpu=cortex-m0plus -mthumb -mfloat-abi=soft '-D__weak=__attribute__((weak))' '-D__packed=__attribute__((__packed__))' -DUSE_HAL_DRIVER -DSTM32L053xx -I"C:/Users/Nicolas/Documents/Projets/panneau solaire/st/solarMonitor/solarMonitor/Inc" -I"C:/Users/Nicolas/Documents/Projets/panneau solaire/st/solarMonitor/solarMonitor/Drivers/STM32L0xx_HAL_Driver/Inc" -I"C:/Users/Nicolas/Documents/Projets/panneau solaire/st/solarMonitor/solarMonitor/Drivers/STM32L0xx_HAL_Driver/Inc/Legacy" -I"C:/Users/Nicolas/Documents/Projets/panneau solaire/st/solarMonitor/solarMonitor/Drivers/CMSIS/Device/ST/STM32L0xx/Include" -I"C:/Users/Nicolas/Documents/Projets/panneau solaire/st/solarMonitor/solarMonitor/Drivers/CMSIS/Include" -I"C:/Users/Nicolas/Documents/Projets/panneau solaire/st/solarMonitor/solarMonitor/Inc"  -Og -g3 -Wall -fmessage-length=0 -ffunction-sections -c -fmessage-length=0 -MMD -MP -MF"Src/main.d" -MT"Src/main.o" -o "Src/main.o" "../Src/main.c"
Finished building: ../Src/main.c
 
Building target: solarMonitor.elf
Invoking: MCU GCC Linker
arm-none-eabi-gcc -mcpu=cortex-m0plus -mthumb -mfloat-abi=soft -specs=nosys.specs -specs=nano.specs -T"../STM32L053R8Tx_FLASH.ld" -Wl,-Map=output.map -Wl,--gc-sections -lm -o "solarMonitor.elf" @"objects.list"  
Finished building target: solarMonitor.elf
 
make --no-print-directory post-build
Generating binary and Printing size information:
arm-none-eabi-objcopy -O binary "solarMonitor.elf" "solarMonitor.bin"
arm-none-eabi-size "solarMonitor.elf"
   text	   data	    bss	    dec	    hex	filename
  16016	     12	   5724	  21752	   54f8	solarMonitor.elf
 
10:14:02 **** Incremental Build of configuration Debug for project solarMonitor ****
make all 
Building file: ../Src/flash.c
Invoking: MCU GCC Compiler
%cd%
arm-none-eabi-gcc -mcpu=cortex-m0plus -mthumb -mfloat-abi=soft '-D__weak=__attribute__((weak))' '-D__packed=__attribute__((__packed__))' -DUSE_HAL_DRIVER -DSTM32L053xx -I"C:/Users/Nicolas/Documents/Projets/panneau solaire/st/solarMonitor/solarMonitor/Inc" -I"C:/Users/Nicolas/Documents/Projets/panneau solaire/st/solarMonitor/solarMonitor/Drivers/STM32L0xx_HAL_Driver/Inc" -I"C:/Users/Nicolas/Documents/Projets/panneau solaire/st/solarMonitor/solarMonitor/Drivers/STM32L0xx_HAL_Driver/Inc/Legacy" -I"C:/Users/Nicolas/Documents/Projets/panneau solaire/st/solarMonitor/solarMonitor/Drivers/CMSIS/Device/ST/STM32L0xx/Include" -I"C:/Users/Nicolas/Documents/Projets/panneau solaire/st/solarMonitor/solarMonitor/Drivers/CMSIS/Include" -I"C:/Users/Nicolas/Documents/Projets/panneau solaire/st/solarMonitor/solarMonitor/Inc"  -Og -g3 -Wall -fmessage-length=0 -ffunction-sections -c -fmessage-length=0 -MMD -MP -MF"Src/flash.d" -MT"Src/flash.o" -o "Src/flash.o" "../Src/flash.c"
Finished building: ../Src/flash.c
 
Building file: ../Src/main.c
Invoking: MCU GCC Compiler
%cd%
arm-none-eabi-gcc -mcpu=cortex-m0plus -mthumb -mfloat-abi=soft '-D__weak=__attribute__((weak))' '-D__packed=__attribute__((__packed__))' -DUSE_HAL_DRIVER -DSTM32L053xx -I"C:/Users/Nicolas/Documents/Projets/panneau solaire/st/solarMonitor/solarMonitor/Inc" -I"C:/Users/Nicolas/Documents/Projets/panneau solaire/st/solarMonitor/solarMonitor/Drivers/STM32L0xx_HAL_Driver/Inc" -I"C:/Users/Nicolas/Documents/Projets/panneau solaire/st/solarMonitor/solarMonitor/Drivers/STM32L0xx_HAL_Driver/Inc/Legacy" -I"C:/Users/Nicolas/Documents/Projets/panneau solaire/st/solarMonitor/solarMonitor/Drivers/CMSIS/Device/ST/STM32L0xx/Include" -I"C:/Users/Nicolas/Documents/Projets/panneau solaire/st/solarMonitor/solarMonitor/Drivers/CMSIS/Include" -I"C:/Users/Nicolas/Documents/Projets/panneau solaire/st/solarMonitor/solarMonitor/Inc"  -Og -g3 -Wall -fmessage-length=0 -ffunction-sections -c -fmessage-length=0 -MMD -MP -MF"Src/main.d" -MT"Src/main.o" -o "Src/main.o" "../Src/main.c"
Finished building: ../Src/main.c
 
Building file: ../Src/solarMonitor.c
Invoking: MCU GCC Compiler
%cd%
arm-none-eabi-gcc -mcpu=cortex-m0plus -mthumb -mfloat-abi=soft '-D__weak=__attribute__((weak))' '-D__packed=__attribute__((__packed__))' -DUSE_HAL_DRIVER -DSTM32L053xx -I"C:/Users/Nicolas/Documents/Projets/panneau solaire/st/solarMonitor/solarMonitor/Inc" -I"C:/Users/Nicolas/Documents/Projets/panneau solaire/st/solarMonitor/solarMonitor/Drivers/STM32L0xx_HAL_Driver/Inc" -I"C:/Users/Nicolas/Documents/Projets/panneau solaire/st/solarMonitor/solarMonitor/Drivers/STM32L0xx_HAL_Driver/Inc/Legacy" -I"C:/Users/Nicolas/Documents/Projets/panneau solaire/st/solarMonitor/solarMonitor/Drivers/CMSIS/Device/ST/STM32L0xx/Include" -I"C:/Users/Nicolas/Documents/Projets/panneau solaire/st/solarMonitor/solarMonitor/Drivers/CMSIS/Include" -I"C:/Users/Nicolas/Documents/Projets/panneau solaire/st/solarMonitor/solarMonitor/Inc"  -Og -g3 -Wall -fmessage-length=0 -ffunction-sections -c -fmessage-length=0 -MMD -MP -MF"Src/solarMonitor.d" -MT"Src/solarMonitor.o" -o "Src/solarMonitor.o" "../Src/solarMonitor.c"
Finished building: ../Src/solarMonitor.c
 
Building target: solarMonitor.elf
Invoking: MCU GCC Linker
arm-none-eabi-gcc -mcpu=cortex-m0plus -mthumb -mfloat-abi=soft -specs=nosys.specs -specs=nano.specs -T"../STM32L053R8Tx_FLASH.ld" -Wl,-Map=output.map -Wl,--gc-sections -lm -o "solarMonitor.elf" @"objects.list"  
Finished building target: solarMonitor.elf
 
make --no-print-directory post-build
Generating binary and Printing size information:
arm-none-eabi-objcopy -O binary "solarMonitor.elf" "solarMonitor.bin"
arm-none-eabi-size "solarMonitor.elf"
   text	   data	    bss	    dec	    hex	filename
  16064	     12	   5724	  21800	   5528	solarMonitor.elf
 
10:15:29 **** Incremental Build of configuration Debug for project solarMonitor ****
make all 
Building file: ../Src/main.c
Invoking: MCU GCC Compiler
%cd%
arm-none-eabi-gcc -mcpu=cortex-m0plus -mthumb -mfloat-abi=soft '-D__weak=__attribute__((weak))' '-D__packed=__attribute__((__packed__))' -DUSE_HAL_DRIVER -DSTM32L053xx -I"C:/Users/Nicolas/Documents/Projets/panneau solaire/st/solarMonitor/solarMonitor/Inc" -I"C:/Users/Nicolas/Documents/Projets/panneau solaire/st/solarMonitor/solarMonitor/Drivers/STM32L0xx_HAL_Driver/Inc" -I"C:/Users/Nicolas/Documents/Projets/panneau solaire/st/solarMonitor/solarMonitor/Drivers/STM32L0xx_HAL_Driver/Inc/Legacy" -I"C:/Users/Nicolas/Documents/Projets/panneau solaire/st/solarMonitor/solarMonitor/Drivers/CMSIS/Device/ST/STM32L0xx/Include" -I"C:/Users/Nicolas/Documents/Projets/panneau solaire/st/solarMonitor/solarMonitor/Drivers/CMSIS/Include" -I"C:/Users/Nicolas/Documents/Projets/panneau solaire/st/solarMonitor/solarMonitor/Inc"  -Og -g3 -Wall -fmessage-length=0 -ffunction-sections -c -fmessage-length=0 -MMD -MP -MF"Src/main.d" -MT"Src/main.o" -o "Src/main.o" "../Src/main.c"
Finished building: ../Src/main.c
 
Building target: solarMonitor.elf
Invoking: MCU GCC Linker
arm-none-eabi-gcc -mcpu=cortex-m0plus -mthumb -mfloat-abi=soft -specs=nosys.specs -specs=nano.specs -T"../STM32L053R8Tx_FLASH.ld" -Wl,-Map=output.map -Wl,--gc-sections -lm -o "solarMonitor.elf" @"objects.list"  
Finished building target: solarMonitor.elf
 
make --no-print-directory post-build
Generating binary and Printing size information:
arm-none-eabi-objcopy -O binary "solarMonitor.elf" "solarMonitor.bin"
arm-none-eabi-size "solarMonitor.elf"
   text	   data	    bss	    dec	    hex	filename
  16068	     12	   5724	  21804	   552c	solarMonitor.elf
 
10:15:58 **** Incremental Build of configuration Debug for project solarMonitor ****
make all 
make: Nothing to be done for `all'.
10:16:27 **** Incremental Build of configuration Debug for project solarMonitor ****
make all 
Building file: ../Src/main.c
Invoking: MCU GCC Compiler
%cd%
arm-none-eabi-gcc -mcpu=cortex-m0plus -mthumb -mfloat-abi=soft '-D__weak=__attribute__((weak))' '-D__packed=__attribute__((__packed__))' -DUSE_HAL_DRIVER -DSTM32L053xx -I"C:/Users/Nicolas/Documents/Projets/panneau solaire/st/solarMonitor/solarMonitor/Inc" -I"C:/Users/Nicolas/Documents/Projets/panneau solaire/st/solarMonitor/solarMonitor/Drivers/STM32L0xx_HAL_Driver/Inc" -I"C:/Users/Nicolas/Documents/Projets/panneau solaire/st/solarMonitor/solarMonitor/Drivers/STM32L0xx_HAL_Driver/Inc/Legacy" -I"C:/Users/Nicolas/Documents/Projets/panneau solaire/st/solarMonitor/solarMonitor/Drivers/CMSIS/Device/ST/STM32L0xx/Include" -I"C:/Users/Nicolas/Documents/Projets/panneau solaire/st/solarMonitor/solarMonitor/Drivers/CMSIS/Include" -I"C:/Users/Nicolas/Documents/Projets/panneau solaire/st/solarMonitor/solarMonitor/Inc"  -Og -g3 -Wall -fmessage-length=0 -ffunction-sections -c -fmessage-length=0 -MMD -MP -MF"Src/main.d" -MT"Src/main.o" -o "Src/main.o" "../Src/main.c"
Finished building: ../Src/main.c
 
Building target: solarMonitor.elf
Invoking: MCU GCC Linker
arm-none-eabi-gcc -mcpu=cortex-m0plus -mthumb -mfloat-abi=soft -specs=nosys.specs -specs=nano.specs -T"../STM32L053R8Tx_FLASH.ld" -Wl,-Map=output.map -Wl,--gc-sections -lm -o "solarMonitor.elf" @"objects.list"  
Finished building target: solarMonitor.elf
 
make --no-print-directory post-build
Generating binary and Printing size information:
arm-none-eabi-objcopy -O binary "solarMonitor.elf" "solarMonitor.bin"
arm-none-eabi-size "solarMonitor.elf"
   text	   data	    bss	    dec	    hex	filename
  16016	     12	   5724	  21752	   54f8	solarMonitor.elf
 
10:23:55 **** Incremental Build of configuration Debug for project solarMonitor ****
make all 
Building file: ../Src/main.c
Invoking: MCU GCC Compiler
%cd%
arm-none-eabi-gcc -mcpu=cortex-m0plus -mthumb -mfloat-abi=soft '-D__weak=__attribute__((weak))' '-D__packed=__attribute__((__packed__))' -DUSE_HAL_DRIVER -DSTM32L053xx -I"C:/Users/Nicolas/Documents/Projets/panneau solaire/st/solarMonitor/solarMonitor/Inc" -I"C:/Users/Nicolas/Documents/Projets/panneau solaire/st/solarMonitor/solarMonitor/Drivers/STM32L0xx_HAL_Driver/Inc" -I"C:/Users/Nicolas/Documents/Projets/panneau solaire/st/solarMonitor/solarMonitor/Drivers/STM32L0xx_HAL_Driver/Inc/Legacy" -I"C:/Users/Nicolas/Documents/Projets/panneau solaire/st/solarMonitor/solarMonitor/Drivers/CMSIS/Device/ST/STM32L0xx/Include" -I"C:/Users/Nicolas/Documents/Projets/panneau solaire/st/solarMonitor/solarMonitor/Drivers/CMSIS/Include" -I"C:/Users/Nicolas/Documents/Projets/panneau solaire/st/solarMonitor/solarMonitor/Inc"  -Og -g3 -Wall -fmessage-length=0 -ffunction-sections -c -fmessage-length=0 -MMD -MP -MF"Src/main.d" -MT"Src/main.o" -o "Src/main.o" "../Src/main.c"
Finished building: ../Src/main.c
 
Building target: solarMonitor.elf
Invoking: MCU GCC Linker
arm-none-eabi-gcc -mcpu=cortex-m0plus -mthumb -mfloat-abi=soft -specs=nosys.specs -specs=nano.specs -T"../STM32L053R8Tx_FLASH.ld" -Wl,-Map=output.map -Wl,--gc-sections -lm -o "solarMonitor.elf" @"objects.list"  
Finished building target: solarMonitor.elf
 
make --no-print-directory post-build
Generating binary and Printing size information:
arm-none-eabi-objcopy -O binary "solarMonitor.elf" "solarMonitor.bin"
arm-none-eabi-size "solarMonitor.elf"
   text	   data	    bss	    dec	    hex	filename
  15932	     12	   5724	  21668	   54a4	solarMonitor.elf
 
11:18:16 **** Incremental Build of configuration Debug for project solarMonitor ****
make all 
Building file: ../Src/flash.c
Invoking: MCU GCC Compiler
%cd%
arm-none-eabi-gcc -mcpu=cortex-m0plus -mthumb -mfloat-abi=soft '-D__weak=__attribute__((weak))' '-D__packed=__attribute__((__packed__))' -DUSE_HAL_DRIVER -DSTM32L053xx -I"C:/Users/Nicolas/Documents/Projets/panneau solaire/st/solarMonitor/solarMonitor/Inc" -I"C:/Users/Nicolas/Documents/Projets/panneau solaire/st/solarMonitor/solarMonitor/Drivers/STM32L0xx_HAL_Driver/Inc" -I"C:/Users/Nicolas/Documents/Projets/panneau solaire/st/solarMonitor/solarMonitor/Drivers/STM32L0xx_HAL_Driver/Inc/Legacy" -I"C:/Users/Nicolas/Documents/Projets/panneau solaire/st/solarMonitor/solarMonitor/Drivers/CMSIS/Device/ST/STM32L0xx/Include" -I"C:/Users/Nicolas/Documents/Projets/panneau solaire/st/solarMonitor/solarMonitor/Drivers/CMSIS/Include" -I"C:/Users/Nicolas/Documents/Projets/panneau solaire/st/solarMonitor/solarMonitor/Inc"  -Og -g3 -Wall -fmessage-length=0 -ffunction-sections -c -fmessage-length=0 -MMD -MP -MF"Src/flash.d" -MT"Src/flash.o" -o "Src/flash.o" "../Src/flash.c"
Finished building: ../Src/flash.c
 
Building file: ../Src/main.c
Invoking: MCU GCC Compiler
%cd%
arm-none-eabi-gcc -mcpu=cortex-m0plus -mthumb -mfloat-abi=soft '-D__weak=__attribute__((weak))' '-D__packed=__attribute__((__packed__))' -DUSE_HAL_DRIVER -DSTM32L053xx -I"C:/Users/Nicolas/Documents/Projets/panneau solaire/st/solarMonitor/solarMonitor/Inc" -I"C:/Users/Nicolas/Documents/Projets/panneau solaire/st/solarMonitor/solarMonitor/Drivers/STM32L0xx_HAL_Driver/Inc" -I"C:/Users/Nicolas/Documents/Projets/panneau solaire/st/solarMonitor/solarMonitor/Drivers/STM32L0xx_HAL_Driver/Inc/Legacy" -I"C:/Users/Nicolas/Documents/Projets/panneau solaire/st/solarMonitor/solarMonitor/Drivers/CMSIS/Device/ST/STM32L0xx/Include" -I"C:/Users/Nicolas/Documents/Projets/panneau solaire/st/solarMonitor/solarMonitor/Drivers/CMSIS/Include" -I"C:/Users/Nicolas/Documents/Projets/panneau solaire/st/solarMonitor/solarMonitor/Inc"  -Og -g3 -Wall -fmessage-length=0 -ffunction-sections -c -fmessage-length=0 -MMD -MP -MF"Src/main.d" -MT"Src/main.o" -o "Src/main.o" "../Src/main.c"
Finished building: ../Src/main.c
 
Building file: ../Src/solarMonitor.c
Invoking: MCU GCC Compiler
%cd%
arm-none-eabi-gcc -mcpu=cortex-m0plus -mthumb -mfloat-abi=soft '-D__weak=__attribute__((weak))' '-D__packed=__attribute__((__packed__))' -DUSE_HAL_DRIVER -DSTM32L053xx -I"C:/Users/Nicolas/Documents/Projets/panneau solaire/st/solarMonitor/solarMonitor/Inc" -I"C:/Users/Nicolas/Documents/Projets/panneau solaire/st/solarMonitor/solarMonitor/Drivers/STM32L0xx_HAL_Driver/Inc" -I"C:/Users/Nicolas/Documents/Projets/panneau solaire/st/solarMonitor/solarMonitor/Drivers/STM32L0xx_HAL_Driver/Inc/Legacy" -I"C:/Users/Nicolas/Documents/Projets/panneau solaire/st/solarMonitor/solarMonitor/Drivers/CMSIS/Device/ST/STM32L0xx/Include" -I"C:/Users/Nicolas/Documents/Projets/panneau solaire/st/solarMonitor/solarMonitor/Drivers/CMSIS/Include" -I"C:/Users/Nicolas/Documents/Projets/panneau solaire/st/solarMonitor/solarMonitor/Inc"  -Og -g3 -Wall -fmessage-length=0 -ffunction-sections -c -fmessage-length=0 -MMD -MP -MF"Src/solarMonitor.d" -MT"Src/solarMonitor.o" -o "Src/solarMonitor.o" "../Src/solarMonitor.c"
Finished building: ../Src/solarMonitor.c
 
Building target: solarMonitor.elf
Invoking: MCU GCC Linker
arm-none-eabi-gcc -mcpu=cortex-m0plus -mthumb -mfloat-abi=soft -specs=nosys.specs -specs=nano.specs -T"../STM32L053R8Tx_FLASH.ld" -Wl,-Map=output.map -Wl,--gc-sections -lm -o "solarMonitor.elf" @"objects.list"  
Finished building target: solarMonitor.elf
 
make --no-print-directory post-build
Generating binary and Printing size information:
arm-none-eabi-objcopy -O binary "solarMonitor.elf" "solarMonitor.bin"
arm-none-eabi-size "solarMonitor.elf"
   text	   data	    bss	    dec	    hex	filename
  15932	     12	   5724	  21668	   54a4	solarMonitor.elf
 
11:18:49 **** Incremental Build of configuration Debug for project solarMonitor ****
make all 
make: Nothing to be done for `all'.
11:24:37 **** Incremental Build of configuration Debug for project solarMonitor ****
make all 
Building file: ../Src/uart.c
Invoking: MCU GCC Compiler
%cd%
arm-none-eabi-gcc -mcpu=cortex-m0plus -mthumb -mfloat-abi=soft '-D__weak=__attribute__((weak))' '-D__packed=__attribute__((__packed__))' -DUSE_HAL_DRIVER -DSTM32L053xx -I"C:/Users/Nicolas/Documents/Projets/panneau solaire/st/solarMonitor/solarMonitor/Inc" -I"C:/Users/Nicolas/Documents/Projets/panneau solaire/st/solarMonitor/solarMonitor/Drivers/STM32L0xx_HAL_Driver/Inc" -I"C:/Users/Nicolas/Documents/Projets/panneau solaire/st/solarMonitor/solarMonitor/Drivers/STM32L0xx_HAL_Driver/Inc/Legacy" -I"C:/Users/Nicolas/Documents/Projets/panneau solaire/st/solarMonitor/solarMonitor/Drivers/CMSIS/Device/ST/STM32L0xx/Include" -I"C:/Users/Nicolas/Documents/Projets/panneau solaire/st/solarMonitor/solarMonitor/Drivers/CMSIS/Include" -I"C:/Users/Nicolas/Documents/Projets/panneau solaire/st/solarMonitor/solarMonitor/Inc"  -Og -g3 -Wall -fmessage-length=0 -ffunction-sections -c -fmessage-length=0 -MMD -MP -MF"Src/uart.d" -MT"Src/uart.o" -o "Src/uart.o" "../Src/uart.c"
Finished building: ../Src/uart.c
 
Building target: solarMonitor.elf
Invoking: MCU GCC Linker
arm-none-eabi-gcc -mcpu=cortex-m0plus -mthumb -mfloat-abi=soft -specs=nosys.specs -specs=nano.specs -T"../STM32L053R8Tx_FLASH.ld" -Wl,-Map=output.map -Wl,--gc-sections -lm -o "solarMonitor.elf" @"objects.list"  
Finished building target: solarMonitor.elf
 
make --no-print-directory post-build
Generating binary and Printing size information:
arm-none-eabi-objcopy -O binary "solarMonitor.elf" "solarMonitor.bin"
arm-none-eabi-size "solarMonitor.elf"
   text	   data	    bss	    dec	    hex	filename
  15932	     12	   5724	  21668	   54a4	solarMonitor.elf
 
11:26:58 **** Incremental Build of configuration Debug for project solarMonitor ****
make all 
Building file: ../Src/flash.c
Invoking: MCU GCC Compiler
%cd%
arm-none-eabi-gcc -mcpu=cortex-m0plus -mthumb -mfloat-abi=soft '-D__weak=__attribute__((weak))' '-D__packed=__attribute__((__packed__))' -DUSE_HAL_DRIVER -DSTM32L053xx -I"C:/Users/Nicolas/Documents/Projets/panneau solaire/st/solarMonitor/solarMonitor/Inc" -I"C:/Users/Nicolas/Documents/Projets/panneau solaire/st/solarMonitor/solarMonitor/Drivers/STM32L0xx_HAL_Driver/Inc" -I"C:/Users/Nicolas/Documents/Projets/panneau solaire/st/solarMonitor/solarMonitor/Drivers/STM32L0xx_HAL_Driver/Inc/Legacy" -I"C:/Users/Nicolas/Documents/Projets/panneau solaire/st/solarMonitor/solarMonitor/Drivers/CMSIS/Device/ST/STM32L0xx/Include" -I"C:/Users/Nicolas/Documents/Projets/panneau solaire/st/solarMonitor/solarMonitor/Drivers/CMSIS/Include" -I"C:/Users/Nicolas/Documents/Projets/panneau solaire/st/solarMonitor/solarMonitor/Inc"  -Og -g3 -Wall -fmessage-length=0 -ffunction-sections -c -fmessage-length=0 -MMD -MP -MF"Src/flash.d" -MT"Src/flash.o" -o "Src/flash.o" "../Src/flash.c"
Finished building: ../Src/flash.c
 
Building file: ../Src/main.c
Invoking: MCU GCC Compiler
%cd%
arm-none-eabi-gcc -mcpu=cortex-m0plus -mthumb -mfloat-abi=soft '-D__weak=__attribute__((weak))' '-D__packed=__attribute__((__packed__))' -DUSE_HAL_DRIVER -DSTM32L053xx -I"C:/Users/Nicolas/Documents/Projets/panneau solaire/st/solarMonitor/solarMonitor/Inc" -I"C:/Users/Nicolas/Documents/Projets/panneau solaire/st/solarMonitor/solarMonitor/Drivers/STM32L0xx_HAL_Driver/Inc" -I"C:/Users/Nicolas/Documents/Projets/panneau solaire/st/solarMonitor/solarMonitor/Drivers/STM32L0xx_HAL_Driver/Inc/Legacy" -I"C:/Users/Nicolas/Documents/Projets/panneau solaire/st/solarMonitor/solarMonitor/Drivers/CMSIS/Device/ST/STM32L0xx/Include" -I"C:/Users/Nicolas/Documents/Projets/panneau solaire/st/solarMonitor/solarMonitor/Drivers/CMSIS/Include" -I"C:/Users/Nicolas/Documents/Projets/panneau solaire/st/solarMonitor/solarMonitor/Inc"  -Og -g3 -Wall -fmessage-length=0 -ffunction-sections -c -fmessage-length=0 -MMD -MP -MF"Src/main.d" -MT"Src/main.o" -o "Src/main.o" "../Src/main.c"
Finished building: ../Src/main.c
 
Building file: ../Src/solarMonitor.c
Invoking: MCU GCC Compiler
%cd%
arm-none-eabi-gcc -mcpu=cortex-m0plus -mthumb -mfloat-abi=soft '-D__weak=__attribute__((weak))' '-D__packed=__attribute__((__packed__))' -DUSE_HAL_DRIVER -DSTM32L053xx -I"C:/Users/Nicolas/Documents/Projets/panneau solaire/st/solarMonitor/solarMonitor/Inc" -I"C:/Users/Nicolas/Documents/Projets/panneau solaire/st/solarMonitor/solarMonitor/Drivers/STM32L0xx_HAL_Driver/Inc" -I"C:/Users/Nicolas/Documents/Projets/panneau solaire/st/solarMonitor/solarMonitor/Drivers/STM32L0xx_HAL_Driver/Inc/Legacy" -I"C:/Users/Nicolas/Documents/Projets/panneau solaire/st/solarMonitor/solarMonitor/Drivers/CMSIS/Device/ST/STM32L0xx/Include" -I"C:/Users/Nicolas/Documents/Projets/panneau solaire/st/solarMonitor/solarMonitor/Drivers/CMSIS/Include" -I"C:/Users/Nicolas/Documents/Projets/panneau solaire/st/solarMonitor/solarMonitor/Inc"  -Og -g3 -Wall -fmessage-length=0 -ffunction-sections -c -fmessage-length=0 -MMD -MP -MF"Src/solarMonitor.d" -MT"Src/solarMonitor.o" -o "Src/solarMonitor.o" "../Src/solarMonitor.c"
Finished building: ../Src/solarMonitor.c
 
Building file: ../Src/stm32l0xx_hal_msp.c
Invoking: MCU GCC Compiler
%cd%
arm-none-eabi-gcc -mcpu=cortex-m0plus -mthumb -mfloat-abi=soft '-D__weak=__attribute__((weak))' '-D__packed=__attribute__((__packed__))' -DUSE_HAL_DRIVER -DSTM32L053xx -I"C:/Users/Nicolas/Documents/Projets/panneau solaire/st/solarMonitor/solarMonitor/Inc" -I"C:/Users/Nicolas/Documents/Projets/panneau solaire/st/solarMonitor/solarMonitor/Drivers/STM32L0xx_HAL_Driver/Inc" -I"C:/Users/Nicolas/Documents/Projets/panneau solaire/st/solarMonitor/solarMonitor/Drivers/STM32L0xx_HAL_Driver/Inc/Legacy" -I"C:/Users/Nicolas/Documents/Projets/panneau solaire/st/solarMonitor/solarMonitor/Drivers/CMSIS/Device/ST/STM32L0xx/Include" -I"C:/Users/Nicolas/Documents/Projets/panneau solaire/st/solarMonitor/solarMonitor/Drivers/CMSIS/Include" -I"C:/Users/Nicolas/Documents/Projets/panneau solaire/st/solarMonitor/solarMonitor/Inc"  -Og -g3 -Wall -fmessage-length=0 -ffunction-sections -c -fmessage-length=0 -MMD -MP -MF"Src/stm32l0xx_hal_msp.d" -MT"Src/stm32l0xx_hal_msp.o" -o "Src/stm32l0xx_hal_msp.o" "../Src/stm32l0xx_hal_msp.c"
Finished building: ../Src/stm32l0xx_hal_msp.c
 
Building file: ../Src/stm32l0xx_it.c
Invoking: MCU GCC Compiler
%cd%
arm-none-eabi-gcc -mcpu=cortex-m0plus -mthumb -mfloat-abi=soft '-D__weak=__attribute__((weak))' '-D__packed=__attribute__((__packed__))' -DUSE_HAL_DRIVER -DSTM32L053xx -I"C:/Users/Nicolas/Documents/Projets/panneau solaire/st/solarMonitor/solarMonitor/Inc" -I"C:/Users/Nicolas/Documents/Projets/panneau solaire/st/solarMonitor/solarMonitor/Drivers/STM32L0xx_HAL_Driver/Inc" -I"C:/Users/Nicolas/Documents/Projets/panneau solaire/st/solarMonitor/solarMonitor/Drivers/STM32L0xx_HAL_Driver/Inc/Legacy" -I"C:/Users/Nicolas/Documents/Projets/panneau solaire/st/solarMonitor/solarMonitor/Drivers/CMSIS/Device/ST/STM32L0xx/Include" -I"C:/Users/Nicolas/Documents/Projets/panneau solaire/st/solarMonitor/solarMonitor/Drivers/CMSIS/Include" -I"C:/Users/Nicolas/Documents/Projets/panneau solaire/st/solarMonitor/solarMonitor/Inc"  -Og -g3 -Wall -fmessage-length=0 -ffunction-sections -c -fmessage-length=0 -MMD -MP -MF"Src/stm32l0xx_it.d" -MT"Src/stm32l0xx_it.o" -o "Src/stm32l0xx_it.o" "../Src/stm32l0xx_it.c"
Finished building: ../Src/stm32l0xx_it.c
 
Building file: ../Src/system_stm32l0xx.c
Invoking: MCU GCC Compiler
%cd%
arm-none-eabi-gcc -mcpu=cortex-m0plus -mthumb -mfloat-abi=soft '-D__weak=__attribute__((weak))' '-D__packed=__attribute__((__packed__))' -DUSE_HAL_DRIVER -DSTM32L053xx -I"C:/Users/Nicolas/Documents/Projets/panneau solaire/st/solarMonitor/solarMonitor/Inc" -I"C:/Users/Nicolas/Documents/Projets/panneau solaire/st/solarMonitor/solarMonitor/Drivers/STM32L0xx_HAL_Driver/Inc" -I"C:/Users/Nicolas/Documents/Projets/panneau solaire/st/solarMonitor/solarMonitor/Drivers/STM32L0xx_HAL_Driver/Inc/Legacy" -I"C:/Users/Nicolas/Documents/Projets/panneau solaire/st/solarMonitor/solarMonitor/Drivers/CMSIS/Device/ST/STM32L0xx/Include" -I"C:/Users/Nicolas/Documents/Projets/panneau solaire/st/solarMonitor/solarMonitor/Drivers/CMSIS/Include" -I"C:/Users/Nicolas/Documents/Projets/panneau solaire/st/solarMonitor/solarMonitor/Inc"  -Og -g3 -Wall -fmessage-length=0 -ffunction-sections -c -fmessage-length=0 -MMD -MP -MF"Src/system_stm32l0xx.d" -MT"Src/system_stm32l0xx.o" -o "Src/system_stm32l0xx.o" "../Src/system_stm32l0xx.c"
Finished building: ../Src/system_stm32l0xx.c
 
Building file: ../Drivers/STM32L0xx_HAL_Driver/Src/stm32l0xx_hal.c
Invoking: MCU GCC Compiler
%cd%
arm-none-eabi-gcc -mcpu=cortex-m0plus -mthumb -mfloat-abi=soft '-D__weak=__attribute__((weak))' '-D__packed=__attribute__((__packed__))' -DUSE_HAL_DRIVER -DSTM32L053xx -I"C:/Users/Nicolas/Documents/Projets/panneau solaire/st/solarMonitor/solarMonitor/Inc" -I"C:/Users/Nicolas/Documents/Projets/panneau solaire/st/solarMonitor/solarMonitor/Drivers/STM32L0xx_HAL_Driver/Inc" -I"C:/Users/Nicolas/Documents/Projets/panneau solaire/st/solarMonitor/solarMonitor/Drivers/STM32L0xx_HAL_Driver/Inc/Legacy" -I"C:/Users/Nicolas/Documents/Projets/panneau solaire/st/solarMonitor/solarMonitor/Drivers/CMSIS/Device/ST/STM32L0xx/Include" -I"C:/Users/Nicolas/Documents/Projets/panneau solaire/st/solarMonitor/solarMonitor/Drivers/CMSIS/Include" -I"C:/Users/Nicolas/Documents/Projets/panneau solaire/st/solarMonitor/solarMonitor/Inc"  -Og -g3 -Wall -fmessage-length=0 -ffunction-sections -c -fmessage-length=0 -MMD -MP -MF"Drivers/STM32L0xx_HAL_Driver/Src/stm32l0xx_hal.d" -MT"Drivers/STM32L0xx_HAL_Driver/Src/stm32l0xx_hal.o" -o "Drivers/STM32L0xx_HAL_Driver/Src/stm32l0xx_hal.o" "../Drivers/STM32L0xx_HAL_Driver/Src/stm32l0xx_hal.c"
Finished building: ../Drivers/STM32L0xx_HAL_Driver/Src/stm32l0xx_hal.c
 
Building file: ../Drivers/STM32L0xx_HAL_Driver/Src/stm32l0xx_hal_adc.c
Invoking: MCU GCC Compiler
%cd%
arm-none-eabi-gcc -mcpu=cortex-m0plus -mthumb -mfloat-abi=soft '-D__weak=__attribute__((weak))' '-D__packed=__attribute__((__packed__))' -DUSE_HAL_DRIVER -DSTM32L053xx -I"C:/Users/Nicolas/Documents/Projets/panneau solaire/st/solarMonitor/solarMonitor/Inc" -I"C:/Users/Nicolas/Documents/Projets/panneau solaire/st/solarMonitor/solarMonitor/Drivers/STM32L0xx_HAL_Driver/Inc" -I"C:/Users/Nicolas/Documents/Projets/panneau solaire/st/solarMonitor/solarMonitor/Drivers/STM32L0xx_HAL_Driver/Inc/Legacy" -I"C:/Users/Nicolas/Documents/Projets/panneau solaire/st/solarMonitor/solarMonitor/Drivers/CMSIS/Device/ST/STM32L0xx/Include" -I"C:/Users/Nicolas/Documents/Projets/panneau solaire/st/solarMonitor/solarMonitor/Drivers/CMSIS/Include" -I"C:/Users/Nicolas/Documents/Projets/panneau solaire/st/solarMonitor/solarMonitor/Inc"  -Og -g3 -Wall -fmessage-length=0 -ffunction-sections -c -fmessage-length=0 -MMD -MP -MF"Drivers/STM32L0xx_HAL_Driver/Src/stm32l0xx_hal_adc.d" -MT"Drivers/STM32L0xx_HAL_Driver/Src/stm32l0xx_hal_adc.o" -o "Drivers/STM32L0xx_HAL_Driver/Src/stm32l0xx_hal_adc.o" "../Drivers/STM32L0xx_HAL_Driver/Src/stm32l0xx_hal_adc.c"
Finished building: ../Drivers/STM32L0xx_HAL_Driver/Src/stm32l0xx_hal_adc.c
 
Building file: ../Drivers/STM32L0xx_HAL_Driver/Src/stm32l0xx_hal_adc_ex.c
Invoking: MCU GCC Compiler
%cd%
[...]
 
Building file: ../Drivers/STM32L0xx_HAL_Driver/Src/stm32l0xx_hal_spi.c
Invoking: MCU GCC Compiler
%cd%
arm-none-eabi-gcc -mcpu=cortex-m0plus -mthumb -mfloat-abi=soft '-D__weak=__attribute__((weak))' '-D__packed=__attribute__((__packed__))' -DUSE_HAL_DRIVER -DSTM32L053xx -I"C:/Users/Nicolas/Documents/Projets/panneau solaire/st/solarMonitor/solarMonitor/Inc" -I"C:/Users/Nicolas/Documents/Projets/panneau solaire/st/solarMonitor/solarMonitor/Drivers/STM32L0xx_HAL_Driver/Inc" -I"C:/Users/Nicolas/Documents/Projets/panneau solaire/st/solarMonitor/solarMonitor/Drivers/STM32L0xx_HAL_Driver/Inc/Legacy" -I"C:/Users/Nicolas/Documents/Projets/panneau solaire/st/solarMonitor/solarMonitor/Drivers/CMSIS/Device/ST/STM32L0xx/Include" -I"C:/Users/Nicolas/Documents/Projets/panneau solaire/st/solarMonitor/solarMonitor/Drivers/CMSIS/Include" -I"C:/Users/Nicolas/Documents/Projets/panneau solaire/st/solarMonitor/solarMonitor/Inc"  -Og -g3 -Wall -fmessage-length=0 -ffunction-sections -c -fmessage-length=0 -MMD -MP -MF"Drivers/STM32L0xx_HAL_Driver/Src/stm32l0xx_hal_spi.d" -MT"Drivers/STM32L0xx_HAL_Driver/Src/stm32l0xx_hal_spi.o" -o "Drivers/STM32L0xx_HAL_Driver/Src/stm32l0xx_hal_spi.o" "../Drivers/STM32L0xx_HAL_Driver/Src/stm32l0xx_hal_spi.c"
Finished building: ../Drivers/STM32L0xx_HAL_Driver/Src/stm32l0xx_hal_spi.c
 
Building file: ../Drivers/STM32L0xx_HAL_Driver/Src/stm32l0xx_hal_tim.c
Invoking: MCU GCC Compiler
%cd%
arm-none-eabi-gcc -mcpu=cortex-m0plus -mthumb -mfloat-abi=soft '-D__weak=__attribute__((weak))' '-D__packed=__attribute__((__packed__))' -DUSE_HAL_DRIVER -DSTM32L053xx -I"C:/Users/Nicolas/Documents/Projets/panneau solaire/st/solarMonitor/solarMonitor/Inc" -I"C:/Users/Nicolas/Documents/Projets/panneau solaire/st/solarMonitor/solarMonitor/Drivers/STM32L0xx_HAL_Driver/Inc" -I"C:/Users/Nicolas/Documents/Projets/panneau solaire/st/solarMonitor/solarMonitor/Drivers/STM32L0xx_HAL_Driver/Inc/Legacy" -I"C:/Users/Nicolas/Documents/Projets/panneau solaire/st/solarMonitor/solarMonitor/Drivers/CMSIS/Device/ST/STM32L0xx/Include" -I"C:/Users/Nicolas/Documents/Projets/panneau solaire/st/solarMonitor/solarMonitor/Drivers/CMSIS/Include" -I"C:/Users/Nicolas/Documents/Projets/panneau solaire/st/solarMonitor/solarMonitor/Inc"  -Og -g3 -Wall -fmessage-length=0 -ffunction-sections -c -fmessage-length=0 -MMD -MP -MF"Drivers/STM32L0xx_HAL_Driver/Src/stm32l0xx_hal_tim.d" -MT"Drivers/STM32L0xx_HAL_Driver/Src/stm32l0xx_hal_tim.o" -o "Drivers/STM32L0xx_HAL_Driver/Src/stm32l0xx_hal_tim.o" "../Drivers/STM32L0xx_HAL_Driver/Src/stm32l0xx_hal_tim.c"
Finished building: ../Drivers/STM32L0xx_HAL_Driver/Src/stm32l0xx_hal_tim.c
 
Building file: ../Drivers/STM32L0xx_HAL_Driver/Src/stm32l0xx_hal_tim_ex.c
Invoking: MCU GCC Compiler
%cd%
arm-none-eabi-gcc -mcpu=cortex-m0plus -mthumb -mfloat-abi=soft '-D__weak=__attribute__((weak))' '-D__packed=__attribute__((__packed__))' -DUSE_HAL_DRIVER -DSTM32L053xx -I"C:/Users/Nicolas/Documents/Projets/panneau solaire/st/solarMonitor/solarMonitor/Inc" -I"C:/Users/Nicolas/Documents/Projets/panneau solaire/st/solarMonitor/solarMonitor/Drivers/STM32L0xx_HAL_Driver/Inc" -I"C:/Users/Nicolas/Documents/Projets/panneau solaire/st/solarMonitor/solarMonitor/Drivers/STM32L0xx_HAL_Driver/Inc/Legacy" -I"C:/Users/Nicolas/Documents/Projets/panneau solaire/st/solarMonitor/solarMonitor/Drivers/CMSIS/Device/ST/STM32L0xx/Include" -I"C:/Users/Nicolas/Documents/Projets/panneau solaire/st/solarMonitor/solarMonitor/Drivers/CMSIS/Include" -I"C:/Users/Nicolas/Documents/Projets/panneau solaire/st/solarMonitor/solarMonitor/Inc"  -Og -g3 -Wall -fmessage-length=0 -ffunction-sections -c -fmessage-length=0 -MMD -MP -MF"Drivers/STM32L0xx_HAL_Driver/Src/stm32l0xx_hal_tim_ex.d" -MT"Drivers/STM32L0xx_HAL_Driver/Src/stm32l0xx_hal_tim_ex.o" -o "Drivers/STM32L0xx_HAL_Driver/Src/stm32l0xx_hal_tim_ex.o" "../Drivers/STM32L0xx_HAL_Driver/Src/stm32l0xx_hal_tim_ex.c"
Finished building: ../Drivers/STM32L0xx_HAL_Driver/Src/stm32l0xx_hal_tim_ex.c
 
Building file: ../Drivers/STM32L0xx_HAL_Driver/Src/stm32l0xx_hal_uart.c
Invoking: MCU GCC Compiler
%cd%
arm-none-eabi-gcc -mcpu=cortex-m0plus -mthumb -mfloat-abi=soft '-D__weak=__attribute__((weak))' '-D__packed=__attribute__((__packed__))' -DUSE_HAL_DRIVER -DSTM32L053xx -I"C:/Users/Nicolas/Documents/Projets/panneau solaire/st/solarMonitor/solarMonitor/Inc" -I"C:/Users/Nicolas/Documents/Projets/panneau solaire/st/solarMonitor/solarMonitor/Drivers/STM32L0xx_HAL_Driver/Inc" -I"C:/Users/Nicolas/Documents/Projets/panneau solaire/st/solarMonitor/solarMonitor/Drivers/STM32L0xx_HAL_Driver/Inc/Legacy" -I"C:/Users/Nicolas/Documents/Projets/panneau solaire/st/solarMonitor/solarMonitor/Drivers/CMSIS/Device/ST/STM32L0xx/Include" -I"C:/Users/Nicolas/Documents/Projets/panneau solaire/st/solarMonitor/solarMonitor/Drivers/CMSIS/Include" -I"C:/Users/Nicolas/Documents/Projets/panneau solaire/st/solarMonitor/solarMonitor/Inc"  -Og -g3 -Wall -fmessage-length=0 -ffunction-sections -c -fmessage-length=0 -MMD -MP -MF"Drivers/STM32L0xx_HAL_Driver/Src/stm32l0xx_hal_uart.d" -MT"Drivers/STM32L0xx_HAL_Driver/Src/stm32l0xx_hal_uart.o" -o "Drivers/STM32L0xx_HAL_Driver/Src/stm32l0xx_hal_uart.o" "../Drivers/STM32L0xx_HAL_Driver/Src/stm32l0xx_hal_uart.c"
Finished building: ../Drivers/STM32L0xx_HAL_Driver/Src/stm32l0xx_hal_uart.c
 
Building file: ../Drivers/STM32L0xx_HAL_Driver/Src/stm32l0xx_hal_uart_ex.c
Invoking: MCU GCC Compiler
%cd%
arm-none-eabi-gcc -mcpu=cortex-m0plus -mthumb -mfloat-abi=soft '-D__weak=__attribute__((weak))' '-D__packed=__attribute__((__packed__))' -DUSE_HAL_DRIVER -DSTM32L053xx -I"C:/Users/Nicolas/Documents/Projets/panneau solaire/st/solarMonitor/solarMonitor/Inc" -I"C:/Users/Nicolas/Documents/Projets/panneau solaire/st/solarMonitor/solarMonitor/Drivers/STM32L0xx_HAL_Driver/Inc" -I"C:/Users/Nicolas/Documents/Projets/panneau solaire/st/solarMonitor/solarMonitor/Drivers/STM32L0xx_HAL_Driver/Inc/Legacy" -I"C:/Users/Nicolas/Documents/Projets/panneau solaire/st/solarMonitor/solarMonitor/Drivers/CMSIS/Device/ST/STM32L0xx/Include" -I"C:/Users/Nicolas/Documents/Projets/panneau solaire/st/solarMonitor/solarMonitor/Drivers/CMSIS/Include" -I"C:/Users/Nicolas/Documents/Projets/panneau solaire/st/solarMonitor/solarMonitor/Inc"  -Og -g3 -Wall -fmessage-length=0 -ffunction-sections -c -fmessage-length=0 -MMD -MP -MF"Drivers/STM32L0xx_HAL_Driver/Src/stm32l0xx_hal_uart_ex.d" -MT"Drivers/STM32L0xx_HAL_Driver/Src/stm32l0xx_hal_uart_ex.o" -o "Drivers/STM32L0xx_HAL_Driver/Src/stm32l0xx_hal_uart_ex.o" "../Drivers/STM32L0xx_HAL_Driver/Src/stm32l0xx_hal_uart_ex.c"
Finished building: ../Drivers/STM32L0xx_HAL_Driver/Src/stm32l0xx_hal_uart_ex.c
 
Building target: solarMonitor.elf
Invoking: MCU GCC Linker
arm-none-eabi-gcc -mcpu=cortex-m0plus -mthumb -mfloat-abi=soft -specs=nosys.specs -specs=nano.specs -T"../STM32L053R8Tx_FLASH.ld" -Wl,-Map=output.map -Wl,--gc-sections -lm -o "solarMonitor.elf" @"objects.list"  
Finished building target: solarMonitor.elf
 
make --no-print-directory post-build
Generating binary and Printing size information:
arm-none-eabi-objcopy -O binary "solarMonitor.elf" "solarMonitor.bin"
arm-none-eabi-size "solarMonitor.elf"
   text	   data	    bss	    dec	    hex	filename
  16460	     12	   5916	  22388	   5774	solarMonitor.elf
 
11:41:16 **** Incremental Build of configuration Debug for project solarMonitor ****
make all 
Building file: ../Src/main.c
Invoking: MCU GCC Compiler
%cd%
arm-none-eabi-gcc -mcpu=cortex-m0plus -mthumb -mfloat-abi=soft '-D__weak=__attribute__((weak))' '-D__packed=__attribute__((__packed__))' -DUSE_HAL_DRIVER -DSTM32L053xx -I"C:/Users/Nicolas/Documents/Projets/panneau solaire/st/solarMonitor/solarMonitor/Inc" -I"C:/Users/Nicolas/Documents/Projets/panneau solaire/st/solarMonitor/solarMonitor/Drivers/STM32L0xx_HAL_Driver/Inc" -I"C:/Users/Nicolas/Documents/Projets/panneau solaire/st/solarMonitor/solarMonitor/Drivers/STM32L0xx_HAL_Driver/Inc/Legacy" -I"C:/Users/Nicolas/Documents/Projets/panneau solaire/st/solarMonitor/solarMonitor/Drivers/CMSIS/Device/ST/STM32L0xx/Include" -I"C:/Users/Nicolas/Documents/Projets/panneau solaire/st/solarMonitor/solarMonitor/Drivers/CMSIS/Include" -I"C:/Users/Nicolas/Documents/Projets/panneau solaire/st/solarMonitor/solarMonitor/Inc"  -Og -g3 -Wall -fmessage-length=0 -ffunction-sections -c -fmessage-length=0 -MMD -MP -MF"Src/main.d" -MT"Src/main.o" -o "Src/main.o" "../Src/main.c"
../Src/main.c: In function 'main':
../Src/main.c:141:33: error: 'uartData' undeclared (first use in this function)
   HAL_UART_Receive_IT(&huart1, &uartData[0], 1);
                                 ^
../Src/main.c:141:33: note: each undeclared identifier is reported only once for each function it appears in
../Src/main.c:142:3: warning: implicit declaration of function 'enableUartInterrupt' [-Wimplicit-function-declaration]
   enableUartInterrupt();
   ^
make: *** [Src/main.o] Error 1
11:42:47 **** Incremental Build of configuration Debug for project solarMonitor ****
make all 
Building file: ../Src/main.c
Invoking: MCU GCC Compiler
%cd%
arm-none-eabi-gcc -mcpu=cortex-m0plus -mthumb -mfloat-abi=soft '-D__weak=__attribute__((weak))' '-D__packed=__attribute__((__packed__))' -DUSE_HAL_DRIVER -DSTM32L053xx -I"C:/Users/Nicolas/Documents/Projets/panneau solaire/st/solarMonitor/solarMonitor/Inc" -I"C:/Users/Nicolas/Documents/Projets/panneau solaire/st/solarMonitor/solarMonitor/Drivers/STM32L0xx_HAL_Driver/Inc" -I"C:/Users/Nicolas/Documents/Projets/panneau solaire/st/solarMonitor/solarMonitor/Drivers/STM32L0xx_HAL_Driver/Inc/Legacy" -I"C:/Users/Nicolas/Documents/Projets/panneau solaire/st/solarMonitor/solarMonitor/Drivers/CMSIS/Device/ST/STM32L0xx/Include" -I"C:/Users/Nicolas/Documents/Projets/panneau solaire/st/solarMonitor/solarMonitor/Drivers/CMSIS/Include" -I"C:/Users/Nicolas/Documents/Projets/panneau solaire/st/solarMonitor/solarMonitor/Inc"  -Og -g3 -Wall -fmessage-length=0 -ffunction-sections -c -fmessage-length=0 -MMD -MP -MF"Src/main.d" -MT"Src/main.o" -o "Src/main.o" "../Src/main.c"
Finished building: ../Src/main.c
 
Building file: ../Src/stm32l0xx_it.c
Invoking: MCU GCC Compiler
%cd%
arm-none-eabi-gcc -mcpu=cortex-m0plus -mthumb -mfloat-abi=soft '-D__weak=__attribute__((weak))' '-D__packed=__attribute__((__packed__))' -DUSE_HAL_DRIVER -DSTM32L053xx -I"C:/Users/Nicolas/Documents/Projets/panneau solaire/st/solarMonitor/solarMonitor/Inc" -I"C:/Users/Nicolas/Documents/Projets/panneau solaire/st/solarMonitor/solarMonitor/Drivers/STM32L0xx_HAL_Driver/Inc" -I"C:/Users/Nicolas/Documents/Projets/panneau solaire/st/solarMonitor/solarMonitor/Drivers/STM32L0xx_HAL_Driver/Inc/Legacy" -I"C:/Users/Nicolas/Documents/Projets/panneau solaire/st/solarMonitor/solarMonitor/Drivers/CMSIS/Device/ST/STM32L0xx/Include" -I"C:/Users/Nicolas/Documents/Projets/panneau solaire/st/solarMonitor/solarMonitor/Drivers/CMSIS/Include" -I"C:/Users/Nicolas/Documents/Projets/panneau solaire/st/solarMonitor/solarMonitor/Inc"  -Og -g3 -Wall -fmessage-length=0 -ffunction-sections -c -fmessage-length=0 -MMD -MP -MF"Src/stm32l0xx_it.d" -MT"Src/stm32l0xx_it.o" -o "Src/stm32l0xx_it.o" "../Src/stm32l0xx_it.c"
Finished building: ../Src/stm32l0xx_it.c
 
Building file: ../Src/uart.c
Invoking: MCU GCC Compiler
%cd%
arm-none-eabi-gcc -mcpu=cortex-m0plus -mthumb -mfloat-abi=soft '-D__weak=__attribute__((weak))' '-D__packed=__attribute__((__packed__))' -DUSE_HAL_DRIVER -DSTM32L053xx -I"C:/Users/Nicolas/Documents/Projets/panneau solaire/st/solarMonitor/solarMonitor/Inc" -I"C:/Users/Nicolas/Documents/Projets/panneau solaire/st/solarMonitor/solarMonitor/Drivers/STM32L0xx_HAL_Driver/Inc" -I"C:/Users/Nicolas/Documents/Projets/panneau solaire/st/solarMonitor/solarMonitor/Drivers/STM32L0xx_HAL_Driver/Inc/Legacy" -I"C:/Users/Nicolas/Documents/Projets/panneau solaire/st/solarMonitor/solarMonitor/Drivers/CMSIS/Device/ST/STM32L0xx/Include" -I"C:/Users/Nicolas/Documents/Projets/panneau solaire/st/solarMonitor/solarMonitor/Drivers/CMSIS/Include" -I"C:/Users/Nicolas/Documents/Projets/panneau solaire/st/solarMonitor/solarMonitor/Inc"  -Og -g3 -Wall -fmessage-length=0 -ffunction-sections -c -fmessage-length=0 -MMD -MP -MF"Src/uart.d" -MT"Src/uart.o" -o "Src/uart.o" "../Src/uart.c"
../Src/uart.c: In function 'enableUartInterrupt':
../Src/uart.c:16:23: error: 'huart1' undeclared (first use in this function)
  HAL_UART_Receive_IT(&huart1, &uartData[0], 1);
                       ^
../Src/uart.c:16:23: note: each undeclared identifier is reported only once for each function it appears in
make: *** [Src/uart.o] Error 1
11:43:12 **** Incremental Build of configuration Debug for project solarMonitor ****
make all 
Building file: ../Src/uart.c
Invoking: MCU GCC Compiler
%cd%
arm-none-eabi-gcc -mcpu=cortex-m0plus -mthumb -mfloat-abi=soft '-D__weak=__attribute__((weak))' '-D__packed=__attribute__((__packed__))' -DUSE_HAL_DRIVER -DSTM32L053xx -I"C:/Users/Nicolas/Documents/Projets/panneau solaire/st/solarMonitor/solarMonitor/Inc" -I"C:/Users/Nicolas/Documents/Projets/panneau solaire/st/solarMonitor/solarMonitor/Drivers/STM32L0xx_HAL_Driver/Inc" -I"C:/Users/Nicolas/Documents/Projets/panneau solaire/st/solarMonitor/solarMonitor/Drivers/STM32L0xx_HAL_Driver/Inc/Legacy" -I"C:/Users/Nicolas/Documents/Projets/panneau solaire/st/solarMonitor/solarMonitor/Drivers/CMSIS/Device/ST/STM32L0xx/Include" -I"C:/Users/Nicolas/Documents/Projets/panneau solaire/st/solarMonitor/solarMonitor/Drivers/CMSIS/Include" -I"C:/Users/Nicolas/Documents/Projets/panneau solaire/st/solarMonitor/solarMonitor/Inc"  -Og -g3 -Wall -fmessage-length=0 -ffunction-sections -c -fmessage-length=0 -MMD -MP -MF"Src/uart.d" -MT"Src/uart.o" -o "Src/uart.o" "../Src/uart.c"
Finished building: ../Src/uart.c
 
Building target: solarMonitor.elf
Invoking: MCU GCC Linker
arm-none-eabi-gcc -mcpu=cortex-m0plus -mthumb -mfloat-abi=soft -specs=nosys.specs -specs=nano.specs -T"../STM32L053R8Tx_FLASH.ld" -Wl,-Map=output.map -Wl,--gc-sections -lm -o "solarMonitor.elf" @"objects.list"  
Finished building target: solarMonitor.elf
 
make --no-print-directory post-build
Generating binary and Printing size information:
arm-none-eabi-objcopy -O binary "solarMonitor.elf" "solarMonitor.bin"
arm-none-eabi-size "solarMonitor.elf"
   text	   data	    bss	    dec	    hex	filename
  16464	     12	   5820	  22296	   5718	solarMonitor.elf
 
11:43:50 **** Incremental Build of configuration Debug for project solarMonitor ****
make all 
Building file: ../Src/uart.c
Invoking: MCU GCC Compiler
%cd%
arm-none-eabi-gcc -mcpu=cortex-m0plus -mthumb -mfloat-abi=soft '-D__weak=__attribute__((weak))' '-D__packed=__attribute__((__packed__))' -DUSE_HAL_DRIVER -DSTM32L053xx -I"C:/Users/Nicolas/Documents/Projets/panneau solaire/st/solarMonitor/solarMonitor/Inc" -I"C:/Users/Nicolas/Documents/Projets/panneau solaire/st/solarMonitor/solarMonitor/Drivers/STM32L0xx_HAL_Driver/Inc" -I"C:/Users/Nicolas/Documents/Projets/panneau solaire/st/solarMonitor/solarMonitor/Drivers/STM32L0xx_HAL_Driver/Inc/Legacy" -I"C:/Users/Nicolas/Documents/Projets/panneau solaire/st/solarMonitor/solarMonitor/Drivers/CMSIS/Device/ST/STM32L0xx/Include" -I"C:/Users/Nicolas/Documents/Projets/panneau solaire/st/solarMonitor/solarMonitor/Drivers/CMSIS/Include" -I"C:/Users/Nicolas/Documents/Projets/panneau solaire/st/solarMonitor/solarMonitor/Inc"  -Og -g3 -Wall -fmessage-length=0 -ffunction-sections -c -fmessage-length=0 -MMD -MP -MF"Src/uart.d" -MT"Src/uart.o" -o "Src/uart.o" "../Src/uart.c"
Finished building: ../Src/uart.c
 
Building target: solarMonitor.elf
Invoking: MCU GCC Linker
arm-none-eabi-gcc -mcpu=cortex-m0plus -mthumb -mfloat-abi=soft -specs=nosys.specs -specs=nano.specs -T"../STM32L053R8Tx_FLASH.ld" -Wl,-Map=output.map -Wl,--gc-sections -lm -o "solarMonitor.elf" @"objects.list"  
Finished building target: solarMonitor.elf
 
make --no-print-directory post-build
Generating binary and Printing size information:
arm-none-eabi-objcopy -O binary "solarMonitor.elf" "solarMonitor.bin"
arm-none-eabi-size "solarMonitor.elf"
   text	   data	    bss	    dec	    hex	filename
  16472	     12	   5820	  22304	   5720	solarMonitor.elf
 
11:47:01 **** Incremental Build of configuration Debug for project solarMonitor ****
make all 
Building file: ../Src/main.c
Invoking: MCU GCC Compiler
%cd%
arm-none-eabi-gcc -mcpu=cortex-m0plus -mthumb -mfloat-abi=soft '-D__weak=__attribute__((weak))' '-D__packed=__attribute__((__packed__))' -DUSE_HAL_DRIVER -DSTM32L053xx -I"C:/Users/Nicolas/Documents/Projets/panneau solaire/st/solarMonitor/solarMonitor/Inc" -I"C:/Users/Nicolas/Documents/Projets/panneau solaire/st/solarMonitor/solarMonitor/Drivers/STM32L0xx_HAL_Driver/Inc" -I"C:/Users/Nicolas/Documents/Projets/panneau solaire/st/solarMonitor/solarMonitor/Drivers/STM32L0xx_HAL_Driver/Inc/Legacy" -I"C:/Users/Nicolas/Documents/Projets/panneau solaire/st/solarMonitor/solarMonitor/Drivers/CMSIS/Device/ST/STM32L0xx/Include" -I"C:/Users/Nicolas/Documents/Projets/panneau solaire/st/solarMonitor/solarMonitor/Drivers/CMSIS/Include" -I"C:/Users/Nicolas/Documents/Projets/panneau solaire/st/solarMonitor/solarMonitor/Inc"  -Og -g3 -Wall -fmessage-length=0 -ffunction-sections -c -fmessage-length=0 -MMD -MP -MF"Src/main.d" -MT"Src/main.o" -o "Src/main.o" "../Src/main.c"
Finished building: ../Src/main.c
 
Building file: ../Src/stm32l0xx_it.c
Invoking: MCU GCC Compiler
%cd%
arm-none-eabi-gcc -mcpu=cortex-m0plus -mthumb -mfloat-abi=soft '-D__weak=__attribute__((weak))' '-D__packed=__attribute__((__packed__))' -DUSE_HAL_DRIVER -DSTM32L053xx -I"C:/Users/Nicolas/Documents/Projets/panneau solaire/st/solarMonitor/solarMonitor/Inc" -I"C:/Users/Nicolas/Documents/Projets/panneau solaire/st/solarMonitor/solarMonitor/Drivers/STM32L0xx_HAL_Driver/Inc" -I"C:/Users/Nicolas/Documents/Projets/panneau solaire/st/solarMonitor/solarMonitor/Drivers/STM32L0xx_HAL_Driver/Inc/Legacy" -I"C:/Users/Nicolas/Documents/Projets/panneau solaire/st/solarMonitor/solarMonitor/Drivers/CMSIS/Device/ST/STM32L0xx/Include" -I"C:/Users/Nicolas/Documents/Projets/panneau solaire/st/solarMonitor/solarMonitor/Drivers/CMSIS/Include" -I"C:/Users/Nicolas/Documents/Projets/panneau solaire/st/solarMonitor/solarMonitor/Inc"  -Og -g3 -Wall -fmessage-length=0 -ffunction-sections -c -fmessage-length=0 -MMD -MP -MF"Src/stm32l0xx_it.d" -MT"Src/stm32l0xx_it.o" -o "Src/stm32l0xx_it.o" "../Src/stm32l0xx_it.c"
Finished building: ../Src/stm32l0xx_it.c
 
Building file: ../Src/uart.c
Invoking: MCU GCC Compiler
%cd%
arm-none-eabi-gcc -mcpu=cortex-m0plus -mthumb -mfloat-abi=soft '-D__weak=__attribute__((weak))' '-D__packed=__attribute__((__packed__))' -DUSE_HAL_DRIVER -DSTM32L053xx -I"C:/Users/Nicolas/Documents/Projets/panneau solaire/st/solarMonitor/solarMonitor/Inc" -I"C:/Users/Nicolas/Documents/Projets/panneau solaire/st/solarMonitor/solarMonitor/Drivers/STM32L0xx_HAL_Driver/Inc" -I"C:/Users/Nicolas/Documents/Projets/panneau solaire/st/solarMonitor/solarMonitor/Drivers/STM32L0xx_HAL_Driver/Inc/Legacy" -I"C:/Users/Nicolas/Documents/Projets/panneau solaire/st/solarMonitor/solarMonitor/Drivers/CMSIS/Device/ST/STM32L0xx/Include" -I"C:/Users/Nicolas/Documents/Projets/panneau solaire/st/solarMonitor/solarMonitor/Drivers/CMSIS/Include" -I"C:/Users/Nicolas/Documents/Projets/panneau solaire/st/solarMonitor/solarMonitor/Inc"  -Og -g3 -Wall -fmessage-length=0 -ffunction-sections -c -fmessage-length=0 -MMD -MP -MF"Src/uart.d" -MT"Src/uart.o" -o "Src/uart.o" "../Src/uart.c"
Finished building: ../Src/uart.c
 
Building target: solarMonitor.elf
Invoking: MCU GCC Linker
arm-none-eabi-gcc -mcpu=cortex-m0plus -mthumb -mfloat-abi=soft -specs=nosys.specs -specs=nano.specs -T"../STM32L053R8Tx_FLASH.ld" -Wl,-Map=output.map -Wl,--gc-sections -lm -o "solarMonitor.elf" @"objects.list"  
Finished building target: solarMonitor.elf
 
make --no-print-directory post-build
Generating binary and Printing size information:
arm-none-eabi-objcopy -O binary "solarMonitor.elf" "solarMonitor.bin"
arm-none-eabi-size "solarMonitor.elf"
   text	   data	    bss	    dec	    hex	filename
  16472	     12	   5716	  22200	   56b8	solarMonitor.elf
 
