13:20:10 **** Incremental Build of configuration Debug for project solarMonitor ****
make all 
Building file: ../Src/solarMonitor.c
Invoking: MCU GCC Compiler
%cd%
arm-none-eabi-gcc -mcpu=cortex-m0plus -mthumb -mfloat-abi=soft '-D__weak=__attribute__((weak))' '-D__packed=__attribute__((__packed__))' -DUSE_HAL_DRIVER -DSTM32L053xx -I"C:/Users/Nicolas/Documents/Projets/panneau solaire/st/solarMonitor/solarMonitor/Inc" -I"C:/Users/Nicolas/Documents/Projets/panneau solaire/st/solarMonitor/solarMonitor/Drivers/STM32L0xx_HAL_Driver/Inc" -I"C:/Users/Nicolas/Documents/Projets/panneau solaire/st/solarMonitor/solarMonitor/Drivers/STM32L0xx_HAL_Driver/Inc/Legacy" -I"C:/Users/Nicolas/Documents/Projets/panneau solaire/st/solarMonitor/solarMonitor/Drivers/CMSIS/Device/ST/STM32L0xx/Include" -I"C:/Users/Nicolas/Documents/Projets/panneau solaire/st/solarMonitor/solarMonitor/Drivers/CMSIS/Include" -I"C:/Users/Nicolas/Documents/Projets/panneau solaire/st/solarMonitor/solarMonitor/Inc"  -Og -g3 -Wall -fmessage-length=0 -ffunction-sections -c -fmessage-length=0 -MMD -MP -MF"Src/solarMonitor.d" -MT"Src/solarMonitor.o" -o "Src/solarMonitor.o" "../Src/solarMonitor.c"
../Src/solarMonitor.c: In function 'takeMes':
../Src/solarMonitor.c:36:11: warning: unused variable 'mesID' [-Wunused-variable]
  uint32_t mesID;
           ^
../Src/solarMonitor.c: In function 'testFlash':
../Src/solarMonitor.c:115:14: warning: unused variable 'k' [-Wunused-variable]
  uint32_t j, k;
              ^
Finished building: ../Src/solarMonitor.c
 
Building target: solarMonitor.elf
Invoking: MCU GCC Linker
arm-none-eabi-gcc -mcpu=cortex-m0plus -mthumb -mfloat-abi=soft -specs=nosys.specs -specs=nano.specs -T"../STM32L053R8Tx_FLASH.ld" -Wl,-Map=output.map -Wl,--gc-sections -lm -o "solarMonitor.elf" @"objects.list"  
Finished building target: solarMonitor.elf
 
make --no-print-directory post-build
Generating binary and Printing size information:
arm-none-eabi-objcopy -O binary "solarMonitor.elf" "solarMonitor.bin"
arm-none-eabi-size "solarMonitor.elf"
   text	   data	    bss	    dec	    hex	filename
  17532	     12	   5716	  23260	   5adc	solarMonitor.elf
 
13:33:07 **** Incremental Build of configuration Debug for project solarMonitor ****
make all 
Building file: ../Src/main.c
Invoking: MCU GCC Compiler
%cd%
arm-none-eabi-gcc -mcpu=cortex-m0plus -mthumb -mfloat-abi=soft '-D__weak=__attribute__((weak))' '-D__packed=__attribute__((__packed__))' -DUSE_HAL_DRIVER -DSTM32L053xx -I"C:/Users/Nicolas/Documents/Projets/panneau solaire/st/solarMonitor/solarMonitor/Inc" -I"C:/Users/Nicolas/Documents/Projets/panneau solaire/st/solarMonitor/solarMonitor/Drivers/STM32L0xx_HAL_Driver/Inc" -I"C:/Users/Nicolas/Documents/Projets/panneau solaire/st/solarMonitor/solarMonitor/Drivers/STM32L0xx_HAL_Driver/Inc/Legacy" -I"C:/Users/Nicolas/Documents/Projets/panneau solaire/st/solarMonitor/solarMonitor/Drivers/CMSIS/Device/ST/STM32L0xx/Include" -I"C:/Users/Nicolas/Documents/Projets/panneau solaire/st/solarMonitor/solarMonitor/Drivers/CMSIS/Include" -I"C:/Users/Nicolas/Documents/Projets/panneau solaire/st/solarMonitor/solarMonitor/Inc"  -Og -g3 -Wall -fmessage-length=0 -ffunction-sections -c -fmessage-length=0 -MMD -MP -MF"Src/main.d" -MT"Src/main.o" -o "Src/main.o" "../Src/main.c"
Finished building: ../Src/main.c
 
Building file: ../Src/solarMonitor.c
Invoking: MCU GCC Compiler
%cd%
arm-none-eabi-gcc -mcpu=cortex-m0plus -mthumb -mfloat-abi=soft '-D__weak=__attribute__((weak))' '-D__packed=__attribute__((__packed__))' -DUSE_HAL_DRIVER -DSTM32L053xx -I"C:/Users/Nicolas/Documents/Projets/panneau solaire/st/solarMonitor/solarMonitor/Inc" -I"C:/Users/Nicolas/Documents/Projets/panneau solaire/st/solarMonitor/solarMonitor/Drivers/STM32L0xx_HAL_Driver/Inc" -I"C:/Users/Nicolas/Documents/Projets/panneau solaire/st/solarMonitor/solarMonitor/Drivers/STM32L0xx_HAL_Driver/Inc/Legacy" -I"C:/Users/Nicolas/Documents/Projets/panneau solaire/st/solarMonitor/solarMonitor/Drivers/CMSIS/Device/ST/STM32L0xx/Include" -I"C:/Users/Nicolas/Documents/Projets/panneau solaire/st/solarMonitor/solarMonitor/Drivers/CMSIS/Include" -I"C:/Users/Nicolas/Documents/Projets/panneau solaire/st/solarMonitor/solarMonitor/Inc"  -Og -g3 -Wall -fmessage-length=0 -ffunction-sections -c -fmessage-length=0 -MMD -MP -MF"Src/solarMonitor.d" -MT"Src/solarMonitor.o" -o "Src/solarMonitor.o" "../Src/solarMonitor.c"
../Src/solarMonitor.c: In function 'takeMes':
../Src/solarMonitor.c:36:11: warning: unused variable 'mesID' [-Wunused-variable]
  uint32_t mesID;
           ^
Finished building: ../Src/solarMonitor.c
 
Building file: ../Src/stm32l0xx_it.c
Invoking: MCU GCC Compiler
%cd%
arm-none-eabi-gcc -mcpu=cortex-m0plus -mthumb -mfloat-abi=soft '-D__weak=__attribute__((weak))' '-D__packed=__attribute__((__packed__))' -DUSE_HAL_DRIVER -DSTM32L053xx -I"C:/Users/Nicolas/Documents/Projets/panneau solaire/st/solarMonitor/solarMonitor/Inc" -I"C:/Users/Nicolas/Documents/Projets/panneau solaire/st/solarMonitor/solarMonitor/Drivers/STM32L0xx_HAL_Driver/Inc" -I"C:/Users/Nicolas/Documents/Projets/panneau solaire/st/solarMonitor/solarMonitor/Drivers/STM32L0xx_HAL_Driver/Inc/Legacy" -I"C:/Users/Nicolas/Documents/Projets/panneau solaire/st/solarMonitor/solarMonitor/Drivers/CMSIS/Device/ST/STM32L0xx/Include" -I"C:/Users/Nicolas/Documents/Projets/panneau solaire/st/solarMonitor/solarMonitor/Drivers/CMSIS/Include" -I"C:/Users/Nicolas/Documents/Projets/panneau solaire/st/solarMonitor/solarMonitor/Inc"  -Og -g3 -Wall -fmessage-length=0 -ffunction-sections -c -fmessage-length=0 -MMD -MP -MF"Src/stm32l0xx_it.d" -MT"Src/stm32l0xx_it.o" -o "Src/stm32l0xx_it.o" "../Src/stm32l0xx_it.c"
Finished building: ../Src/stm32l0xx_it.c
 
Building file: ../Src/uart.c
Invoking: MCU GCC Compiler
%cd%
arm-none-eabi-gcc -mcpu=cortex-m0plus -mthumb -mfloat-abi=soft '-D__weak=__attribute__((weak))' '-D__packed=__attribute__((__packed__))' -DUSE_HAL_DRIVER -DSTM32L053xx -I"C:/Users/Nicolas/Documents/Projets/panneau solaire/st/solarMonitor/solarMonitor/Inc" -I"C:/Users/Nicolas/Documents/Projets/panneau solaire/st/solarMonitor/solarMonitor/Drivers/STM32L0xx_HAL_Driver/Inc" -I"C:/Users/Nicolas/Documents/Projets/panneau solaire/st/solarMonitor/solarMonitor/Drivers/STM32L0xx_HAL_Driver/Inc/Legacy" -I"C:/Users/Nicolas/Documents/Projets/panneau solaire/st/solarMonitor/solarMonitor/Drivers/CMSIS/Device/ST/STM32L0xx/Include" -I"C:/Users/Nicolas/Documents/Projets/panneau solaire/st/solarMonitor/solarMonitor/Drivers/CMSIS/Include" -I"C:/Users/Nicolas/Documents/Projets/panneau solaire/st/solarMonitor/solarMonitor/Inc"  -Og -g3 -Wall -fmessage-length=0 -ffunction-sections -c -fmessage-length=0 -MMD -MP -MF"Src/uart.d" -MT"Src/uart.o" -o "Src/uart.o" "../Src/uart.c"
Finished building: ../Src/uart.c
 
Building target: solarMonitor.elf
Invoking: MCU GCC Linker
arm-none-eabi-gcc -mcpu=cortex-m0plus -mthumb -mfloat-abi=soft -specs=nosys.specs -specs=nano.specs -T"../STM32L053R8Tx_FLASH.ld" -Wl,-Map=output.map -Wl,--gc-sections -lm -o "solarMonitor.elf" @"objects.list"  
Finished building target: solarMonitor.elf
 
make --no-print-directory post-build
Generating binary and Printing size information:
arm-none-eabi-objcopy -O binary "solarMonitor.elf" "solarMonitor.bin"
arm-none-eabi-size "solarMonitor.elf"
   text	   data	    bss	    dec	    hex	filename
  17580	     12	   5716	  23308	   5b0c	solarMonitor.elf
 
13:42:09 **** Incremental Build of configuration Debug for project solarMonitor ****
make all 
Building file: ../Src/main.c
Invoking: MCU GCC Compiler
%cd%
arm-none-eabi-gcc -mcpu=cortex-m0plus -mthumb -mfloat-abi=soft '-D__weak=__attribute__((weak))' '-D__packed=__attribute__((__packed__))' -DUSE_HAL_DRIVER -DSTM32L053xx -I"C:/Users/Nicolas/Documents/Projets/panneau solaire/st/solarMonitor/solarMonitor/Inc" -I"C:/Users/Nicolas/Documents/Projets/panneau solaire/st/solarMonitor/solarMonitor/Drivers/STM32L0xx_HAL_Driver/Inc" -I"C:/Users/Nicolas/Documents/Projets/panneau solaire/st/solarMonitor/solarMonitor/Drivers/STM32L0xx_HAL_Driver/Inc/Legacy" -I"C:/Users/Nicolas/Documents/Projets/panneau solaire/st/solarMonitor/solarMonitor/Drivers/CMSIS/Device/ST/STM32L0xx/Include" -I"C:/Users/Nicolas/Documents/Projets/panneau solaire/st/solarMonitor/solarMonitor/Drivers/CMSIS/Include" -I"C:/Users/Nicolas/Documents/Projets/panneau solaire/st/solarMonitor/solarMonitor/Inc"  -Og -g3 -Wall -fmessage-length=0 -ffunction-sections -c -fmessage-length=0 -MMD -MP -MF"Src/main.d" -MT"Src/main.o" -o "Src/main.o" "../Src/main.c"
Finished building: ../Src/main.c
 
Building file: ../Src/solarMonitor.c
Invoking: MCU GCC Compiler
%cd%
arm-none-eabi-gcc -mcpu=cortex-m0plus -mthumb -mfloat-abi=soft '-D__weak=__attribute__((weak))' '-D__packed=__attribute__((__packed__))' -DUSE_HAL_DRIVER -DSTM32L053xx -I"C:/Users/Nicolas/Documents/Projets/panneau solaire/st/solarMonitor/solarMonitor/Inc" -I"C:/Users/Nicolas/Documents/Projets/panneau solaire/st/solarMonitor/solarMonitor/Drivers/STM32L0xx_HAL_Driver/Inc" -I"C:/Users/Nicolas/Documents/Projets/panneau solaire/st/solarMonitor/solarMonitor/Drivers/STM32L0xx_HAL_Driver/Inc/Legacy" -I"C:/Users/Nicolas/Documents/Projets/panneau solaire/st/solarMonitor/solarMonitor/Drivers/CMSIS/Device/ST/STM32L0xx/Include" -I"C:/Users/Nicolas/Documents/Projets/panneau solaire/st/solarMonitor/solarMonitor/Drivers/CMSIS/Include" -I"C:/Users/Nicolas/Documents/Projets/panneau solaire/st/solarMonitor/solarMonitor/Inc"  -Og -g3 -Wall -fmessage-length=0 -ffunction-sections -c -fmessage-length=0 -MMD -MP -MF"Src/solarMonitor.d" -MT"Src/solarMonitor.o" -o "Src/solarMonitor.o" "../Src/solarMonitor.c"
../Src/solarMonitor.c: In function 'takeMes':
../Src/solarMonitor.c:65:77: error: expected ')' before ';' token
  flash_pageProgram(flash_readMemory(COUNTER_ADDRESS_ORIGIN+i, 1, &flashData);)
                                                                             ^
../Src/solarMonitor.c:65:77: error: invalid use of void expression
../Src/solarMonitor.c:65:2: error: too few arguments to function 'flash_pageProgram'
  flash_pageProgram(flash_readMemory(COUNTER_ADDRESS_ORIGIN+i, 1, &flashData);)
  ^
In file included from ../Src/solarMonitor.c:11:0:
C:/Users/Nicolas/Documents/Projets/panneau solaire/st/solarMonitor/solarMonitor/Inc/flash.h:38:6: note: declared here
 void flash_pageProgram(uint32_t address, uint32_t size, uint8_t* flashData);
      ^
../Src/solarMonitor.c:66:2: error: expected ';' before 'i'
  i++;
  ^
../Src/solarMonitor.c:36:11: warning: variable 'mesID' set but not used [-Wunused-but-set-variable]
  uint32_t mesID;
           ^
../Src/solarMonitor.c: In function 'initFlashCounter':
../Src/solarMonitor.c:101:14: warning: unused variable 'k' [-Wunused-variable]
  uint32_t j, k;
              ^
make: *** [Src/solarMonitor.o] Error 1
13:42:33 **** Incremental Build of configuration Debug for project solarMonitor ****
make all 
Building file: ../Src/solarMonitor.c
Invoking: MCU GCC Compiler
%cd%
arm-none-eabi-gcc -mcpu=cortex-m0plus -mthumb -mfloat-abi=soft '-D__weak=__attribute__((weak))' '-D__packed=__attribute__((__packed__))' -DUSE_HAL_DRIVER -DSTM32L053xx -I"C:/Users/Nicolas/Documents/Projets/panneau solaire/st/solarMonitor/solarMonitor/Inc" -I"C:/Users/Nicolas/Documents/Projets/panneau solaire/st/solarMonitor/solarMonitor/Drivers/STM32L0xx_HAL_Driver/Inc" -I"C:/Users/Nicolas/Documents/Projets/panneau solaire/st/solarMonitor/solarMonitor/Drivers/STM32L0xx_HAL_Driver/Inc/Legacy" -I"C:/Users/Nicolas/Documents/Projets/panneau solaire/st/solarMonitor/solarMonitor/Drivers/CMSIS/Device/ST/STM32L0xx/Include" -I"C:/Users/Nicolas/Documents/Projets/panneau solaire/st/solarMonitor/solarMonitor/Drivers/CMSIS/Include" -I"C:/Users/Nicolas/Documents/Projets/panneau solaire/st/solarMonitor/solarMonitor/Inc"  -Og -g3 -Wall -fmessage-length=0 -ffunction-sections -c -fmessage-length=0 -MMD -MP -MF"Src/solarMonitor.d" -MT"Src/solarMonitor.o" -o "Src/solarMonitor.o" "../Src/solarMonitor.c"
../Src/solarMonitor.c: In function 'takeMes':
../Src/solarMonitor.c:65:2: error: invalid use of void expression
  flash_pageProgram(flash_readMemory(COUNTER_ADDRESS_ORIGIN+i, 1, &flashData));
  ^
../Src/solarMonitor.c:65:2: error: too few arguments to function 'flash_pageProgram'
In file included from ../Src/solarMonitor.c:11:0:
C:/Users/Nicolas/Documents/Projets/panneau solaire/st/solarMonitor/solarMonitor/Inc/flash.h:38:6: note: declared here
 void flash_pageProgram(uint32_t address, uint32_t size, uint8_t* flashData);
      ^
../Src/solarMonitor.c:36:11: warning: variable 'mesID' set but not used [-Wunused-but-set-variable]
  uint32_t mesID;
           ^
../Src/solarMonitor.c: In function 'initFlashCounter':
../Src/solarMonitor.c:101:14: warning: unused variable 'k' [-Wunused-variable]
  uint32_t j, k;
              ^
make: *** [Src/solarMonitor.o] Error 1
13:43:13 **** Incremental Build of configuration Debug for project solarMonitor ****
make all 
Building file: ../Src/solarMonitor.c
Invoking: MCU GCC Compiler
%cd%
arm-none-eabi-gcc -mcpu=cortex-m0plus -mthumb -mfloat-abi=soft '-D__weak=__attribute__((weak))' '-D__packed=__attribute__((__packed__))' -DUSE_HAL_DRIVER -DSTM32L053xx -I"C:/Users/Nicolas/Documents/Projets/panneau solaire/st/solarMonitor/solarMonitor/Inc" -I"C:/Users/Nicolas/Documents/Projets/panneau solaire/st/solarMonitor/solarMonitor/Drivers/STM32L0xx_HAL_Driver/Inc" -I"C:/Users/Nicolas/Documents/Projets/panneau solaire/st/solarMonitor/solarMonitor/Drivers/STM32L0xx_HAL_Driver/Inc/Legacy" -I"C:/Users/Nicolas/Documents/Projets/panneau solaire/st/solarMonitor/solarMonitor/Drivers/CMSIS/Device/ST/STM32L0xx/Include" -I"C:/Users/Nicolas/Documents/Projets/panneau solaire/st/solarMonitor/solarMonitor/Drivers/CMSIS/Include" -I"C:/Users/Nicolas/Documents/Projets/panneau solaire/st/solarMonitor/solarMonitor/Inc"  -Og -g3 -Wall -fmessage-length=0 -ffunction-sections -c -fmessage-length=0 -MMD -MP -MF"Src/solarMonitor.d" -MT"Src/solarMonitor.o" -o "Src/solarMonitor.o" "../Src/solarMonitor.c"
../Src/solarMonitor.c: In function 'takeMes':
../Src/solarMonitor.c:36:11: warning: variable 'mesID' set but not used [-Wunused-but-set-variable]
  uint32_t mesID;
           ^
../Src/solarMonitor.c: In function 'initFlashCounter':
../Src/solarMonitor.c:101:14: warning: unused variable 'k' [-Wunused-variable]
  uint32_t j, k;
              ^
Finished building: ../Src/solarMonitor.c
 
Building file: ../Src/uart.c
Invoking: MCU GCC Compiler
%cd%
arm-none-eabi-gcc -mcpu=cortex-m0plus -mthumb -mfloat-abi=soft '-D__weak=__attribute__((weak))' '-D__packed=__attribute__((__packed__))' -DUSE_HAL_DRIVER -DSTM32L053xx -I"C:/Users/Nicolas/Documents/Projets/panneau solaire/st/solarMonitor/solarMonitor/Inc" -I"C:/Users/Nicolas/Documents/Projets/panneau solaire/st/solarMonitor/solarMonitor/Drivers/STM32L0xx_HAL_Driver/Inc" -I"C:/Users/Nicolas/Documents/Projets/panneau solaire/st/solarMonitor/solarMonitor/Drivers/STM32L0xx_HAL_Driver/Inc/Legacy" -I"C:/Users/Nicolas/Documents/Projets/panneau solaire/st/solarMonitor/solarMonitor/Drivers/CMSIS/Device/ST/STM32L0xx/Include" -I"C:/Users/Nicolas/Documents/Projets/panneau solaire/st/solarMonitor/solarMonitor/Drivers/CMSIS/Include" -I"C:/Users/Nicolas/Documents/Projets/panneau solaire/st/solarMonitor/solarMonitor/Inc"  -Og -g3 -Wall -fmessage-length=0 -ffunction-sections -c -fmessage-length=0 -MMD -MP -MF"Src/uart.d" -MT"Src/uart.o" -o "Src/uart.o" "../Src/uart.c"
../Src/uart.c: In function 'uartReceived':
../Src/uart.c:26:29: error: 'hlptim1' undeclared (first use in this function)
  HAL_LPTIM_Counter_Stop_IT(&hlptim1); //disable measurements during uart communication
                             ^
../Src/uart.c:26:29: note: each undeclared identifier is reported only once for each function it appears in
make: *** [Src/uart.o] Error 1
13:43:59 **** Incremental Build of configuration Debug for project solarMonitor ****
make all 
Building file: ../Src/uart.c
Invoking: MCU GCC Compiler
%cd%
arm-none-eabi-gcc -mcpu=cortex-m0plus -mthumb -mfloat-abi=soft '-D__weak=__attribute__((weak))' '-D__packed=__attribute__((__packed__))' -DUSE_HAL_DRIVER -DSTM32L053xx -I"C:/Users/Nicolas/Documents/Projets/panneau solaire/st/solarMonitor/solarMonitor/Inc" -I"C:/Users/Nicolas/Documents/Projets/panneau solaire/st/solarMonitor/solarMonitor/Drivers/STM32L0xx_HAL_Driver/Inc" -I"C:/Users/Nicolas/Documents/Projets/panneau solaire/st/solarMonitor/solarMonitor/Drivers/STM32L0xx_HAL_Driver/Inc/Legacy" -I"C:/Users/Nicolas/Documents/Projets/panneau solaire/st/solarMonitor/solarMonitor/Drivers/CMSIS/Device/ST/STM32L0xx/Include" -I"C:/Users/Nicolas/Documents/Projets/panneau solaire/st/solarMonitor/solarMonitor/Drivers/CMSIS/Include" -I"C:/Users/Nicolas/Documents/Projets/panneau solaire/st/solarMonitor/solarMonitor/Inc"  -Og -g3 -Wall -fmessage-length=0 -ffunction-sections -c -fmessage-length=0 -MMD -MP -MF"Src/uart.d" -MT"Src/uart.o" -o "Src/uart.o" "../Src/uart.c"
Finished building: ../Src/uart.c
 
Building target: solarMonitor.elf
Invoking: MCU GCC Linker
arm-none-eabi-gcc -mcpu=cortex-m0plus -mthumb -mfloat-abi=soft -specs=nosys.specs -specs=nano.specs -T"../STM32L053R8Tx_FLASH.ld" -Wl,-Map=output.map -Wl,--gc-sections -lm -o "solarMonitor.elf" @"objects.list"  
Finished building target: solarMonitor.elf
 
make --no-print-directory post-build
Generating binary and Printing size information:
arm-none-eabi-objcopy -O binary "solarMonitor.elf" "solarMonitor.bin"
arm-none-eabi-size "solarMonitor.elf"
   text	   data	    bss	    dec	    hex	filename
  17788	     12	   5716	  23516	   5bdc	solarMonitor.elf
 
13:46:29 **** Incremental Build of configuration Debug for project solarMonitor ****
make all 
Building file: ../Src/uart.c
Invoking: MCU GCC Compiler
%cd%
arm-none-eabi-gcc -mcpu=cortex-m0plus -mthumb -mfloat-abi=soft '-D__weak=__attribute__((weak))' '-D__packed=__attribute__((__packed__))' -DUSE_HAL_DRIVER -DSTM32L053xx -I"C:/Users/Nicolas/Documents/Projets/panneau solaire/st/solarMonitor/solarMonitor/Inc" -I"C:/Users/Nicolas/Documents/Projets/panneau solaire/st/solarMonitor/solarMonitor/Drivers/STM32L0xx_HAL_Driver/Inc" -I"C:/Users/Nicolas/Documents/Projets/panneau solaire/st/solarMonitor/solarMonitor/Drivers/STM32L0xx_HAL_Driver/Inc/Legacy" -I"C:/Users/Nicolas/Documents/Projets/panneau solaire/st/solarMonitor/solarMonitor/Drivers/CMSIS/Device/ST/STM32L0xx/Include" -I"C:/Users/Nicolas/Documents/Projets/panneau solaire/st/solarMonitor/solarMonitor/Drivers/CMSIS/Include" -I"C:/Users/Nicolas/Documents/Projets/panneau solaire/st/solarMonitor/solarMonitor/Inc"  -Og -g3 -Wall -fmessage-length=0 -ffunction-sections -c -fmessage-length=0 -MMD -MP -MF"Src/uart.d" -MT"Src/uart.o" -o "Src/uart.o" "../Src/uart.c"
Finished building: ../Src/uart.c
 
Building target: solarMonitor.elf
Invoking: MCU GCC Linker
arm-none-eabi-gcc -mcpu=cortex-m0plus -mthumb -mfloat-abi=soft -specs=nosys.specs -specs=nano.specs -T"../STM32L053R8Tx_FLASH.ld" -Wl,-Map=output.map -Wl,--gc-sections -lm -o "solarMonitor.elf" @"objects.list"  
Finished building target: solarMonitor.elf
 
make --no-print-directory post-build
Generating binary and Printing size information:
arm-none-eabi-objcopy -O binary "solarMonitor.elf" "solarMonitor.bin"
arm-none-eabi-size "solarMonitor.elf"
   text	   data	    bss	    dec	    hex	filename
  17588	     12	   5716	  23316	   5b14	solarMonitor.elf
 
13:47:58 **** Incremental Build of configuration Debug for project solarMonitor ****
make all 
Building file: ../Src/flash.c
Invoking: MCU GCC Compiler
%cd%
arm-none-eabi-gcc -mcpu=cortex-m0plus -mthumb -mfloat-abi=soft '-D__weak=__attribute__((weak))' '-D__packed=__attribute__((__packed__))' -DUSE_HAL_DRIVER -DSTM32L053xx -I"C:/Users/Nicolas/Documents/Projets/panneau solaire/st/solarMonitor/solarMonitor/Inc" -I"C:/Users/Nicolas/Documents/Projets/panneau solaire/st/solarMonitor/solarMonitor/Drivers/STM32L0xx_HAL_Driver/Inc" -I"C:/Users/Nicolas/Documents/Projets/panneau solaire/st/solarMonitor/solarMonitor/Drivers/STM32L0xx_HAL_Driver/Inc/Legacy" -I"C:/Users/Nicolas/Documents/Projets/panneau solaire/st/solarMonitor/solarMonitor/Drivers/CMSIS/Device/ST/STM32L0xx/Include" -I"C:/Users/Nicolas/Documents/Projets/panneau solaire/st/solarMonitor/solarMonitor/Drivers/CMSIS/Include" -I"C:/Users/Nicolas/Documents/Projets/panneau solaire/st/solarMonitor/solarMonitor/Inc"  -Og -g3 -Wall -fmessage-length=0 -ffunction-sections -c -fmessage-length=0 -MMD -MP -MF"Src/flash.d" -MT"Src/flash.o" -o "Src/flash.o" "../Src/flash.c"
Finished building: ../Src/flash.c
 
Building file: ../Src/main.c
Invoking: MCU GCC Compiler
%cd%
arm-none-eabi-gcc -mcpu=cortex-m0plus -mthumb -mfloat-abi=soft '-D__weak=__attribute__((weak))' '-D__packed=__attribute__((__packed__))' -DUSE_HAL_DRIVER -DSTM32L053xx -I"C:/Users/Nicolas/Documents/Projets/panneau solaire/st/solarMonitor/solarMonitor/Inc" -I"C:/Users/Nicolas/Documents/Projets/panneau solaire/st/solarMonitor/solarMonitor/Drivers/STM32L0xx_HAL_Driver/Inc" -I"C:/Users/Nicolas/Documents/Projets/panneau solaire/st/solarMonitor/solarMonitor/Drivers/STM32L0xx_HAL_Driver/Inc/Legacy" -I"C:/Users/Nicolas/Documents/Projets/panneau solaire/st/solarMonitor/solarMonitor/Drivers/CMSIS/Device/ST/STM32L0xx/Include" -I"C:/Users/Nicolas/Documents/Projets/panneau solaire/st/solarMonitor/solarMonitor/Drivers/CMSIS/Include" -I"C:/Users/Nicolas/Documents/Projets/panneau solaire/st/solarMonitor/solarMonitor/Inc"  -Og -g3 -Wall -fmessage-length=0 -ffunction-sections -c -fmessage-length=0 -MMD -MP -MF"Src/main.d" -MT"Src/main.o" -o "Src/main.o" "../Src/main.c"
Finished building: ../Src/main.c
 
Building file: ../Src/solarMonitor.c
Invoking: MCU GCC Compiler
%cd%
arm-none-eabi-gcc -mcpu=cortex-m0plus -mthumb -mfloat-abi=soft '-D__weak=__attribute__((weak))' '-D__packed=__attribute__((__packed__))' -DUSE_HAL_DRIVER -DSTM32L053xx -I"C:/Users/Nicolas/Documents/Projets/panneau solaire/st/solarMonitor/solarMonitor/Inc" -I"C:/Users/Nicolas/Documents/Projets/panneau solaire/st/solarMonitor/solarMonitor/Drivers/STM32L0xx_HAL_Driver/Inc" -I"C:/Users/Nicolas/Documents/Projets/panneau solaire/st/solarMonitor/solarMonitor/Drivers/STM32L0xx_HAL_Driver/Inc/Legacy" -I"C:/Users/Nicolas/Documents/Projets/panneau solaire/st/solarMonitor/solarMonitor/Drivers/CMSIS/Device/ST/STM32L0xx/Include" -I"C:/Users/Nicolas/Documents/Projets/panneau solaire/st/solarMonitor/solarMonitor/Drivers/CMSIS/Include" -I"C:/Users/Nicolas/Documents/Projets/panneau solaire/st/solarMonitor/solarMonitor/Inc"  -Og -g3 -Wall -fmessage-length=0 -ffunction-sections -c -fmessage-length=0 -MMD -MP -MF"Src/solarMonitor.d" -MT"Src/solarMonitor.o" -o "Src/solarMonitor.o" "../Src/solarMonitor.c"
../Src/solarMonitor.c: In function 'takeMes':
../Src/solarMonitor.c:36:11: warning: variable 'mesID' set but not used [-Wunused-but-set-variable]
  uint32_t mesID;
           ^
../Src/solarMonitor.c: In function 'initFlashCounter':
../Src/solarMonitor.c:101:14: warning: unused variable 'k' [-Wunused-variable]
  uint32_t j, k;
              ^
Finished building: ../Src/solarMonitor.c
 
Building file: ../Src/stm32l0xx_hal_msp.c
Invoking: MCU GCC Compiler
%cd%
arm-none-eabi-gcc -mcpu=cortex-m0plus -mthumb -mfloat-abi=soft '-D__weak=__attribute__((weak))' '-D__packed=__attribute__((__packed__))' -DUSE_HAL_DRIVER -DSTM32L053xx -I"C:/Users/Nicolas/Documents/Projets/panneau solaire/st/solarMonitor/solarMonitor/Inc" -I"C:/Users/Nicolas/Documents/Projets/panneau solaire/st/solarMonitor/solarMonitor/Drivers/STM32L0xx_HAL_Driver/Inc" -I"C:/Users/Nicolas/Documents/Projets/panneau solaire/st/solarMonitor/solarMonitor/Drivers/STM32L0xx_HAL_Driver/Inc/Legacy" -I"C:/Users/Nicolas/Documents/Projets/panneau solaire/st/solarMonitor/solarMonitor/Drivers/CMSIS/Device/ST/STM32L0xx/Include" -I"C:/Users/Nicolas/Documents/Projets/panneau solaire/st/solarMonitor/solarMonitor/Drivers/CMSIS/Include" -I"C:/Users/Nicolas/Documents/Projets/panneau solaire/st/solarMonitor/solarMonitor/Inc"  -Og -g3 -Wall -fmessage-length=0 -ffunction-sections -c -fmessage-length=0 -MMD -MP -MF"Src/stm32l0xx_hal_msp.d" -MT"Src/stm32l0xx_hal_msp.o" -o "Src/stm32l0xx_hal_msp.o" "../Src/stm32l0xx_hal_msp.c"
Finished building: ../Src/stm32l0xx_hal_msp.c
 
Building file: ../Src/stm32l0xx_it.c
Invoking: MCU GCC Compiler
%cd%
arm-none-eabi-gcc -mcpu=cortex-m0plus -mthumb -mfloat-abi=soft '-D__weak=__attribute__((weak))' '-D__packed=__attribute__((__packed__))' -DUSE_HAL_DRIVER -DSTM32L053xx -I"C:/Users/Nicolas/Documents/Projets/panneau solaire/st/solarMonitor/solarMonitor/Inc" -I"C:/Users/Nicolas/Documents/Projets/panneau solaire/st/solarMonitor/solarMonitor/Drivers/STM32L0xx_HAL_Driver/Inc" -I"C:/Users/Nicolas/Documents/Projets/panneau solaire/st/solarMonitor/solarMonitor/Drivers/STM32L0xx_HAL_Driver/Inc/Legacy" -I"C:/Users/Nicolas/Documents/Projets/panneau solaire/st/solarMonitor/solarMonitor/Drivers/CMSIS/Device/ST/STM32L0xx/Include" -I"C:/Users/Nicolas/Documents/Projets/panneau solaire/st/solarMonitor/solarMonitor/Drivers/CMSIS/Include" -I"C:/Users/Nicolas/Documents/Projets/panneau solaire/st/solarMonitor/solarMonitor/Inc"  -Og -g3 -Wall -fmessage-length=0 -ffunction-sections -c -fmessage-length=0 -MMD -MP -MF"Src/stm32l0xx_it.d" -MT"Src/stm32l0xx_it.o" -o "Src/stm32l0xx_it.o" "../Src/stm32l0xx_it.c"
Finished building: ../Src/stm32l0xx_it.c
 
Building file: ../Src/system_stm32l0xx.c
Invoking: MCU GCC Compiler
%cd%
arm-none-eabi-gcc -mcpu=cortex-m0plus -mthumb -mfloat-abi=soft '-D__weak=__attribute__((weak))' '-D__packed=__attribute__((__packed__))' -DUSE_HAL_DRIVER -DSTM32L053xx -I"C:/Users/Nicolas/Documents/Projets/panneau solaire/st/solarMonitor/solarMonitor/Inc" -I"C:/Users/Nicolas/Documents/Projets/panneau solaire/st/solarMonitor/solarMonitor/Drivers/STM32L0xx_HAL_Driver/Inc" -I"C:/Users/Nicolas/Documents/Projets/panneau solaire/st/solarMonitor/solarMonitor/Drivers/STM32L0xx_HAL_Driver/Inc/Legacy" -I"C:/Users/Nicolas/Documents/Projets/panneau solaire/st/solarMonitor/solarMonitor/Drivers/CMSIS/Device/ST/STM32L0xx/Include" -I"C:/Users/Nicolas/Documents/Projets/panneau solaire/st/solarMonitor/solarMonitor/Drivers/CMSIS/Include" -I"C:/Users/Nicolas/Documents/Projets/panneau solaire/st/solarMonitor/solarMonitor/Inc"  -Og -g3 -Wall -fmessage-length=0 -ffunction-sections -c -fmessage-length=0 -MMD -MP -MF"Src/system_stm32l0xx.d" -MT"Src/system_stm32l0xx.o" -o "Src/system_stm32l0xx.o" "../Src/system_stm32l0xx.c"
Finished building: ../Src/system_stm32l0xx.c
 
Building file: ../Src/uart.c
Invoking: MCU GCC Compiler
%cd%
arm-none-eabi-gcc -mcpu=cortex-m0plus -mthumb -mfloat-abi=soft '-D__weak=__attribute__((weak))' '-D__packed=__attribute__((__packed__))' -DUSE_HAL_DRIVER -DSTM32L053xx -I"C:/Users/Nicolas/Documents/Projets/panneau solaire/st/solarMonitor/solarMonitor/Inc" -I"C:/Users/Nicolas/Documents/Projets/panneau solaire/st/solarMonitor/solarMonitor/Drivers/STM32L0xx_HAL_Driver/Inc" -I"C:/Users/Nicolas/Documents/Projets/panneau solaire/st/solarMonitor/solarMonitor/Drivers/STM32L0xx_HAL_Driver/Inc/Legacy" -I"C:/Users/Nicolas/Documents/Projets/panneau solaire/st/solarMonitor/solarMonitor/Drivers/CMSIS/Device/ST/STM32L0xx/Include" -I"C:/Users/Nicolas/Documents/Projets/panneau solaire/st/solarMonitor/solarMonitor/Drivers/CMSIS/Include" -I"C:/Users/Nicolas/Documents/Projets/panneau solaire/st/solarMonitor/solarMonitor/Inc"  -Og -g3 -Wall -fmessage-length=0 -ffunction-sections -c -fmessage-length=0 -MMD -MP -MF"Src/uart.d" -MT"Src/uart.o" -o "Src/uart.o" "../Src/uart.c"
Finished building: ../Src/uart.c
 
Building file: ../Drivers/STM32L0xx_HAL_Driver/Src/stm32l0xx_hal.c
Invoking: MCU GCC Compiler
%cd%
arm-none-eabi-gcc -mcpu=cortex-m0plus -mthumb -mfloat-abi=soft '-D__weak=__attribute__((weak))' '-D__packed=__attribute__((__packed__))' -DUSE_HAL_DRIVER -DSTM32L053xx -I"C:/Users/Nicolas/Documents/Projets/panneau solaire/st/solarMonitor/solarMonitor/Inc" -I"C:/Users/Nicolas/Documents/Projets/panneau solaire/st/solarMonitor/solarMonitor/Drivers/STM32L0xx_HAL_Driver/Inc" -I"C:/Users/Nicolas/Documents/Projets/panneau solaire/st/solarMonitor/solarMonitor/Drivers/STM32L0xx_HAL_Driver/Inc/Legacy" -I"C:/Users/Nicolas/Documents/Projets/panneau solaire/st/solarMonitor/solarMonitor/Drivers/CMSIS/Device/ST/STM32L0xx/Include" -I"C:/Users/Nicolas/Documents/Projets/panneau solaire/st/solarMonitor/solarMonitor/Drivers/CMSIS/Include" -I"C:/Users/Nicolas/Documents/Projets/panneau solaire/st/solarMonitor/solarMonitor/Inc"  -Og -g3 -Wall -fmessage-length=0 -ffunction-sections -c -fmessage-length=0 -MMD -MP -MF"Drivers/STM32L0xx_HAL_Driver/Src/stm32l0xx_hal.d" -MT"Drivers/STM32L0xx_HAL_Driver/Src/stm32l0xx_hal.o" -o "Drivers/STM32L0xx_HAL_Driver/Src/stm32l0xx_hal.o" "../Drivers/STM32L0xx_HAL_Driver/Src/stm32l0xx_hal.c"
Finished building: ../Drivers/STM32L0xx_HAL_Driver/Src/stm32l0xx_hal.c
 
Building file: ../Drivers/STM32L0xx_HAL_Driver/Src/stm32l0xx_hal_adc.c
Invoking: MCU GCC Compiler
%cd%
arm-none-eabi-gcc -mcpu=cortex-m0plus -mthumb -mfloat-abi=soft '-D__weak=__attribute__((weak))' '-D__packed=__attribute__((__packed__))' -DUSE_HAL_DRIVER -DSTM32L053xx -I"C:/Users/Nicolas/Documents/Projets/panneau solaire/st/solarMonitor/solarMonitor/Inc" -I"C:/Users/Nicolas/Documents/Projets/panneau solaire/st/solarMonitor/solarMonitor/Drivers/STM32L0xx_HAL_Driver/Inc" -I"C:/Users/Nicolas/Documents/Projets/panneau solaire/st/solarMonitor/solarMonitor/Drivers/STM32L0xx_HAL_Driver/Inc/Legacy" -I"C:/Users/Nicolas/Documents/Projets/panneau solaire/st/solarMonitor/solarMonitor/Drivers/CMSIS/Device/ST/STM32L0xx/Include" -I"C:/Users/Nicolas/Documents/Projets/panneau solaire/st/solarMonitor/solarMonitor/Drivers/CMSIS/Include" -I"C:/Users/Nicolas/Documents/Projets/panneau solaire/st/solarMonitor/solarMonitor/Inc"  -Og -g3 -Wall -fmessage-length=0 -ffunction-sections -c -fmessage-length=0 -MMD -MP -MF"Drivers/STM32L0xx_HAL_Driver/Src/stm32l0xx_hal_adc.d" -MT"Drivers/STM32L0xx_HAL_Driver/Src/stm32l0xx_hal_adc.o" -o "Drivers/STM32L0xx_HAL_Driver/Src/stm32l0xx_hal_adc.o" "../Drivers/STM32L0xx_HAL_Driver/Src/stm32l0xx_hal_adc.c"
Finished building: ../Drivers/STM32L0xx_HAL_Driver/Src/stm32l0xx_hal_adc.c
 
Building file: ../Drivers/STM32L0xx_HAL_Driver/Src/stm32l0xx_hal_adc_ex.c
Invoking: MCU GCC Compiler
%cd%
arm-none-eabi-gcc -mcpu=cortex-m0plus -mthumb -mfloat-abi=soft '-D__weak=__attribute__((weak))' '-D__packed=__attribute__((__packed__))' -DUSE_HAL_DRIVER -DSTM32L053xx -I"C:/Users/Nicolas/Documents/Projets/panneau solaire/st/solarMonitor/solarMonitor/Inc" -I"C:/Users/Nicolas/Documents/Projets/panneau solaire/st/solarMonitor/solarMonitor/Drivers/STM32L0xx_HAL_Driver/Inc" -I"C:/Users/Nicolas/Documents/Projets/panneau solaire/st/solarMonitor/solarMonitor/Drivers/STM32L0xx_HAL_Driver/Inc/Legacy" -I"C:/Users/Nicolas/Documents/Projets/panneau solaire/st/solarMonitor/solarMonitor/Drivers/CMSIS/Device/ST/STM32L0xx/Include" -I"C:/Users/Nicolas/Documents/Projets/panneau solaire/st/solarMonitor/solarMonitor/Drivers/CMSIS/Include" -I"C:/Users/Nicolas/Documents/Projets/panneau solaire/st/solarMonitor/solarMonitor/Inc"  -Og -g3 -Wall -fmessage-length=0 -ffunction-sections -c -fmessage-length=0 -MMD -MP -MF"Drivers/STM32L0xx_HAL_Driver/Src/stm32l0xx_hal_adc_ex.d" -MT"Drivers/STM32L0xx_HAL_Driver/Src/stm32l0xx_hal_adc_ex.o" -o "Drivers/STM32L0xx_HAL_Driver/Src/stm32l0xx_hal_adc_ex.o" "../Drivers/STM32L0xx_HAL_Driver/Src/stm32l0xx_hal_adc_ex.c"
Finished building: ../Drivers/STM32L0xx_HAL_Driver/Src/stm32l0xx_hal_adc_ex.c
 
Building file: ../Drivers/STM32L0xx_HAL_Driver/Src/stm32l0xx_hal_cortex.c
Invoking: MCU GCC Compiler
%cd%
arm-none-eabi-gcc -mcpu=cortex-m0plus -mthumb -mfloat-abi=soft '-D__weak=__attribute__((weak))' '-D__packed=__attribute__((__packed__))' -DUSE_HAL_DRIVER -DSTM32L053xx -I"C:/Users/Nicolas/Documents/Projets/panneau solaire/st/solarMonitor/solarMonitor/Inc" -I"C:/Users/Nicolas/Documents/Projets/panneau solaire/st/solarMonitor/solarMonitor/Drivers/STM32L0xx_HAL_Driver/Inc" -I"C:/Users/Nicolas/Documents/Projets/panneau solaire/st/solarMonitor/solarMonitor/Drivers/STM32L0xx_HAL_Driver/Inc/Legacy" -I"C:/Users/Nicolas/Documents/Projets/panneau solaire/st/solarMonitor/solarMonitor/Drivers/CMSIS/Device/ST/STM32L0xx/Include" -I"C:/Users/Nicolas/Documents/Projets/panneau solaire/st/solarMonitor/solarMonitor/Drivers/CMSIS/Include" -I"C:/Users/Nicolas/Documents/Projets/panneau solaire/st/solarMonitor/solarMonitor/Inc"  -Og -g3 -Wall -fmessage-length=0 -ffunction-sections -c -fmessage-length=0 -MMD -MP -MF"Drivers/STM32L0xx_HAL_Driver/Src/stm32l0xx_hal_cortex.d" -MT"Drivers/STM32L0xx_HAL_Driver/Src/stm32l0xx_hal_cortex.o" -o "Drivers/STM32L0xx_HAL_Driver/Src/stm32l0xx_hal_cortex.o" "../Drivers/STM32L0xx_HAL_Driver/Src/stm32l0xx_hal_cortex.c"
Finished building: ../Drivers/STM32L0xx_HAL_Driver/Src/stm32l0xx_hal_cortex.c
 
Building file: ../Drivers/STM32L0xx_HAL_Driver/Src/stm32l0xx_hal_dma.c
Invoking: MCU GCC Compiler
%cd%
arm-none-eabi-gcc -mcpu=cortex-m0plus -mthumb -mfloat-abi=soft '-D__weak=__attribute__((weak))' '-D__packed=__attribute__((__packed__))' -DUSE_HAL_DRIVER -DSTM32L053xx -I"C:/Users/Nicolas/Documents/Projets/panneau solaire/st/solarMonitor/solarMonitor/Inc" -I"C:/Users/Nicolas/Documents/Projets/panneau solaire/st/solarMonitor/solarMonitor/Drivers/STM32L0xx_HAL_Driver/Inc" -I"C:/Users/Nicolas/Documents/Projets/panneau solaire/st/solarMonitor/solarMonitor/Drivers/STM32L0xx_HAL_Driver/Inc/Legacy" -I"C:/Users/Nicolas/Documents/Projets/panneau solaire/st/solarMonitor/solarMonitor/Drivers/CMSIS/Device/ST/STM32L0xx/Include" -I"C:/Users/Nicolas/Documents/Projets/panneau solaire/st/solarMonitor/solarMonitor/Drivers/CMSIS/Include" -I"C:/Users/Nicolas/Documents/Projets/panneau solaire/st/solarMonitor/solarMonitor/Inc"  -Og -g3 -Wall -fmessage-length=0 -ffunction-sections -c -fmessage-length=0 -MMD -MP -MF"Drivers/STM32L0xx_HAL_Driver/Src/stm32l0xx_hal_dma.d" -MT"Drivers/STM32L0xx_HAL_Driver/Src/stm32l0xx_hal_dma.o" -o "Drivers/STM32L0xx_HAL_Driver/Src/stm32l0xx_hal_dma.o" "../Drivers/STM32L0xx_HAL_Driver/Src/stm32l0xx_hal_dma.c"
Finished building: ../Drivers/STM32L0xx_HAL_Driver/Src/stm32l0xx_hal_dma.c
 
Building file: ../Drivers/STM32L0xx_HAL_Driver/Src/stm32l0xx_hal_flash.c
Invoking: MCU GCC Compiler
%cd%
arm-none-eabi-gcc -mcpu=cortex-m0plus -mthumb -mfloat-abi=soft '-D__weak=__attribute__((weak))' '-D__packed=__attribute__((__packed__))' -DUSE_HAL_DRIVER -DSTM32L053xx -I"C:/Users/Nicolas/Documents/Projets/panneau solaire/st/solarMonitor/solarMonitor/Inc" -I"C:/Users/Nicolas/Documents/Projets/panneau solaire/st/solarMonitor/solarMonitor/Drivers/STM32L0xx_HAL_Driver/Inc" -I"C:/Users/Nicolas/Documents/Projets/panneau solaire/st/solarMonitor/solarMonitor/Drivers/STM32L0xx_HAL_Driver/Inc/Legacy" -I"C:/Users/Nicolas/Documents/Projets/panneau solaire/st/solarMonitor/solarMonitor/Drivers/CMSIS/Device/ST/STM32L0xx/Include" -I"C:/Users/Nicolas/Documents/Projets/panneau solaire/st/solarMonitor/solarMonitor/Drivers/CMSIS/Include" -I"C:/Users/Nicolas/Documents/Projets/panneau solaire/st/solarMonitor/solarMonitor/Inc"  -Og -g3 -Wall -fmessage-length=0 -ffunction-sections -c -fmessage-length=0 -MMD -MP -MF"Drivers/STM32L0xx_HAL_Driver/Src/stm32l0xx_hal_flash.d" -MT"Drivers/STM32L0xx_HAL_Driver/Src/stm32l0xx_hal_flash.o" -o "Drivers/STM32L0xx_HAL_Driver/Src/stm32l0xx_hal_flash.o" "../Drivers/STM32L0xx_HAL_Driver/Src/stm32l0xx_hal_flash.c"
Finished building: ../Drivers/STM32L0xx_HAL_Driver/Src/stm32l0xx_hal_flash.c
 
Building file: ../Drivers/STM32L0xx_HAL_Driver/Src/stm32l0xx_hal_flash_ex.c
Invoking: MCU GCC Compiler
%cd%
arm-none-eabi-gcc -mcpu=cortex-m0plus -mthumb -mfloat-abi=soft '-D__weak=__attribute__((weak))' '-D__packed=__attribute__((__packed__))' -DUSE_HAL_DRIVER -DSTM32L053xx -I"C:/Users/Nicolas/Documents/Projets/panneau solaire/st/solarMonitor/solarMonitor/Inc" -I"C:/Users/Nicolas/Documents/Projets/panneau solaire/st/solarMonitor/solarMonitor/Drivers/STM32L0xx_HAL_Driver/Inc" -I"C:/Users/Nicolas/Documents/Projets/panneau solaire/st/solarMonitor/solarMonitor/Drivers/STM32L0xx_HAL_Driver/Inc/Legacy" -I"C:/Users/Nicolas/Documents/Projets/panneau solaire/st/solarMonitor/solarMonitor/Drivers/CMSIS/Device/ST/STM32L0xx/Include" -I"C:/Users/Nicolas/Documents/Projets/panneau solaire/st/solarMonitor/solarMonitor/Drivers/CMSIS/Include" -I"C:/Users/Nicolas/Documents/Projets/panneau solaire/st/solarMonitor/solarMonitor/Inc"  -Og -g3 -Wall -fmessage-length=0 -ffunction-sections -c -fmessage-length=0 -MMD -MP -MF"Drivers/STM32L0xx_HAL_Driver/Src/stm32l0xx_hal_flash_ex.d" -MT"Drivers/STM32L0xx_HAL_Driver/Src/stm32l0xx_hal_flash_ex.o" -o "Drivers/STM32L0xx_HAL_Driver/Src/stm32l0xx_hal_flash_ex.o" "../Drivers/STM32L0xx_HAL_Driver/Src/stm32l0xx_hal_flash_ex.c"
Finished building: ../Drivers/STM32L0xx_HAL_Driver/Src/stm32l0xx_hal_flash_ex.c
 
Building file: ../Drivers/STM32L0xx_HAL_Driver/Src/stm32l0xx_hal_flash_ramfunc.c
Invoking: MCU GCC Compiler
%cd%
arm-none-eabi-gcc -mcpu=cortex-m0plus -mthumb -mfloat-abi=soft '-D__weak=__attribute__((weak))' '-D__packed=__attribute__((__packed__))' -DUSE_HAL_DRIVER -DSTM32L053xx -I"C:/Users/Nicolas/Documents/Projets/panneau solaire/st/solarMonitor/solarMonitor/Inc" -I"C:/Users/Nicolas/Documents/Projets/panneau solaire/st/solarMonitor/solarMonitor/Drivers/STM32L0xx_HAL_Driver/Inc" -I"C:/Users/Nicolas/Documents/Projets/panneau solaire/st/solarMonitor/solarMonitor/Drivers/STM32L0xx_HAL_Driver/Inc/Legacy" -I"C:/Users/Nicolas/Documents/Projets/panneau solaire/st/solarMonitor/solarMonitor/Drivers/CMSIS/Device/ST/STM32L0xx/Include" -I"C:/Users/Nicolas/Documents/Projets/panneau solaire/st/solarMonitor/solarMonitor/Drivers/CMSIS/Include" -I"C:/Users/Nicolas/Documents/Projets/panneau solaire/st/solarMonitor/solarMonitor/Inc"  -Og -g3 -Wall -fmessage-length=0 -ffunction-sections -c -fmessage-length=0 -MMD -MP -MF"Drivers/STM32L0xx_HAL_Driver/Src/stm32l0xx_hal_flash_ramfunc.d" -MT"Drivers/STM32L0xx_HAL_Driver/Src/stm32l0xx_hal_flash_ramfunc.o" -o "Drivers/STM32L0xx_HAL_Driver/Src/stm32l0xx_hal_flash_ramfunc.o" "../Drivers/STM32L0xx_HAL_Driver/Src/stm32l0xx_hal_flash_ramfunc.c"
Finished building: ../Drivers/STM32L0xx_HAL_Driver/Src/stm32l0xx_hal_flash_ramfunc.c
 
Building file: ../Drivers/STM32L0xx_HAL_Driver/Src/stm32l0xx_hal_gpio.c
Invoking: MCU GCC Compiler
%cd%
arm-none-eabi-gcc -mcpu=cortex-m0plus -mthumb -mfloat-abi=soft '-D__weak=__attribute__((weak))' '-D__packed=__attribute__((__packed__))' -DUSE_HAL_DRIVER -DSTM32L053xx -I"C:/Users/Nicolas/Documents/Projets/panneau solaire/st/solarMonitor/solarMonitor/Inc" -I"C:/Users/Nicolas/Documents/Projets/panneau solaire/st/solarMonitor/solarMonitor/Drivers/STM32L0xx_HAL_Driver/Inc" -I"C:/Users/Nicolas/Documents/Projets/panneau solaire/st/solarMonitor/solarMonitor/Drivers/STM32L0xx_HAL_Driver/Inc/Legacy" -I"C:/Users/Nicolas/Documents/Projets/panneau solaire/st/solarMonitor/solarMonitor/Drivers/CMSIS/Device/ST/STM32L0xx/Include" -I"C:/Users/Nicolas/Documents/Projets/panneau solaire/st/solarMonitor/solarMonitor/Drivers/CMSIS/Include" -I"C:/Users/Nicolas/Documents/Projets/panneau solaire/st/solarMonitor/solarMonitor/Inc"  -Og -g3 -Wall -fmessage-length=0 -ffunction-sections -c -fmessage-length=0 -MMD -MP -MF"Drivers/STM32L0xx_HAL_Driver/Src/stm32l0xx_hal_gpio.d" -MT"Drivers/STM32L0xx_HAL_Driver/Src/stm32l0xx_hal_gpio.o" -o "Drivers/STM32L0xx_HAL_Driver/Src/stm32l0xx_hal_gpio.o" "../Drivers/STM32L0xx_HAL_Driver/Src/stm32l0xx_hal_gpio.c"
Finished building: ../Drivers/STM32L0xx_HAL_Driver/Src/stm32l0xx_hal_gpio.c
 
Building file: ../Drivers/STM32L0xx_HAL_Driver/Src/stm32l0xx_hal_i2c.c
Invoking: MCU GCC Compiler
%cd%
arm-none-eabi-gcc -mcpu=cortex-m0plus -mthumb -mfloat-abi=soft '-D__weak=__attribute__((weak))' '-D__packed=__attribute__((__packed__))' -DUSE_HAL_DRIVER -DSTM32L053xx -I"C:/Users/Nicolas/Documents/Projets/panneau solaire/st/solarMonitor/solarMonitor/Inc" -I"C:/Users/Nicolas/Documents/Projets/panneau solaire/st/solarMonitor/solarMonitor/Drivers/STM32L0xx_HAL_Driver/Inc" -I"C:/Users/Nicolas/Documents/Projets/panneau solaire/st/solarMonitor/solarMonitor/Drivers/STM32L0xx_HAL_Driver/Inc/Legacy" -I"C:/Users/Nicolas/Documents/Projets/panneau solaire/st/solarMonitor/solarMonitor/Drivers/CMSIS/Device/ST/STM32L0xx/Include" -I"C:/Users/Nicolas/Documents/Projets/panneau solaire/st/solarMonitor/solarMonitor/Drivers/CMSIS/Include" -I"C:/Users/Nicolas/Documents/Projets/panneau solaire/st/solarMonitor/solarMonitor/Inc"  -Og -g3 -Wall -fmessage-length=0 -ffunction-sections -c -fmessage-length=0 -MMD -MP -MF"Drivers/STM32L0xx_HAL_Driver/Src/stm32l0xx_hal_i2c.d" -MT"Drivers/STM32L0xx_HAL_Driver/Src/stm32l0xx_hal_i2c.o" -o "Drivers/STM32L0xx_HAL_Driver/Src/stm32l0xx_hal_i2c.o" "../Drivers/STM32L0xx_HAL_Driver/Src/stm32l0xx_hal_i2c.c"
Finished building: ../Drivers/STM32L0xx_HAL_Driver/Src/stm32l0xx_hal_i2c.c
 
Building file: ../Drivers/STM32L0xx_HAL_Driver/Src/stm32l0xx_hal_i2c_ex.c
Invoking: MCU GCC Compiler
%cd%
arm-none-eabi-gcc -mcpu=cortex-m0plus -mthumb -mfloat-abi=soft '-D__weak=__attribute__((weak))' '-D__packed=__attribute__((__packed__))' -DUSE_HAL_DRIVER -DSTM32L053xx -I"C:/Users/Nicolas/Documents/Projets/panneau solaire/st/solarMonitor/solarMonitor/Inc" -I"C:/Users/Nicolas/Documents/Projets/panneau solaire/st/solarMonitor/solarMonitor/Drivers/STM32L0xx_HAL_Driver/Inc" -I"C:/Users/Nicolas/Documents/Projets/panneau solaire/st/solarMonitor/solarMonitor/Drivers/STM32L0xx_HAL_Driver/Inc/Legacy" -I"C:/Users/Nicolas/Documents/Projets/panneau solaire/st/solarMonitor/solarMonitor/Drivers/CMSIS/Device/ST/STM32L0xx/Include" -I"C:/Users/Nicolas/Documents/Projets/panneau solaire/st/solarMonitor/solarMonitor/Drivers/CMSIS/Include" -I"C:/Users/Nicolas/Documents/Projets/panneau solaire/st/solarMonitor/solarMonitor/Inc"  -Og -g3 -Wall -fmessage-length=0 -ffunction-sections -c -fmessage-length=0 -MMD -MP -MF"Drivers/STM32L0xx_HAL_Driver/Src/stm32l0xx_hal_i2c_ex.d" -MT"Drivers/STM32L0xx_HAL_Driver/Src/stm32l0xx_hal_i2c_ex.o" -o "Drivers/STM32L0xx_HAL_Driver/Src/stm32l0xx_hal_i2c_ex.o" "../Drivers/STM32L0xx_HAL_Driver/Src/stm32l0xx_hal_i2c_ex.c"
Finished building: ../Drivers/STM32L0xx_HAL_Driver/Src/stm32l0xx_hal_i2c_ex.c
 
Building file: ../Drivers/STM32L0xx_HAL_Driver/Src/stm32l0xx_hal_lptim.c
Invoking: MCU GCC Compiler
%cd%
arm-none-eabi-gcc -mcpu=cortex-m0plus -mthumb -mfloat-abi=soft '-D__weak=__attribute__((weak))' '-D__packed=__attribute__((__packed__))' -DUSE_HAL_DRIVER -DSTM32L053xx -I"C:/Users/Nicolas/Documents/Projets/panneau solaire/st/solarMonitor/solarMonitor/Inc" -I"C:/Users/Nicolas/Documents/Projets/panneau solaire/st/solarMonitor/solarMonitor/Drivers/STM32L0xx_HAL_Driver/Inc" -I"C:/Users/Nicolas/Documents/Projets/panneau solaire/st/solarMonitor/solarMonitor/Drivers/STM32L0xx_HAL_Driver/Inc/Legacy" -I"C:/Users/Nicolas/Documents/Projets/panneau solaire/st/solarMonitor/solarMonitor/Drivers/CMSIS/Device/ST/STM32L0xx/Include" -I"C:/Users/Nicolas/Documents/Projets/panneau solaire/st/solarMonitor/solarMonitor/Drivers/CMSIS/Include" -I"C:/Users/Nicolas/Documents/Projets/panneau solaire/st/solarMonitor/solarMonitor/Inc"  -Og -g3 -Wall -fmessage-length=0 -ffunction-sections -c -fmessage-length=0 -MMD -MP -MF"Drivers/STM32L0xx_HAL_Driver/Src/stm32l0xx_hal_lptim.d" -MT"Drivers/STM32L0xx_HAL_Driver/Src/stm32l0xx_hal_lptim.o" -o "Drivers/STM32L0xx_HAL_Driver/Src/stm32l0xx_hal_lptim.o" "../Drivers/STM32L0xx_HAL_Driver/Src/stm32l0xx_hal_lptim.c"
Finished building: ../Drivers/STM32L0xx_HAL_Driver/Src/stm32l0xx_hal_lptim.c
 
Building file: ../Drivers/STM32L0xx_HAL_Driver/Src/stm32l0xx_hal_pwr.c
Invoking: MCU GCC Compiler
%cd%
arm-none-eabi-gcc -mcpu=cortex-m0plus -mthumb -mfloat-abi=soft '-D__weak=__attribute__((weak))' '-D__packed=__attribute__((__packed__))' -DUSE_HAL_DRIVER -DSTM32L053xx -I"C:/Users/Nicolas/Documents/Projets/panneau solaire/st/solarMonitor/solarMonitor/Inc" -I"C:/Users/Nicolas/Documents/Projets/panneau solaire/st/solarMonitor/solarMonitor/Drivers/STM32L0xx_HAL_Driver/Inc" -I"C:/Users/Nicolas/Documents/Projets/panneau solaire/st/solarMonitor/solarMonitor/Drivers/STM32L0xx_HAL_Driver/Inc/Legacy" -I"C:/Users/Nicolas/Documents/Projets/panneau solaire/st/solarMonitor/solarMonitor/Drivers/CMSIS/Device/ST/STM32L0xx/Include" -I"C:/Users/Nicolas/Documents/Projets/panneau solaire/st/solarMonitor/solarMonitor/Drivers/CMSIS/Include" -I"C:/Users/Nicolas/Documents/Projets/panneau solaire/st/solarMonitor/solarMonitor/Inc"  -Og -g3 -Wall -fmessage-length=0 -ffunction-sections -c -fmessage-length=0 -MMD -MP -MF"Drivers/STM32L0xx_HAL_Driver/Src/stm32l0xx_hal_pwr.d" -MT"Drivers/STM32L0xx_HAL_Driver/Src/stm32l0xx_hal_pwr.o" -o "Drivers/STM32L0xx_HAL_Driver/Src/stm32l0xx_hal_pwr.o" "../Drivers/STM32L0xx_HAL_Driver/Src/stm32l0xx_hal_pwr.c"
Finished building: ../Drivers/STM32L0xx_HAL_Driver/Src/stm32l0xx_hal_pwr.c
 
Building file: ../Drivers/STM32L0xx_HAL_Driver/Src/stm32l0xx_hal_pwr_ex.c
Invoking: MCU GCC Compiler
%cd%
arm-none-eabi-gcc -mcpu=cortex-m0plus -mthumb -mfloat-abi=soft '-D__weak=__attribute__((weak))' '-D__packed=__attribute__((__packed__))' -DUSE_HAL_DRIVER -DSTM32L053xx -I"C:/Users/Nicolas/Documents/Projets/panneau solaire/st/solarMonitor/solarMonitor/Inc" -I"C:/Users/Nicolas/Documents/Projets/panneau solaire/st/solarMonitor/solarMonitor/Drivers/STM32L0xx_HAL_Driver/Inc" -I"C:/Users/Nicolas/Documents/Projets/panneau solaire/st/solarMonitor/solarMonitor/Drivers/STM32L0xx_HAL_Driver/Inc/Legacy" -I"C:/Users/Nicolas/Documents/Projets/panneau solaire/st/solarMonitor/solarMonitor/Drivers/CMSIS/Device/ST/STM32L0xx/Include" -I"C:/Users/Nicolas/Documents/Projets/panneau solaire/st/solarMonitor/solarMonitor/Drivers/CMSIS/Include" -I"C:/Users/Nicolas/Documents/Projets/panneau solaire/st/solarMonitor/solarMonitor/Inc"  -Og -g3 -Wall -fmessage-length=0 -ffunction-sections -c -fmessage-length=0 -MMD -MP -MF"Drivers/STM32L0xx_HAL_Driver/Src/stm32l0xx_hal_pwr_ex.d" -MT"Drivers/STM32L0xx_HAL_Driver/Src/stm32l0xx_hal_pwr_ex.o" -o "Drivers/STM32L0xx_HAL_Driver/Src/stm32l0xx_hal_pwr_ex.o" "../Drivers/STM32L0xx_HAL_Driver/Src/stm32l0xx_hal_pwr_ex.c"
Finished building: ../Drivers/STM32L0xx_HAL_Driver/Src/stm32l0xx_hal_pwr_ex.c
 
Building file: ../Drivers/STM32L0xx_HAL_Driver/Src/stm32l0xx_hal_rcc.c
Invoking: MCU GCC Compiler
%cd%
arm-none-eabi-gcc -mcpu=cortex-m0plus -mthumb -mfloat-abi=soft '-D__weak=__attribute__((weak))' '-D__packed=__attribute__((__packed__))' -DUSE_HAL_DRIVER -DSTM32L053xx -I"C:/Users/Nicolas/Documents/Projets/panneau solaire/st/solarMonitor/solarMonitor/Inc" -I"C:/Users/Nicolas/Documents/Projets/panneau solaire/st/solarMonitor/solarMonitor/Drivers/STM32L0xx_HAL_Driver/Inc" -I"C:/Users/Nicolas/Documents/Projets/panneau solaire/st/solarMonitor/solarMonitor/Drivers/STM32L0xx_HAL_Driver/Inc/Legacy" -I"C:/Users/Nicolas/Documents/Projets/panneau solaire/st/solarMonitor/solarMonitor/Drivers/CMSIS/Device/ST/STM32L0xx/Include" -I"C:/Users/Nicolas/Documents/Projets/panneau solaire/st/solarMonitor/solarMonitor/Drivers/CMSIS/Include" -I"C:/Users/Nicolas/Documents/Projets/panneau solaire/st/solarMonitor/solarMonitor/Inc"  -Og -g3 -Wall -fmessage-length=0 -ffunction-sections -c -fmessage-length=0 -MMD -MP -MF"Drivers/STM32L0xx_HAL_Driver/Src/stm32l0xx_hal_rcc.d" -MT"Drivers/STM32L0xx_HAL_Driver/Src/stm32l0xx_hal_rcc.o" -o "Drivers/STM32L0xx_HAL_Driver/Src/stm32l0xx_hal_rcc.o" "../Drivers/STM32L0xx_HAL_Driver/Src/stm32l0xx_hal_rcc.c"
Finished building: ../Drivers/STM32L0xx_HAL_Driver/Src/stm32l0xx_hal_rcc.c
 
Building file: ../Drivers/STM32L0xx_HAL_Driver/Src/stm32l0xx_hal_rcc_ex.c
Invoking: MCU GCC Compiler
%cd%
arm-none-eabi-gcc -mcpu=cortex-m0plus -mthumb -mfloat-abi=soft '-D__weak=__attribute__((weak))' '-D__packed=__attribute__((__packed__))' -DUSE_HAL_DRIVER -DSTM32L053xx -I"C:/Users/Nicolas/Documents/Projets/panneau solaire/st/solarMonitor/solarMonitor/Inc" -I"C:/Users/Nicolas/Documents/Projets/panneau solaire/st/solarMonitor/solarMonitor/Drivers/STM32L0xx_HAL_Driver/Inc" -I"C:/Users/Nicolas/Documents/Projets/panneau solaire/st/solarMonitor/solarMonitor/Drivers/STM32L0xx_HAL_Driver/Inc/Legacy" -I"C:/Users/Nicolas/Documents/Projets/panneau solaire/st/solarMonitor/solarMonitor/Drivers/CMSIS/Device/ST/STM32L0xx/Include" -I"C:/Users/Nicolas/Documents/Projets/panneau solaire/st/solarMonitor/solarMonitor/Drivers/CMSIS/Include" -I"C:/Users/Nicolas/Documents/Projets/panneau solaire/st/solarMonitor/solarMonitor/Inc"  -Og -g3 -Wall -fmessage-length=0 -ffunction-sections -c -fmessage-length=0 -MMD -MP -MF"Drivers/STM32L0xx_HAL_Driver/Src/stm32l0xx_hal_rcc_ex.d" -MT"Drivers/STM32L0xx_HAL_Driver/Src/stm32l0xx_hal_rcc_ex.o" -o "Drivers/STM32L0xx_HAL_Driver/Src/stm32l0xx_hal_rcc_ex.o" "../Drivers/STM32L0xx_HAL_Driver/Src/stm32l0xx_hal_rcc_ex.c"
Finished building: ../Drivers/STM32L0xx_HAL_Driver/Src/stm32l0xx_hal_rcc_ex.c
 
Building file: ../Drivers/STM32L0xx_HAL_Driver/Src/stm32l0xx_hal_rtc.c
Invoking: MCU GCC Compiler
%cd%
arm-none-eabi-gcc -mcpu=cortex-m0plus -mthumb -mfloat-abi=soft '-D__weak=__attribute__((weak))' '-D__packed=__attribute__((__packed__))' -DUSE_HAL_DRIVER -DSTM32L053xx -I"C:/Users/Nicolas/Documents/Projets/panneau solaire/st/solarMonitor/solarMonitor/Inc" -I"C:/Users/Nicolas/Documents/Projets/panneau solaire/st/solarMonitor/solarMonitor/Drivers/STM32L0xx_HAL_Driver/Inc" -I"C:/Users/Nicolas/Documents/Projets/panneau solaire/st/solarMonitor/solarMonitor/Drivers/STM32L0xx_HAL_Driver/Inc/Legacy" -I"C:/Users/Nicolas/Documents/Projets/panneau solaire/st/solarMonitor/solarMonitor/Drivers/CMSIS/Device/ST/STM32L0xx/Include" -I"C:/Users/Nicolas/Documents/Projets/panneau solaire/st/solarMonitor/solarMonitor/Drivers/CMSIS/Include" -I"C:/Users/Nicolas/Documents/Projets/panneau solaire/st/solarMonitor/solarMonitor/Inc"  -Og -g3 -Wall -fmessage-length=0 -ffunction-sections -c -fmessage-length=0 -MMD -MP -MF"Drivers/STM32L0xx_HAL_Driver/Src/stm32l0xx_hal_rtc.d" -MT"Drivers/STM32L0xx_HAL_Driver/Src/stm32l0xx_hal_rtc.o" -o "Drivers/STM32L0xx_HAL_Driver/Src/stm32l0xx_hal_rtc.o" "../Drivers/STM32L0xx_HAL_Driver/Src/stm32l0xx_hal_rtc.c"
Finished building: ../Drivers/STM32L0xx_HAL_Driver/Src/stm32l0xx_hal_rtc.c
 
Building file: ../Drivers/STM32L0xx_HAL_Driver/Src/stm32l0xx_hal_rtc_ex.c
Invoking: MCU GCC Compiler
%cd%
arm-none-eabi-gcc -mcpu=cortex-m0plus -mthumb -mfloat-abi=soft '-D__weak=__attribute__((weak))' '-D__packed=__attribute__((__packed__))' -DUSE_HAL_DRIVER -DSTM32L053xx -I"C:/Users/Nicolas/Documents/Projets/panneau solaire/st/solarMonitor/solarMonitor/Inc" -I"C:/Users/Nicolas/Documents/Projets/panneau solaire/st/solarMonitor/solarMonitor/Drivers/STM32L0xx_HAL_Driver/Inc" -I"C:/Users/Nicolas/Documents/Projets/panneau solaire/st/solarMonitor/solarMonitor/Drivers/STM32L0xx_HAL_Driver/Inc/Legacy" -I"C:/Users/Nicolas/Documents/Projets/panneau solaire/st/solarMonitor/solarMonitor/Drivers/CMSIS/Device/ST/STM32L0xx/Include" -I"C:/Users/Nicolas/Documents/Projets/panneau solaire/st/solarMonitor/solarMonitor/Drivers/CMSIS/Include" -I"C:/Users/Nicolas/Documents/Projets/panneau solaire/st/solarMonitor/solarMonitor/Inc"  -Og -g3 -Wall -fmessage-length=0 -ffunction-sections -c -fmessage-length=0 -MMD -MP -MF"Drivers/STM32L0xx_HAL_Driver/Src/stm32l0xx_hal_rtc_ex.d" -MT"Drivers/STM32L0xx_HAL_Driver/Src/stm32l0xx_hal_rtc_ex.o" -o "Drivers/STM32L0xx_HAL_Driver/Src/stm32l0xx_hal_rtc_ex.o" "../Drivers/STM32L0xx_HAL_Driver/Src/stm32l0xx_hal_rtc_ex.c"
Finished building: ../Drivers/STM32L0xx_HAL_Driver/Src/stm32l0xx_hal_rtc_ex.c
 
Building file: ../Drivers/STM32L0xx_HAL_Driver/Src/stm32l0xx_hal_spi.c
Invoking: MCU GCC Compiler
%cd%
arm-none-eabi-gcc -mcpu=cortex-m0plus -mthumb -mfloat-abi=soft '-D__weak=__attribute__((weak))' '-D__packed=__attribute__((__packed__))' -DUSE_HAL_DRIVER -DSTM32L053xx -I"C:/Users/Nicolas/Documents/Projets/panneau solaire/st/solarMonitor/solarMonitor/Inc" -I"C:/Users/Nicolas/Documents/Projets/panneau solaire/st/solarMonitor/solarMonitor/Drivers/STM32L0xx_HAL_Driver/Inc" -I"C:/Users/Nicolas/Documents/Projets/panneau solaire/st/solarMonitor/solarMonitor/Drivers/STM32L0xx_HAL_Driver/Inc/Legacy" -I"C:/Users/Nicolas/Documents/Projets/panneau solaire/st/solarMonitor/solarMonitor/Drivers/CMSIS/Device/ST/STM32L0xx/Include" -I"C:/Users/Nicolas/Documents/Projets/panneau solaire/st/solarMonitor/solarMonitor/Drivers/CMSIS/Include" -I"C:/Users/Nicolas/Documents/Projets/panneau solaire/st/solarMonitor/solarMonitor/Inc"  -Og -g3 -Wall -fmessage-length=0 -ffunction-sections -c -fmessage-length=0 -MMD -MP -MF"Drivers/STM32L0xx_HAL_Driver/Src/stm32l0xx_hal_spi.d" -MT"Drivers/STM32L0xx_HAL_Driver/Src/stm32l0xx_hal_spi.o" -o "Drivers/STM32L0xx_HAL_Driver/Src/stm32l0xx_hal_spi.o" "../Drivers/STM32L0xx_HAL_Driver/Src/stm32l0xx_hal_spi.c"
Finished building: ../Drivers/STM32L0xx_HAL_Driver/Src/stm32l0xx_hal_spi.c
 
Building file: ../Drivers/STM32L0xx_HAL_Driver/Src/stm32l0xx_hal_tim.c
Invoking: MCU GCC Compiler
%cd%
arm-none-eabi-gcc -mcpu=cortex-m0plus -mthumb -mfloat-abi=soft '-D__weak=__attribute__((weak))' '-D__packed=__attribute__((__packed__))' -DUSE_HAL_DRIVER -DSTM32L053xx -I"C:/Users/Nicolas/Documents/Projets/panneau solaire/st/solarMonitor/solarMonitor/Inc" -I"C:/Users/Nicolas/Documents/Projets/panneau solaire/st/solarMonitor/solarMonitor/Drivers/STM32L0xx_HAL_Driver/Inc" -I"C:/Users/Nicolas/Documents/Projets/panneau solaire/st/solarMonitor/solarMonitor/Drivers/STM32L0xx_HAL_Driver/Inc/Legacy" -I"C:/Users/Nicolas/Documents/Projets/panneau solaire/st/solarMonitor/solarMonitor/Drivers/CMSIS/Device/ST/STM32L0xx/Include" -I"C:/Users/Nicolas/Documents/Projets/panneau solaire/st/solarMonitor/solarMonitor/Drivers/CMSIS/Include" -I"C:/Users/Nicolas/Documents/Projets/panneau solaire/st/solarMonitor/solarMonitor/Inc"  -Og -g3 -Wall -fmessage-length=0 -ffunction-sections -c -fmessage-length=0 -MMD -MP -MF"Drivers/STM32L0xx_HAL_Driver/Src/stm32l0xx_hal_tim.d" -MT"Drivers/STM32L0xx_HAL_Driver/Src/stm32l0xx_hal_tim.o" -o "Drivers/STM32L0xx_HAL_Driver/Src/stm32l0xx_hal_tim.o" "../Drivers/STM32L0xx_HAL_Driver/Src/stm32l0xx_hal_tim.c"
Finished building: ../Drivers/STM32L0xx_HAL_Driver/Src/stm32l0xx_hal_tim.c
 
Building file: ../Drivers/STM32L0xx_HAL_Driver/Src/stm32l0xx_hal_tim_ex.c
Invoking: MCU GCC Compiler
%cd%
arm-none-eabi-gcc -mcpu=cortex-m0plus -mthumb -mfloat-abi=soft '-D__weak=__attribute__((weak))' '-D__packed=__attribute__((__packed__))' -DUSE_HAL_DRIVER -DSTM32L053xx -I"C:/Users/Nicolas/Documents/Projets/panneau solaire/st/solarMonitor/solarMonitor/Inc" -I"C:/Users/Nicolas/Documents/Projets/panneau solaire/st/solarMonitor/solarMonitor/Drivers/STM32L0xx_HAL_Driver/Inc" -I"C:/Users/Nicolas/Documents/Projets/panneau solaire/st/solarMonitor/solarMonitor/Drivers/STM32L0xx_HAL_Driver/Inc/Legacy" -I"C:/Users/Nicolas/Documents/Projets/panneau solaire/st/solarMonitor/solarMonitor/Drivers/CMSIS/Device/ST/STM32L0xx/Include" -I"C:/Users/Nicolas/Documents/Projets/panneau solaire/st/solarMonitor/solarMonitor/Drivers/CMSIS/Include" -I"C:/Users/Nicolas/Documents/Projets/panneau solaire/st/solarMonitor/solarMonitor/Inc"  -Og -g3 -Wall -fmessage-length=0 -ffunction-sections -c -fmessage-length=0 -MMD -MP -MF"Drivers/STM32L0xx_HAL_Driver/Src/stm32l0xx_hal_tim_ex.d" -MT"Drivers/STM32L0xx_HAL_Driver/Src/stm32l0xx_hal_tim_ex.o" -o "Drivers/STM32L0xx_HAL_Driver/Src/stm32l0xx_hal_tim_ex.o" "../Drivers/STM32L0xx_HAL_Driver/Src/stm32l0xx_hal_tim_ex.c"
Finished building: ../Drivers/STM32L0xx_HAL_Driver/Src/stm32l0xx_hal_tim_ex.c
 
Building file: ../Drivers/STM32L0xx_HAL_Driver/Src/stm32l0xx_hal_uart.c
Invoking: MCU GCC Compiler
%cd%
arm-none-eabi-gcc -mcpu=cortex-m0plus -mthumb -mfloat-abi=soft '-D__weak=__attribute__((weak))' '-D__packed=__attribute__((__packed__))' -DUSE_HAL_DRIVER -DSTM32L053xx -I"C:/Users/Nicolas/Documents/Projets/panneau solaire/st/solarMonitor/solarMonitor/Inc" -I"C:/Users/Nicolas/Documents/Projets/panneau solaire/st/solarMonitor/solarMonitor/Drivers/STM32L0xx_HAL_Driver/Inc" -I"C:/Users/Nicolas/Documents/Projets/panneau solaire/st/solarMonitor/solarMonitor/Drivers/STM32L0xx_HAL_Driver/Inc/Legacy" -I"C:/Users/Nicolas/Documents/Projets/panneau solaire/st/solarMonitor/solarMonitor/Drivers/CMSIS/Device/ST/STM32L0xx/Include" -I"C:/Users/Nicolas/Documents/Projets/panneau solaire/st/solarMonitor/solarMonitor/Drivers/CMSIS/Include" -I"C:/Users/Nicolas/Documents/Projets/panneau solaire/st/solarMonitor/solarMonitor/Inc"  -Og -g3 -Wall -fmessage-length=0 -ffunction-sections -c -fmessage-length=0 -MMD -MP -MF"Drivers/STM32L0xx_HAL_Driver/Src/stm32l0xx_hal_uart.d" -MT"Drivers/STM32L0xx_HAL_Driver/Src/stm32l0xx_hal_uart.o" -o "Drivers/STM32L0xx_HAL_Driver/Src/stm32l0xx_hal_uart.o" "../Drivers/STM32L0xx_HAL_Driver/Src/stm32l0xx_hal_uart.c"
Finished building: ../Drivers/STM32L0xx_HAL_Driver/Src/stm32l0xx_hal_uart.c
 
Building file: ../Drivers/STM32L0xx_HAL_Driver/Src/stm32l0xx_hal_uart_ex.c
Invoking: MCU GCC Compiler
%cd%
arm-none-eabi-gcc -mcpu=cortex-m0plus -mthumb -mfloat-abi=soft '-D__weak=__attribute__((weak))' '-D__packed=__attribute__((__packed__))' -DUSE_HAL_DRIVER -DSTM32L053xx -I"C:/Users/Nicolas/Documents/Projets/panneau solaire/st/solarMonitor/solarMonitor/Inc" -I"C:/Users/Nicolas/Documents/Projets/panneau solaire/st/solarMonitor/solarMonitor/Drivers/STM32L0xx_HAL_Driver/Inc" -I"C:/Users/Nicolas/Documents/Projets/panneau solaire/st/solarMonitor/solarMonitor/Drivers/STM32L0xx_HAL_Driver/Inc/Legacy" -I"C:/Users/Nicolas/Documents/Projets/panneau solaire/st/solarMonitor/solarMonitor/Drivers/CMSIS/Device/ST/STM32L0xx/Include" -I"C:/Users/Nicolas/Documents/Projets/panneau solaire/st/solarMonitor/solarMonitor/Drivers/CMSIS/Include" -I"C:/Users/Nicolas/Documents/Projets/panneau solaire/st/solarMonitor/solarMonitor/Inc"  -Og -g3 -Wall -fmessage-length=0 -ffunction-sections -c -fmessage-length=0 -MMD -MP -MF"Drivers/STM32L0xx_HAL_Driver/Src/stm32l0xx_hal_uart_ex.d" -MT"Drivers/STM32L0xx_HAL_Driver/Src/stm32l0xx_hal_uart_ex.o" -o "Drivers/STM32L0xx_HAL_Driver/Src/stm32l0xx_hal_uart_ex.o" "../Drivers/STM32L0xx_HAL_Driver/Src/stm32l0xx_hal_uart_ex.c"
Finished building: ../Drivers/STM32L0xx_HAL_Driver/Src/stm32l0xx_hal_uart_ex.c
 
Building target: solarMonitor.elf
Invoking: MCU GCC Linker
arm-none-eabi-gcc -mcpu=cortex-m0plus -mthumb -mfloat-abi=soft -specs=nosys.specs -specs=nano.specs -T"../STM32L053R8Tx_FLASH.ld" -Wl,-Map=output.map -Wl,--gc-sections -lm -o "solarMonitor.elf" @"objects.list"  
Finished building target: solarMonitor.elf
 
make --no-print-directory post-build
Generating binary and Printing size information:
arm-none-eabi-objcopy -O binary "solarMonitor.elf" "solarMonitor.bin"
arm-none-eabi-size "solarMonitor.elf"
   text	   data	    bss	    dec	    hex	filename
  17588	     12	   5716	  23316	   5b14	solarMonitor.elf
 
13:50:19 **** Incremental Build of configuration Debug for project solarMonitor ****
make all 
Building file: ../Src/solarMonitor.c
Invoking: MCU GCC Compiler
%cd%
arm-none-eabi-gcc -mcpu=cortex-m0plus -mthumb -mfloat-abi=soft '-D__weak=__attribute__((weak))' '-D__packed=__attribute__((__packed__))' -DUSE_HAL_DRIVER -DSTM32L053xx -I"C:/Users/Nicolas/Documents/Projets/panneau solaire/st/solarMonitor/solarMonitor/Inc" -I"C:/Users/Nicolas/Documents/Projets/panneau solaire/st/solarMonitor/solarMonitor/Drivers/STM32L0xx_HAL_Driver/Inc" -I"C:/Users/Nicolas/Documents/Projets/panneau solaire/st/solarMonitor/solarMonitor/Drivers/STM32L0xx_HAL_Driver/Inc/Legacy" -I"C:/Users/Nicolas/Documents/Projets/panneau solaire/st/solarMonitor/solarMonitor/Drivers/CMSIS/Device/ST/STM32L0xx/Include" -I"C:/Users/Nicolas/Documents/Projets/panneau solaire/st/solarMonitor/solarMonitor/Drivers/CMSIS/Include" -I"C:/Users/Nicolas/Documents/Projets/panneau solaire/st/solarMonitor/solarMonitor/Inc"  -Og -g3 -Wall -fmessage-length=0 -ffunction-sections -c -fmessage-length=0 -MMD -MP -MF"Src/solarMonitor.d" -MT"Src/solarMonitor.o" -o "Src/solarMonitor.o" "../Src/solarMonitor.c"
../Src/solarMonitor.c: In function 'takeMes':
../Src/solarMonitor.c:36:11: warning: variable 'mesID' set but not used [-Wunused-but-set-variable]
  uint32_t mesID;
           ^
../Src/solarMonitor.c: In function 'initFlashCounter':
../Src/solarMonitor.c:101:14: warning: unused variable 'k' [-Wunused-variable]
  uint32_t j, k;
              ^
Finished building: ../Src/solarMonitor.c
 
Building target: solarMonitor.elf
Invoking: MCU GCC Linker
arm-none-eabi-gcc -mcpu=cortex-m0plus -mthumb -mfloat-abi=soft -specs=nosys.specs -specs=nano.specs -T"../STM32L053R8Tx_FLASH.ld" -Wl,-Map=output.map -Wl,--gc-sections -lm -o "solarMonitor.elf" @"objects.list"  
Finished building target: solarMonitor.elf
 
make --no-print-directory post-build
Generating binary and Printing size information:
arm-none-eabi-objcopy -O binary "solarMonitor.elf" "solarMonitor.bin"
arm-none-eabi-size "solarMonitor.elf"
   text	   data	    bss	    dec	    hex	filename
  17592	     12	   5716	  23320	   5b18	solarMonitor.elf
 
13:57:42 **** Incremental Build of configuration Debug for project solarMonitor ****
make all 
Building file: ../Src/solarMonitor.c
Invoking: MCU GCC Compiler
%cd%
arm-none-eabi-gcc -mcpu=cortex-m0plus -mthumb -mfloat-abi=soft '-D__weak=__attribute__((weak))' '-D__packed=__attribute__((__packed__))' -DUSE_HAL_DRIVER -DSTM32L053xx -I"C:/Users/Nicolas/Documents/Projets/panneau solaire/st/solarMonitor/solarMonitor/Inc" -I"C:/Users/Nicolas/Documents/Projets/panneau solaire/st/solarMonitor/solarMonitor/Drivers/STM32L0xx_HAL_Driver/Inc" -I"C:/Users/Nicolas/Documents/Projets/panneau solaire/st/solarMonitor/solarMonitor/Drivers/STM32L0xx_HAL_Driver/Inc/Legacy" -I"C:/Users/Nicolas/Documents/Projets/panneau solaire/st/solarMonitor/solarMonitor/Drivers/CMSIS/Device/ST/STM32L0xx/Include" -I"C:/Users/Nicolas/Documents/Projets/panneau solaire/st/solarMonitor/solarMonitor/Drivers/CMSIS/Include" -I"C:/Users/Nicolas/Documents/Projets/panneau solaire/st/solarMonitor/solarMonitor/Inc"  -Og -g3 -Wall -fmessage-length=0 -ffunction-sections -c -fmessage-length=0 -MMD -MP -MF"Src/solarMonitor.d" -MT"Src/solarMonitor.o" -o "Src/solarMonitor.o" "../Src/solarMonitor.c"
../Src/solarMonitor.c: In function 'initFlashCounter':
../Src/solarMonitor.c:117:14: warning: unused variable 'k' [-Wunused-variable]
  uint32_t j, k;
              ^
Finished building: ../Src/solarMonitor.c
 
Building target: solarMonitor.elf
Invoking: MCU GCC Linker
arm-none-eabi-gcc -mcpu=cortex-m0plus -mthumb -mfloat-abi=soft -specs=nosys.specs -specs=nano.specs -T"../STM32L053R8Tx_FLASH.ld" -Wl,-Map=output.map -Wl,--gc-sections -lm -o "solarMonitor.elf" @"objects.list"  
Finished building target: solarMonitor.elf
 
make --no-print-directory post-build
Generating binary and Printing size information:
arm-none-eabi-objcopy -O binary "solarMonitor.elf" "solarMonitor.bin"
arm-none-eabi-size "solarMonitor.elf"
   text	   data	    bss	    dec	    hex	filename
  17680	     12	   5716	  23408	   5b70	solarMonitor.elf
 
13:57:56 **** Incremental Build of configuration Debug for project solarMonitor ****
make all 
Building file: ../Src/main.c
Invoking: MCU GCC Compiler
%cd%
arm-none-eabi-gcc -mcpu=cortex-m0plus -mthumb -mfloat-abi=soft '-D__weak=__attribute__((weak))' '-D__packed=__attribute__((__packed__))' -DUSE_HAL_DRIVER -DSTM32L053xx -I"C:/Users/Nicolas/Documents/Projets/panneau solaire/st/solarMonitor/solarMonitor/Inc" -I"C:/Users/Nicolas/Documents/Projets/panneau solaire/st/solarMonitor/solarMonitor/Drivers/STM32L0xx_HAL_Driver/Inc" -I"C:/Users/Nicolas/Documents/Projets/panneau solaire/st/solarMonitor/solarMonitor/Drivers/STM32L0xx_HAL_Driver/Inc/Legacy" -I"C:/Users/Nicolas/Documents/Projets/panneau solaire/st/solarMonitor/solarMonitor/Drivers/CMSIS/Device/ST/STM32L0xx/Include" -I"C:/Users/Nicolas/Documents/Projets/panneau solaire/st/solarMonitor/solarMonitor/Drivers/CMSIS/Include" -I"C:/Users/Nicolas/Documents/Projets/panneau solaire/st/solarMonitor/solarMonitor/Inc"  -Og -g3 -Wall -fmessage-length=0 -ffunction-sections -c -fmessage-length=0 -MMD -MP -MF"Src/main.d" -MT"Src/main.o" -o "Src/main.o" "../Src/main.c"
Finished building: ../Src/main.c
 
Building target: solarMonitor.elf
Invoking: MCU GCC Linker
arm-none-eabi-gcc -mcpu=cortex-m0plus -mthumb -mfloat-abi=soft -specs=nosys.specs -specs=nano.specs -T"../STM32L053R8Tx_FLASH.ld" -Wl,-Map=output.map -Wl,--gc-sections -lm -o "solarMonitor.elf" @"objects.list"  
Finished building target: solarMonitor.elf
 
make --no-print-directory post-build
Generating binary and Printing size information:
arm-none-eabi-objcopy -O binary "solarMonitor.elf" "solarMonitor.bin"
arm-none-eabi-size "solarMonitor.elf"
   text	   data	    bss	    dec	    hex	filename
  17816	     12	   5724	  23552	   5c00	solarMonitor.elf
 
14:08:23 **** Incremental Build of configuration Debug for project solarMonitor ****
make all 
Building file: ../Src/solarMonitor.c
Invoking: MCU GCC Compiler
%cd%
arm-none-eabi-gcc -mcpu=cortex-m0plus -mthumb -mfloat-abi=soft '-D__weak=__attribute__((weak))' '-D__packed=__attribute__((__packed__))' -DUSE_HAL_DRIVER -DSTM32L053xx -I"C:/Users/Nicolas/Documents/Projets/panneau solaire/st/solarMonitor/solarMonitor/Inc" -I"C:/Users/Nicolas/Documents/Projets/panneau solaire/st/solarMonitor/solarMonitor/Drivers/STM32L0xx_HAL_Driver/Inc" -I"C:/Users/Nicolas/Documents/Projets/panneau solaire/st/solarMonitor/solarMonitor/Drivers/STM32L0xx_HAL_Driver/Inc/Legacy" -I"C:/Users/Nicolas/Documents/Projets/panneau solaire/st/solarMonitor/solarMonitor/Drivers/CMSIS/Device/ST/STM32L0xx/Include" -I"C:/Users/Nicolas/Documents/Projets/panneau solaire/st/solarMonitor/solarMonitor/Drivers/CMSIS/Include" -I"C:/Users/Nicolas/Documents/Projets/panneau solaire/st/solarMonitor/solarMonitor/Inc"  -Og -g3 -Wall -fmessage-length=0 -ffunction-sections -c -fmessage-length=0 -MMD -MP -MF"Src/solarMonitor.d" -MT"Src/solarMonitor.o" -o "Src/solarMonitor.o" "../Src/solarMonitor.c"
../Src/solarMonitor.c: In function 'initFlashCounter':
../Src/solarMonitor.c:134:14: warning: unused variable 'k' [-Wunused-variable]
  uint32_t j, k;
              ^
Finished building: ../Src/solarMonitor.c
 
Building file: ../Src/uart.c
Invoking: MCU GCC Compiler
%cd%
arm-none-eabi-gcc -mcpu=cortex-m0plus -mthumb -mfloat-abi=soft '-D__weak=__attribute__((weak))' '-D__packed=__attribute__((__packed__))' -DUSE_HAL_DRIVER -DSTM32L053xx -I"C:/Users/Nicolas/Documents/Projets/panneau solaire/st/solarMonitor/solarMonitor/Inc" -I"C:/Users/Nicolas/Documents/Projets/panneau solaire/st/solarMonitor/solarMonitor/Drivers/STM32L0xx_HAL_Driver/Inc" -I"C:/Users/Nicolas/Documents/Projets/panneau solaire/st/solarMonitor/solarMonitor/Drivers/STM32L0xx_HAL_Driver/Inc/Legacy" -I"C:/Users/Nicolas/Documents/Projets/panneau solaire/st/solarMonitor/solarMonitor/Drivers/CMSIS/Device/ST/STM32L0xx/Include" -I"C:/Users/Nicolas/Documents/Projets/panneau solaire/st/solarMonitor/solarMonitor/Drivers/CMSIS/Include" -I"C:/Users/Nicolas/Documents/Projets/panneau solaire/st/solarMonitor/solarMonitor/Inc"  -Og -g3 -Wall -fmessage-length=0 -ffunction-sections -c -fmessage-length=0 -MMD -MP -MF"Src/uart.d" -MT"Src/uart.o" -o "Src/uart.o" "../Src/uart.c"
Finished building: ../Src/uart.c
 
Building target: solarMonitor.elf
Invoking: MCU GCC Linker
arm-none-eabi-gcc -mcpu=cortex-m0plus -mthumb -mfloat-abi=soft -specs=nosys.specs -specs=nano.specs -T"../STM32L053R8Tx_FLASH.ld" -Wl,-Map=output.map -Wl,--gc-sections -lm -o "solarMonitor.elf" @"objects.list"  
Finished building target: solarMonitor.elf
 
make --no-print-directory post-build
Generating binary and Printing size information:
arm-none-eabi-objcopy -O binary "solarMonitor.elf" "solarMonitor.bin"
arm-none-eabi-size "solarMonitor.elf"
   text	   data	    bss	    dec	    hex	filename
  18020	     12	   5724	  23756	   5ccc	solarMonitor.elf
 
14:10:12 **** Incremental Build of configuration Debug for project solarMonitor ****
make all 
make: Nothing to be done for `all'.
14:12:20 **** Incremental Build of configuration Debug for project solarMonitor ****
make all 
make: Nothing to be done for `all'.
14:14:12 **** Incremental Build of configuration Debug for project solarMonitor ****
make all 
Building file: ../Src/main.c
Invoking: MCU GCC Compiler
%cd%
arm-none-eabi-gcc -mcpu=cortex-m0plus -mthumb -mfloat-abi=soft '-D__weak=__attribute__((weak))' '-D__packed=__attribute__((__packed__))' -DUSE_HAL_DRIVER -DSTM32L053xx -I"C:/Users/Nicolas/Documents/Projets/panneau solaire/st/solarMonitor/solarMonitor/Inc" -I"C:/Users/Nicolas/Documents/Projets/panneau solaire/st/solarMonitor/solarMonitor/Drivers/STM32L0xx_HAL_Driver/Inc" -I"C:/Users/Nicolas/Documents/Projets/panneau solaire/st/solarMonitor/solarMonitor/Drivers/STM32L0xx_HAL_Driver/Inc/Legacy" -I"C:/Users/Nicolas/Documents/Projets/panneau solaire/st/solarMonitor/solarMonitor/Drivers/CMSIS/Device/ST/STM32L0xx/Include" -I"C:/Users/Nicolas/Documents/Projets/panneau solaire/st/solarMonitor/solarMonitor/Drivers/CMSIS/Include" -I"C:/Users/Nicolas/Documents/Projets/panneau solaire/st/solarMonitor/solarMonitor/Inc"  -Og -g3 -Wall -fmessage-length=0 -ffunction-sections -c -fmessage-length=0 -MMD -MP -MF"Src/main.d" -MT"Src/main.o" -o "Src/main.o" "../Src/main.c"
Finished building: ../Src/main.c
 
Building target: solarMonitor.elf
Invoking: MCU GCC Linker
arm-none-eabi-gcc -mcpu=cortex-m0plus -mthumb -mfloat-abi=soft -specs=nosys.specs -specs=nano.specs -T"../STM32L053R8Tx_FLASH.ld" -Wl,-Map=output.map -Wl,--gc-sections -lm -o "solarMonitor.elf" @"objects.list"  
Finished building target: solarMonitor.elf
 
make --no-print-directory post-build
Generating binary and Printing size information:
arm-none-eabi-objcopy -O binary "solarMonitor.elf" "solarMonitor.bin"
arm-none-eabi-size "solarMonitor.elf"
   text	   data	    bss	    dec	    hex	filename
  17996	     12	   5716	  23724	   5cac	solarMonitor.elf
 
14:15:42 **** Incremental Build of configuration Debug for project solarMonitor ****
make all 
Building file: ../Src/solarMonitor.c
Invoking: MCU GCC Compiler
%cd%
arm-none-eabi-gcc -mcpu=cortex-m0plus -mthumb -mfloat-abi=soft '-D__weak=__attribute__((weak))' '-D__packed=__attribute__((__packed__))' -DUSE_HAL_DRIVER -DSTM32L053xx -I"C:/Users/Nicolas/Documents/Projets/panneau solaire/st/solarMonitor/solarMonitor/Inc" -I"C:/Users/Nicolas/Documents/Projets/panneau solaire/st/solarMonitor/solarMonitor/Drivers/STM32L0xx_HAL_Driver/Inc" -I"C:/Users/Nicolas/Documents/Projets/panneau solaire/st/solarMonitor/solarMonitor/Drivers/STM32L0xx_HAL_Driver/Inc/Legacy" -I"C:/Users/Nicolas/Documents/Projets/panneau solaire/st/solarMonitor/solarMonitor/Drivers/CMSIS/Device/ST/STM32L0xx/Include" -I"C:/Users/Nicolas/Documents/Projets/panneau solaire/st/solarMonitor/solarMonitor/Drivers/CMSIS/Include" -I"C:/Users/Nicolas/Documents/Projets/panneau solaire/st/solarMonitor/solarMonitor/Inc"  -Og -g3 -Wall -fmessage-length=0 -ffunction-sections -c -fmessage-length=0 -MMD -MP -MF"Src/solarMonitor.d" -MT"Src/solarMonitor.o" -o "Src/solarMonitor.o" "../Src/solarMonitor.c"
Finished building: ../Src/solarMonitor.c
 
Building file: ../Src/uart.c
Invoking: MCU GCC Compiler
%cd%
arm-none-eabi-gcc -mcpu=cortex-m0plus -mthumb -mfloat-abi=soft '-D__weak=__attribute__((weak))' '-D__packed=__attribute__((__packed__))' -DUSE_HAL_DRIVER -DSTM32L053xx -I"C:/Users/Nicolas/Documents/Projets/panneau solaire/st/solarMonitor/solarMonitor/Inc" -I"C:/Users/Nicolas/Documents/Projets/panneau solaire/st/solarMonitor/solarMonitor/Drivers/STM32L0xx_HAL_Driver/Inc" -I"C:/Users/Nicolas/Documents/Projets/panneau solaire/st/solarMonitor/solarMonitor/Drivers/STM32L0xx_HAL_Driver/Inc/Legacy" -I"C:/Users/Nicolas/Documents/Projets/panneau solaire/st/solarMonitor/solarMonitor/Drivers/CMSIS/Device/ST/STM32L0xx/Include" -I"C:/Users/Nicolas/Documents/Projets/panneau solaire/st/solarMonitor/solarMonitor/Drivers/CMSIS/Include" -I"C:/Users/Nicolas/Documents/Projets/panneau solaire/st/solarMonitor/solarMonitor/Inc"  -Og -g3 -Wall -fmessage-length=0 -ffunction-sections -c -fmessage-length=0 -MMD -MP -MF"Src/uart.d" -MT"Src/uart.o" -o "Src/uart.o" "../Src/uart.c"
Finished building: ../Src/uart.c
 
Building target: solarMonitor.elf
Invoking: MCU GCC Linker
arm-none-eabi-gcc -mcpu=cortex-m0plus -mthumb -mfloat-abi=soft -specs=nosys.specs -specs=nano.specs -T"../STM32L053R8Tx_FLASH.ld" -Wl,-Map=output.map -Wl,--gc-sections -lm -o "solarMonitor.elf" @"objects.list"  
Finished building target: solarMonitor.elf
 
make --no-print-directory post-build
Generating binary and Printing size information:
arm-none-eabi-objcopy -O binary "solarMonitor.elf" "solarMonitor.bin"
arm-none-eabi-size "solarMonitor.elf"
   text	   data	    bss	    dec	    hex	filename
  17884	     12	   5716	  23612	   5c3c	solarMonitor.elf
 
14:22:26 **** Incremental Build of configuration Debug for project solarMonitor ****
make all 
Building file: ../Src/main.c
Invoking: MCU GCC Compiler
%cd%
arm-none-eabi-gcc -mcpu=cortex-m0plus -mthumb -mfloat-abi=soft '-D__weak=__attribute__((weak))' '-D__packed=__attribute__((__packed__))' -DUSE_HAL_DRIVER -DSTM32L053xx -I"C:/Users/Nicolas/Documents/Projets/panneau solaire/st/solarMonitor/solarMonitor/Inc" -I"C:/Users/Nicolas/Documents/Projets/panneau solaire/st/solarMonitor/solarMonitor/Drivers/STM32L0xx_HAL_Driver/Inc" -I"C:/Users/Nicolas/Documents/Projets/panneau solaire/st/solarMonitor/solarMonitor/Drivers/STM32L0xx_HAL_Driver/Inc/Legacy" -I"C:/Users/Nicolas/Documents/Projets/panneau solaire/st/solarMonitor/solarMonitor/Drivers/CMSIS/Device/ST/STM32L0xx/Include" -I"C:/Users/Nicolas/Documents/Projets/panneau solaire/st/solarMonitor/solarMonitor/Drivers/CMSIS/Include" -I"C:/Users/Nicolas/Documents/Projets/panneau solaire/st/solarMonitor/solarMonitor/Inc"  -Og -g3 -Wall -fmessage-length=0 -ffunction-sections -c -fmessage-length=0 -MMD -MP -MF"Src/main.d" -MT"Src/main.o" -o "Src/main.o" "../Src/main.c"
Finished building: ../Src/main.c
 
Building file: ../Src/solarMonitor.c
Invoking: MCU GCC Compiler
%cd%
arm-none-eabi-gcc -mcpu=cortex-m0plus -mthumb -mfloat-abi=soft '-D__weak=__attribute__((weak))' '-D__packed=__attribute__((__packed__))' -DUSE_HAL_DRIVER -DSTM32L053xx -I"C:/Users/Nicolas/Documents/Projets/panneau solaire/st/solarMonitor/solarMonitor/Inc" -I"C:/Users/Nicolas/Documents/Projets/panneau solaire/st/solarMonitor/solarMonitor/Drivers/STM32L0xx_HAL_Driver/Inc" -I"C:/Users/Nicolas/Documents/Projets/panneau solaire/st/solarMonitor/solarMonitor/Drivers/STM32L0xx_HAL_Driver/Inc/Legacy" -I"C:/Users/Nicolas/Documents/Projets/panneau solaire/st/solarMonitor/solarMonitor/Drivers/CMSIS/Device/ST/STM32L0xx/Include" -I"C:/Users/Nicolas/Documents/Projets/panneau solaire/st/solarMonitor/solarMonitor/Drivers/CMSIS/Include" -I"C:/Users/Nicolas/Documents/Projets/panneau solaire/st/solarMonitor/solarMonitor/Inc"  -Og -g3 -Wall -fmessage-length=0 -ffunction-sections -c -fmessage-length=0 -MMD -MP -MF"Src/solarMonitor.d" -MT"Src/solarMonitor.o" -o "Src/solarMonitor.o" "../Src/solarMonitor.c"
../Src/solarMonitor.c: In function 'takeMes':
../Src/solarMonitor.c:45:14: warning: 'i' is used uninitialized in this function [-Wuninitialized]
  voltage1[i] = adcTable[0]>>4;
              ^
Finished building: ../Src/solarMonitor.c
 
Building file: ../Src/uart.c
Invoking: MCU GCC Compiler
%cd%
arm-none-eabi-gcc -mcpu=cortex-m0plus -mthumb -mfloat-abi=soft '-D__weak=__attribute__((weak))' '-D__packed=__attribute__((__packed__))' -DUSE_HAL_DRIVER -DSTM32L053xx -I"C:/Users/Nicolas/Documents/Projets/panneau solaire/st/solarMonitor/solarMonitor/Inc" -I"C:/Users/Nicolas/Documents/Projets/panneau solaire/st/solarMonitor/solarMonitor/Drivers/STM32L0xx_HAL_Driver/Inc" -I"C:/Users/Nicolas/Documents/Projets/panneau solaire/st/solarMonitor/solarMonitor/Drivers/STM32L0xx_HAL_Driver/Inc/Legacy" -I"C:/Users/Nicolas/Documents/Projets/panneau solaire/st/solarMonitor/solarMonitor/Drivers/CMSIS/Device/ST/STM32L0xx/Include" -I"C:/Users/Nicolas/Documents/Projets/panneau solaire/st/solarMonitor/solarMonitor/Drivers/CMSIS/Include" -I"C:/Users/Nicolas/Documents/Projets/panneau solaire/st/solarMonitor/solarMonitor/Inc"  -Og -g3 -Wall -fmessage-length=0 -ffunction-sections -c -fmessage-length=0 -MMD -MP -MF"Src/uart.d" -MT"Src/uart.o" -o "Src/uart.o" "../Src/uart.c"
Finished building: ../Src/uart.c
 
Building target: solarMonitor.elf
Invoking: MCU GCC Linker
arm-none-eabi-gcc -mcpu=cortex-m0plus -mthumb -mfloat-abi=soft -specs=nosys.specs -specs=nano.specs -T"../STM32L053R8Tx_FLASH.ld" -Wl,-Map=output.map -Wl,--gc-sections -lm -o "solarMonitor.elf" @"objects.list"  
Finished building target: solarMonitor.elf
 
make --no-print-directory post-build
Generating binary and Printing size information:
arm-none-eabi-objcopy -O binary "solarMonitor.elf" "solarMonitor.bin"
arm-none-eabi-size "solarMonitor.elf"
   text	   data	    bss	    dec	    hex	filename
  17936	     12	   5716	  23664	   5c70	solarMonitor.elf
 
14:26:21 **** Incremental Build of configuration Debug for project solarMonitor ****
make all 
Building file: ../Src/solarMonitor.c
Invoking: MCU GCC Compiler
%cd%
arm-none-eabi-gcc -mcpu=cortex-m0plus -mthumb -mfloat-abi=soft '-D__weak=__attribute__((weak))' '-D__packed=__attribute__((__packed__))' -DUSE_HAL_DRIVER -DSTM32L053xx -I"C:/Users/Nicolas/Documents/Projets/panneau solaire/st/solarMonitor/solarMonitor/Inc" -I"C:/Users/Nicolas/Documents/Projets/panneau solaire/st/solarMonitor/solarMonitor/Drivers/STM32L0xx_HAL_Driver/Inc" -I"C:/Users/Nicolas/Documents/Projets/panneau solaire/st/solarMonitor/solarMonitor/Drivers/STM32L0xx_HAL_Driver/Inc/Legacy" -I"C:/Users/Nicolas/Documents/Projets/panneau solaire/st/solarMonitor/solarMonitor/Drivers/CMSIS/Device/ST/STM32L0xx/Include" -I"C:/Users/Nicolas/Documents/Projets/panneau solaire/st/solarMonitor/solarMonitor/Drivers/CMSIS/Include" -I"C:/Users/Nicolas/Documents/Projets/panneau solaire/st/solarMonitor/solarMonitor/Inc"  -Og -g3 -Wall -fmessage-length=0 -ffunction-sections -c -fmessage-length=0 -MMD -MP -MF"Src/solarMonitor.d" -MT"Src/solarMonitor.o" -o "Src/solarMonitor.o" "../Src/solarMonitor.c"
../Src/solarMonitor.c: In function 'takeMes':
../Src/solarMonitor.c:45:14: warning: 'i' is used uninitialized in this function [-Wuninitialized]
  voltage1[i] = adcTable[0]>>4;
              ^
Finished building: ../Src/solarMonitor.c
 
Building target: solarMonitor.elf
Invoking: MCU GCC Linker
arm-none-eabi-gcc -mcpu=cortex-m0plus -mthumb -mfloat-abi=soft -specs=nosys.specs -specs=nano.specs -T"../STM32L053R8Tx_FLASH.ld" -Wl,-Map=output.map -Wl,--gc-sections -lm -o "solarMonitor.elf" @"objects.list"  
Finished building target: solarMonitor.elf
 
make --no-print-directory post-build
Generating binary and Printing size information:
arm-none-eabi-objcopy -O binary "solarMonitor.elf" "solarMonitor.bin"
arm-none-eabi-size "solarMonitor.elf"
   text	   data	    bss	    dec	    hex	filename
  17940	     12	   5716	  23668	   5c74	solarMonitor.elf
 
14:27:02 **** Incremental Build of configuration Debug for project solarMonitor ****
make all 
make: Nothing to be done for `all'.
14:28:47 **** Incremental Build of configuration Debug for project solarMonitor ****
make all 
Building file: ../Src/solarMonitor.c
Invoking: MCU GCC Compiler
%cd%
arm-none-eabi-gcc -mcpu=cortex-m0plus -mthumb -mfloat-abi=soft '-D__weak=__attribute__((weak))' '-D__packed=__attribute__((__packed__))' -DUSE_HAL_DRIVER -DSTM32L053xx -I"C:/Users/Nicolas/Documents/Projets/panneau solaire/st/solarMonitor/solarMonitor/Inc" -I"C:/Users/Nicolas/Documents/Projets/panneau solaire/st/solarMonitor/solarMonitor/Drivers/STM32L0xx_HAL_Driver/Inc" -I"C:/Users/Nicolas/Documents/Projets/panneau solaire/st/solarMonitor/solarMonitor/Drivers/STM32L0xx_HAL_Driver/Inc/Legacy" -I"C:/Users/Nicolas/Documents/Projets/panneau solaire/st/solarMonitor/solarMonitor/Drivers/CMSIS/Device/ST/STM32L0xx/Include" -I"C:/Users/Nicolas/Documents/Projets/panneau solaire/st/solarMonitor/solarMonitor/Drivers/CMSIS/Include" -I"C:/Users/Nicolas/Documents/Projets/panneau solaire/st/solarMonitor/solarMonitor/Inc"  -Og -g3 -Wall -fmessage-length=0 -ffunction-sections -c -fmessage-length=0 -MMD -MP -MF"Src/solarMonitor.d" -MT"Src/solarMonitor.o" -o "Src/solarMonitor.o" "../Src/solarMonitor.c"
../Src/solarMonitor.c: In function 'takeMes':
[...]
%cd%
arm-none-eabi-gcc -mcpu=cortex-m0plus -mthumb -mfloat-abi=soft '-D__weak=__attribute__((weak))' '-D__packed=__attribute__((__packed__))' -DUSE_HAL_DRIVER -DSTM32L053xx -I"C:/Users/Nicolas/Documents/Projets/panneau solaire/st/solarMonitor/solarMonitor/Inc" -I"C:/Users/Nicolas/Documents/Projets/panneau solaire/st/solarMonitor/solarMonitor/Drivers/STM32L0xx_HAL_Driver/Inc" -I"C:/Users/Nicolas/Documents/Projets/panneau solaire/st/solarMonitor/solarMonitor/Drivers/STM32L0xx_HAL_Driver/Inc/Legacy" -I"C:/Users/Nicolas/Documents/Projets/panneau solaire/st/solarMonitor/solarMonitor/Drivers/CMSIS/Device/ST/STM32L0xx/Include" -I"C:/Users/Nicolas/Documents/Projets/panneau solaire/st/solarMonitor/solarMonitor/Drivers/CMSIS/Include" -I"C:/Users/Nicolas/Documents/Projets/panneau solaire/st/solarMonitor/solarMonitor/Inc"  -Og -g3 -Wall -fmessage-length=0 -ffunction-sections -c -fmessage-length=0 -MMD -MP -MF"Drivers/STM32L0xx_HAL_Driver/Src/stm32l0xx_hal_rtc_ex.d" -MT"Drivers/STM32L0xx_HAL_Driver/Src/stm32l0xx_hal_rtc_ex.o" -o "Drivers/STM32L0xx_HAL_Driver/Src/stm32l0xx_hal_rtc_ex.o" "../Drivers/STM32L0xx_HAL_Driver/Src/stm32l0xx_hal_rtc_ex.c"
Finished building: ../Drivers/STM32L0xx_HAL_Driver/Src/stm32l0xx_hal_rtc_ex.c
 
Building file: ../Drivers/STM32L0xx_HAL_Driver/Src/stm32l0xx_hal_spi.c
Invoking: MCU GCC Compiler
%cd%
arm-none-eabi-gcc -mcpu=cortex-m0plus -mthumb -mfloat-abi=soft '-D__weak=__attribute__((weak))' '-D__packed=__attribute__((__packed__))' -DUSE_HAL_DRIVER -DSTM32L053xx -I"C:/Users/Nicolas/Documents/Projets/panneau solaire/st/solarMonitor/solarMonitor/Inc" -I"C:/Users/Nicolas/Documents/Projets/panneau solaire/st/solarMonitor/solarMonitor/Drivers/STM32L0xx_HAL_Driver/Inc" -I"C:/Users/Nicolas/Documents/Projets/panneau solaire/st/solarMonitor/solarMonitor/Drivers/STM32L0xx_HAL_Driver/Inc/Legacy" -I"C:/Users/Nicolas/Documents/Projets/panneau solaire/st/solarMonitor/solarMonitor/Drivers/CMSIS/Device/ST/STM32L0xx/Include" -I"C:/Users/Nicolas/Documents/Projets/panneau solaire/st/solarMonitor/solarMonitor/Drivers/CMSIS/Include" -I"C:/Users/Nicolas/Documents/Projets/panneau solaire/st/solarMonitor/solarMonitor/Inc"  -Og -g3 -Wall -fmessage-length=0 -ffunction-sections -c -fmessage-length=0 -MMD -MP -MF"Drivers/STM32L0xx_HAL_Driver/Src/stm32l0xx_hal_spi.d" -MT"Drivers/STM32L0xx_HAL_Driver/Src/stm32l0xx_hal_spi.o" -o "Drivers/STM32L0xx_HAL_Driver/Src/stm32l0xx_hal_spi.o" "../Drivers/STM32L0xx_HAL_Driver/Src/stm32l0xx_hal_spi.c"
Finished building: ../Drivers/STM32L0xx_HAL_Driver/Src/stm32l0xx_hal_spi.c
 
Building file: ../Drivers/STM32L0xx_HAL_Driver/Src/stm32l0xx_hal_tim.c
Invoking: MCU GCC Compiler
%cd%
arm-none-eabi-gcc -mcpu=cortex-m0plus -mthumb -mfloat-abi=soft '-D__weak=__attribute__((weak))' '-D__packed=__attribute__((__packed__))' -DUSE_HAL_DRIVER -DSTM32L053xx -I"C:/Users/Nicolas/Documents/Projets/panneau solaire/st/solarMonitor/solarMonitor/Inc" -I"C:/Users/Nicolas/Documents/Projets/panneau solaire/st/solarMonitor/solarMonitor/Drivers/STM32L0xx_HAL_Driver/Inc" -I"C:/Users/Nicolas/Documents/Projets/panneau solaire/st/solarMonitor/solarMonitor/Drivers/STM32L0xx_HAL_Driver/Inc/Legacy" -I"C:/Users/Nicolas/Documents/Projets/panneau solaire/st/solarMonitor/solarMonitor/Drivers/CMSIS/Device/ST/STM32L0xx/Include" -I"C:/Users/Nicolas/Documents/Projets/panneau solaire/st/solarMonitor/solarMonitor/Drivers/CMSIS/Include" -I"C:/Users/Nicolas/Documents/Projets/panneau solaire/st/solarMonitor/solarMonitor/Inc"  -Og -g3 -Wall -fmessage-length=0 -ffunction-sections -c -fmessage-length=0 -MMD -MP -MF"Drivers/STM32L0xx_HAL_Driver/Src/stm32l0xx_hal_tim.d" -MT"Drivers/STM32L0xx_HAL_Driver/Src/stm32l0xx_hal_tim.o" -o "Drivers/STM32L0xx_HAL_Driver/Src/stm32l0xx_hal_tim.o" "../Drivers/STM32L0xx_HAL_Driver/Src/stm32l0xx_hal_tim.c"
Finished building: ../Drivers/STM32L0xx_HAL_Driver/Src/stm32l0xx_hal_tim.c
 
Building file: ../Drivers/STM32L0xx_HAL_Driver/Src/stm32l0xx_hal_tim_ex.c
Invoking: MCU GCC Compiler
%cd%
arm-none-eabi-gcc -mcpu=cortex-m0plus -mthumb -mfloat-abi=soft '-D__weak=__attribute__((weak))' '-D__packed=__attribute__((__packed__))' -DUSE_HAL_DRIVER -DSTM32L053xx -I"C:/Users/Nicolas/Documents/Projets/panneau solaire/st/solarMonitor/solarMonitor/Inc" -I"C:/Users/Nicolas/Documents/Projets/panneau solaire/st/solarMonitor/solarMonitor/Drivers/STM32L0xx_HAL_Driver/Inc" -I"C:/Users/Nicolas/Documents/Projets/panneau solaire/st/solarMonitor/solarMonitor/Drivers/STM32L0xx_HAL_Driver/Inc/Legacy" -I"C:/Users/Nicolas/Documents/Projets/panneau solaire/st/solarMonitor/solarMonitor/Drivers/CMSIS/Device/ST/STM32L0xx/Include" -I"C:/Users/Nicolas/Documents/Projets/panneau solaire/st/solarMonitor/solarMonitor/Drivers/CMSIS/Include" -I"C:/Users/Nicolas/Documents/Projets/panneau solaire/st/solarMonitor/solarMonitor/Inc"  -Og -g3 -Wall -fmessage-length=0 -ffunction-sections -c -fmessage-length=0 -MMD -MP -MF"Drivers/STM32L0xx_HAL_Driver/Src/stm32l0xx_hal_tim_ex.d" -MT"Drivers/STM32L0xx_HAL_Driver/Src/stm32l0xx_hal_tim_ex.o" -o "Drivers/STM32L0xx_HAL_Driver/Src/stm32l0xx_hal_tim_ex.o" "../Drivers/STM32L0xx_HAL_Driver/Src/stm32l0xx_hal_tim_ex.c"
Finished building: ../Drivers/STM32L0xx_HAL_Driver/Src/stm32l0xx_hal_tim_ex.c
 
Building file: ../Drivers/STM32L0xx_HAL_Driver/Src/stm32l0xx_hal_uart.c
Invoking: MCU GCC Compiler
%cd%
arm-none-eabi-gcc -mcpu=cortex-m0plus -mthumb -mfloat-abi=soft '-D__weak=__attribute__((weak))' '-D__packed=__attribute__((__packed__))' -DUSE_HAL_DRIVER -DSTM32L053xx -I"C:/Users/Nicolas/Documents/Projets/panneau solaire/st/solarMonitor/solarMonitor/Inc" -I"C:/Users/Nicolas/Documents/Projets/panneau solaire/st/solarMonitor/solarMonitor/Drivers/STM32L0xx_HAL_Driver/Inc" -I"C:/Users/Nicolas/Documents/Projets/panneau solaire/st/solarMonitor/solarMonitor/Drivers/STM32L0xx_HAL_Driver/Inc/Legacy" -I"C:/Users/Nicolas/Documents/Projets/panneau solaire/st/solarMonitor/solarMonitor/Drivers/CMSIS/Device/ST/STM32L0xx/Include" -I"C:/Users/Nicolas/Documents/Projets/panneau solaire/st/solarMonitor/solarMonitor/Drivers/CMSIS/Include" -I"C:/Users/Nicolas/Documents/Projets/panneau solaire/st/solarMonitor/solarMonitor/Inc"  -Og -g3 -Wall -fmessage-length=0 -ffunction-sections -c -fmessage-length=0 -MMD -MP -MF"Drivers/STM32L0xx_HAL_Driver/Src/stm32l0xx_hal_uart.d" -MT"Drivers/STM32L0xx_HAL_Driver/Src/stm32l0xx_hal_uart.o" -o "Drivers/STM32L0xx_HAL_Driver/Src/stm32l0xx_hal_uart.o" "../Drivers/STM32L0xx_HAL_Driver/Src/stm32l0xx_hal_uart.c"
Finished building: ../Drivers/STM32L0xx_HAL_Driver/Src/stm32l0xx_hal_uart.c
 
Building file: ../Drivers/STM32L0xx_HAL_Driver/Src/stm32l0xx_hal_uart_ex.c
Invoking: MCU GCC Compiler
%cd%
arm-none-eabi-gcc -mcpu=cortex-m0plus -mthumb -mfloat-abi=soft '-D__weak=__attribute__((weak))' '-D__packed=__attribute__((__packed__))' -DUSE_HAL_DRIVER -DSTM32L053xx -I"C:/Users/Nicolas/Documents/Projets/panneau solaire/st/solarMonitor/solarMonitor/Inc" -I"C:/Users/Nicolas/Documents/Projets/panneau solaire/st/solarMonitor/solarMonitor/Drivers/STM32L0xx_HAL_Driver/Inc" -I"C:/Users/Nicolas/Documents/Projets/panneau solaire/st/solarMonitor/solarMonitor/Drivers/STM32L0xx_HAL_Driver/Inc/Legacy" -I"C:/Users/Nicolas/Documents/Projets/panneau solaire/st/solarMonitor/solarMonitor/Drivers/CMSIS/Device/ST/STM32L0xx/Include" -I"C:/Users/Nicolas/Documents/Projets/panneau solaire/st/solarMonitor/solarMonitor/Drivers/CMSIS/Include" -I"C:/Users/Nicolas/Documents/Projets/panneau solaire/st/solarMonitor/solarMonitor/Inc"  -Og -g3 -Wall -fmessage-length=0 -ffunction-sections -c -fmessage-length=0 -MMD -MP -MF"Drivers/STM32L0xx_HAL_Driver/Src/stm32l0xx_hal_uart_ex.d" -MT"Drivers/STM32L0xx_HAL_Driver/Src/stm32l0xx_hal_uart_ex.o" -o "Drivers/STM32L0xx_HAL_Driver/Src/stm32l0xx_hal_uart_ex.o" "../Drivers/STM32L0xx_HAL_Driver/Src/stm32l0xx_hal_uart_ex.c"
Finished building: ../Drivers/STM32L0xx_HAL_Driver/Src/stm32l0xx_hal_uart_ex.c
 
Building target: solarMonitor.elf
Invoking: MCU GCC Linker
arm-none-eabi-gcc -mcpu=cortex-m0plus -mthumb -mfloat-abi=soft -specs=nosys.specs -specs=nano.specs -T"../STM32L053R8Tx_FLASH.ld" -Wl,-Map=output.map -Wl,--gc-sections -lm -o "solarMonitor.elf" @"objects.list"  
Finished building target: solarMonitor.elf
 
make --no-print-directory post-build
Generating binary and Printing size information:
arm-none-eabi-objcopy -O binary "solarMonitor.elf" "solarMonitor.bin"
arm-none-eabi-size "solarMonitor.elf"
   text	   data	    bss	    dec	    hex	filename
  17932	     12	   6644	  24588	   600c	solarMonitor.elf
 
10:36:01 **** Incremental Build of configuration Debug for project solarMonitor ****
make all 
Building file: ../Src/solarMonitor.c
Invoking: MCU GCC Compiler
%cd%
arm-none-eabi-gcc -mcpu=cortex-m0plus -mthumb -mfloat-abi=soft '-D__weak=__attribute__((weak))' '-D__packed=__attribute__((__packed__))' -DUSE_HAL_DRIVER -DSTM32L053xx -I"C:/Users/Nicolas/Documents/Projets/panneau solaire/st/solarMonitor/solarMonitor/Inc" -I"C:/Users/Nicolas/Documents/Projets/panneau solaire/st/solarMonitor/solarMonitor/Drivers/STM32L0xx_HAL_Driver/Inc" -I"C:/Users/Nicolas/Documents/Projets/panneau solaire/st/solarMonitor/solarMonitor/Drivers/STM32L0xx_HAL_Driver/Inc/Legacy" -I"C:/Users/Nicolas/Documents/Projets/panneau solaire/st/solarMonitor/solarMonitor/Drivers/CMSIS/Device/ST/STM32L0xx/Include" -I"C:/Users/Nicolas/Documents/Projets/panneau solaire/st/solarMonitor/solarMonitor/Drivers/CMSIS/Include" -I"C:/Users/Nicolas/Documents/Projets/panneau solaire/st/solarMonitor/solarMonitor/Inc"  -Og -g3 -Wall -fmessage-length=0 -ffunction-sections -c -fmessage-length=0 -MMD -MP -MF"Src/solarMonitor.d" -MT"Src/solarMonitor.o" -o "Src/solarMonitor.o" "../Src/solarMonitor.c"
Finished building: ../Src/solarMonitor.c
 
Building target: solarMonitor.elf
Invoking: MCU GCC Linker
arm-none-eabi-gcc -mcpu=cortex-m0plus -mthumb -mfloat-abi=soft -specs=nosys.specs -specs=nano.specs -T"../STM32L053R8Tx_FLASH.ld" -Wl,-Map=output.map -Wl,--gc-sections -lm -o "solarMonitor.elf" @"objects.list"  
Finished building target: solarMonitor.elf
 
make --no-print-directory post-build
Generating binary and Printing size information:
arm-none-eabi-objcopy -O binary "solarMonitor.elf" "solarMonitor.bin"
arm-none-eabi-size "solarMonitor.elf"
   text	   data	    bss	    dec	    hex	filename
  17948	     12	   6644	  24604	   601c	solarMonitor.elf
 
10:40:16 **** Incremental Build of configuration Debug for project solarMonitor ****
make all 
Building file: ../Src/solarMonitor.c
Invoking: MCU GCC Compiler
%cd%
arm-none-eabi-gcc -mcpu=cortex-m0plus -mthumb -mfloat-abi=soft '-D__weak=__attribute__((weak))' '-D__packed=__attribute__((__packed__))' -DUSE_HAL_DRIVER -DSTM32L053xx -I"C:/Users/Nicolas/Documents/Projets/panneau solaire/st/solarMonitor/solarMonitor/Inc" -I"C:/Users/Nicolas/Documents/Projets/panneau solaire/st/solarMonitor/solarMonitor/Drivers/STM32L0xx_HAL_Driver/Inc" -I"C:/Users/Nicolas/Documents/Projets/panneau solaire/st/solarMonitor/solarMonitor/Drivers/STM32L0xx_HAL_Driver/Inc/Legacy" -I"C:/Users/Nicolas/Documents/Projets/panneau solaire/st/solarMonitor/solarMonitor/Drivers/CMSIS/Device/ST/STM32L0xx/Include" -I"C:/Users/Nicolas/Documents/Projets/panneau solaire/st/solarMonitor/solarMonitor/Drivers/CMSIS/Include" -I"C:/Users/Nicolas/Documents/Projets/panneau solaire/st/solarMonitor/solarMonitor/Inc"  -Og -g3 -Wall -fmessage-length=0 -ffunction-sections -c -fmessage-length=0 -MMD -MP -MF"Src/solarMonitor.d" -MT"Src/solarMonitor.o" -o "Src/solarMonitor.o" "../Src/solarMonitor.c"
Finished building: ../Src/solarMonitor.c
 
Building target: solarMonitor.elf
Invoking: MCU GCC Linker
arm-none-eabi-gcc -mcpu=cortex-m0plus -mthumb -mfloat-abi=soft -specs=nosys.specs -specs=nano.specs -T"../STM32L053R8Tx_FLASH.ld" -Wl,-Map=output.map -Wl,--gc-sections -lm -o "solarMonitor.elf" @"objects.list"  
Finished building target: solarMonitor.elf
 
make --no-print-directory post-build
Generating binary and Printing size information:
arm-none-eabi-objcopy -O binary "solarMonitor.elf" "solarMonitor.bin"
arm-none-eabi-size "solarMonitor.elf"
   text	   data	    bss	    dec	    hex	filename
  17948	     12	   6644	  24604	   601c	solarMonitor.elf
 
10:42:46 **** Incremental Build of configuration Debug for project solarMonitor ****
make all 
Building file: ../Src/solarMonitor.c
Invoking: MCU GCC Compiler
%cd%
arm-none-eabi-gcc -mcpu=cortex-m0plus -mthumb -mfloat-abi=soft '-D__weak=__attribute__((weak))' '-D__packed=__attribute__((__packed__))' -DUSE_HAL_DRIVER -DSTM32L053xx -I"C:/Users/Nicolas/Documents/Projets/panneau solaire/st/solarMonitor/solarMonitor/Inc" -I"C:/Users/Nicolas/Documents/Projets/panneau solaire/st/solarMonitor/solarMonitor/Drivers/STM32L0xx_HAL_Driver/Inc" -I"C:/Users/Nicolas/Documents/Projets/panneau solaire/st/solarMonitor/solarMonitor/Drivers/STM32L0xx_HAL_Driver/Inc/Legacy" -I"C:/Users/Nicolas/Documents/Projets/panneau solaire/st/solarMonitor/solarMonitor/Drivers/CMSIS/Device/ST/STM32L0xx/Include" -I"C:/Users/Nicolas/Documents/Projets/panneau solaire/st/solarMonitor/solarMonitor/Drivers/CMSIS/Include" -I"C:/Users/Nicolas/Documents/Projets/panneau solaire/st/solarMonitor/solarMonitor/Inc"  -Og -g3 -Wall -fmessage-length=0 -ffunction-sections -c -fmessage-length=0 -MMD -MP -MF"Src/solarMonitor.d" -MT"Src/solarMonitor.o" -o "Src/solarMonitor.o" "../Src/solarMonitor.c"
Finished building: ../Src/solarMonitor.c
 
Building target: solarMonitor.elf
Invoking: MCU GCC Linker
arm-none-eabi-gcc -mcpu=cortex-m0plus -mthumb -mfloat-abi=soft -specs=nosys.specs -specs=nano.specs -T"../STM32L053R8Tx_FLASH.ld" -Wl,-Map=output.map -Wl,--gc-sections -lm -o "solarMonitor.elf" @"objects.list"  
Finished building target: solarMonitor.elf
 
make --no-print-directory post-build
Generating binary and Printing size information:
arm-none-eabi-objcopy -O binary "solarMonitor.elf" "solarMonitor.bin"
arm-none-eabi-size "solarMonitor.elf"
   text	   data	    bss	    dec	    hex	filename
  17952	     12	   6644	  24608	   6020	solarMonitor.elf
 
10:49:51 **** Incremental Build of configuration Debug for project solarMonitor ****
make all 
Building file: ../Src/solarMonitor.c
Invoking: MCU GCC Compiler
%cd%
arm-none-eabi-gcc -mcpu=cortex-m0plus -mthumb -mfloat-abi=soft '-D__weak=__attribute__((weak))' '-D__packed=__attribute__((__packed__))' -DUSE_HAL_DRIVER -DSTM32L053xx -I"C:/Users/Nicolas/Documents/Projets/panneau solaire/st/solarMonitor/solarMonitor/Inc" -I"C:/Users/Nicolas/Documents/Projets/panneau solaire/st/solarMonitor/solarMonitor/Drivers/STM32L0xx_HAL_Driver/Inc" -I"C:/Users/Nicolas/Documents/Projets/panneau solaire/st/solarMonitor/solarMonitor/Drivers/STM32L0xx_HAL_Driver/Inc/Legacy" -I"C:/Users/Nicolas/Documents/Projets/panneau solaire/st/solarMonitor/solarMonitor/Drivers/CMSIS/Device/ST/STM32L0xx/Include" -I"C:/Users/Nicolas/Documents/Projets/panneau solaire/st/solarMonitor/solarMonitor/Drivers/CMSIS/Include" -I"C:/Users/Nicolas/Documents/Projets/panneau solaire/st/solarMonitor/solarMonitor/Inc"  -Og -g3 -Wall -fmessage-length=0 -ffunction-sections -c -fmessage-length=0 -MMD -MP -MF"Src/solarMonitor.d" -MT"Src/solarMonitor.o" -o "Src/solarMonitor.o" "../Src/solarMonitor.c"
Finished building: ../Src/solarMonitor.c
 
Building target: solarMonitor.elf
Invoking: MCU GCC Linker
arm-none-eabi-gcc -mcpu=cortex-m0plus -mthumb -mfloat-abi=soft -specs=nosys.specs -specs=nano.specs -T"../STM32L053R8Tx_FLASH.ld" -Wl,-Map=output.map -Wl,--gc-sections -lm -o "solarMonitor.elf" @"objects.list"  
Finished building target: solarMonitor.elf
 
make --no-print-directory post-build
Generating binary and Printing size information:
arm-none-eabi-objcopy -O binary "solarMonitor.elf" "solarMonitor.bin"
arm-none-eabi-size "solarMonitor.elf"
   text	   data	    bss	    dec	    hex	filename
  17912	     12	   6644	  24568	   5ff8	solarMonitor.elf
 
11:00:59 **** Incremental Build of configuration Debug for project solarMonitor ****
make all 
Building file: ../Src/solarMonitor.c
Invoking: MCU GCC Compiler
%cd%
arm-none-eabi-gcc -mcpu=cortex-m0plus -mthumb -mfloat-abi=soft '-D__weak=__attribute__((weak))' '-D__packed=__attribute__((__packed__))' -DUSE_HAL_DRIVER -DSTM32L053xx -I"C:/Users/Nicolas/Documents/Projets/panneau solaire/st/solarMonitor/solarMonitor/Inc" -I"C:/Users/Nicolas/Documents/Projets/panneau solaire/st/solarMonitor/solarMonitor/Drivers/STM32L0xx_HAL_Driver/Inc" -I"C:/Users/Nicolas/Documents/Projets/panneau solaire/st/solarMonitor/solarMonitor/Drivers/STM32L0xx_HAL_Driver/Inc/Legacy" -I"C:/Users/Nicolas/Documents/Projets/panneau solaire/st/solarMonitor/solarMonitor/Drivers/CMSIS/Device/ST/STM32L0xx/Include" -I"C:/Users/Nicolas/Documents/Projets/panneau solaire/st/solarMonitor/solarMonitor/Drivers/CMSIS/Include" -I"C:/Users/Nicolas/Documents/Projets/panneau solaire/st/solarMonitor/solarMonitor/Inc"  -Og -g3 -Wall -fmessage-length=0 -ffunction-sections -c -fmessage-length=0 -MMD -MP -MF"Src/solarMonitor.d" -MT"Src/solarMonitor.o" -o "Src/solarMonitor.o" "../Src/solarMonitor.c"
../Src/solarMonitor.c: In function 'takeMes':
../Src/solarMonitor.c:39:17: warning: unused variable 'm' [-Wunused-variable]
  uint32_t i, l, m;
                 ^
../Src/solarMonitor.c:39:14: warning: unused variable 'l' [-Wunused-variable]
  uint32_t i, l, m;
              ^
../Src/solarMonitor.c: In function 'initFlashCounter':
../Src/solarMonitor.c:211:20: warning: unused variable 'm' [-Wunused-variable]
  uint32_t j, k, l, m;
                    ^
../Src/solarMonitor.c:211:17: warning: unused variable 'l' [-Wunused-variable]
  uint32_t j, k, l, m;
                 ^
Finished building: ../Src/solarMonitor.c
 
Building target: solarMonitor.elf
Invoking: MCU GCC Linker
arm-none-eabi-gcc -mcpu=cortex-m0plus -mthumb -mfloat-abi=soft -specs=nosys.specs -specs=nano.specs -T"../STM32L053R8Tx_FLASH.ld" -Wl,-Map=output.map -Wl,--gc-sections -lm -o "solarMonitor.elf" @"objects.list"  
Finished building target: solarMonitor.elf
 
make --no-print-directory post-build
Generating binary and Printing size information:
arm-none-eabi-objcopy -O binary "solarMonitor.elf" "solarMonitor.bin"
arm-none-eabi-size "solarMonitor.elf"
   text	   data	    bss	    dec	    hex	filename
  17856	     12	   6644	  24512	   5fc0	solarMonitor.elf
 
11:04:08 **** Incremental Build of configuration Debug for project solarMonitor ****
make all 
Building file: ../Src/solarMonitor.c
Invoking: MCU GCC Compiler
%cd%
arm-none-eabi-gcc -mcpu=cortex-m0plus -mthumb -mfloat-abi=soft '-D__weak=__attribute__((weak))' '-D__packed=__attribute__((__packed__))' -DUSE_HAL_DRIVER -DSTM32L053xx -I"C:/Users/Nicolas/Documents/Projets/panneau solaire/st/solarMonitor/solarMonitor/Inc" -I"C:/Users/Nicolas/Documents/Projets/panneau solaire/st/solarMonitor/solarMonitor/Drivers/STM32L0xx_HAL_Driver/Inc" -I"C:/Users/Nicolas/Documents/Projets/panneau solaire/st/solarMonitor/solarMonitor/Drivers/STM32L0xx_HAL_Driver/Inc/Legacy" -I"C:/Users/Nicolas/Documents/Projets/panneau solaire/st/solarMonitor/solarMonitor/Drivers/CMSIS/Device/ST/STM32L0xx/Include" -I"C:/Users/Nicolas/Documents/Projets/panneau solaire/st/solarMonitor/solarMonitor/Drivers/CMSIS/Include" -I"C:/Users/Nicolas/Documents/Projets/panneau solaire/st/solarMonitor/solarMonitor/Inc"  -Og -g3 -Wall -fmessage-length=0 -ffunction-sections -c -fmessage-length=0 -MMD -MP -MF"Src/solarMonitor.d" -MT"Src/solarMonitor.o" -o "Src/solarMonitor.o" "../Src/solarMonitor.c"
Finished building: ../Src/solarMonitor.c
 
Building target: solarMonitor.elf
Invoking: MCU GCC Linker
arm-none-eabi-gcc -mcpu=cortex-m0plus -mthumb -mfloat-abi=soft -specs=nosys.specs -specs=nano.specs -T"../STM32L053R8Tx_FLASH.ld" -Wl,-Map=output.map -Wl,--gc-sections -lm -o "solarMonitor.elf" @"objects.list"  
Finished building target: solarMonitor.elf
 
make --no-print-directory post-build
Generating binary and Printing size information:
arm-none-eabi-objcopy -O binary "solarMonitor.elf" "solarMonitor.bin"
arm-none-eabi-size "solarMonitor.elf"
   text	   data	    bss	    dec	    hex	filename
  17856	     12	   6644	  24512	   5fc0	solarMonitor.elf
 
