12:15:36 **** Incremental Build of configuration Debug for project solarMonitor ****
make all 
Building file: ../Src/stm32l0xx_it.c
Invoking: MCU GCC Compiler
%cd%
arm-none-eabi-gcc -mcpu=cortex-m0plus -mthumb -mfloat-abi=soft '-D__weak=__attribute__((weak))' '-D__packed=__attribute__((__packed__))' -DUSE_HAL_DRIVER -DSTM32L053xx -I"C:/Users/Nicolas/Documents/Projets/panneau solaire/st/solarMonitor/solarMonitor/Inc" -I"C:/Users/Nicolas/Documents/Projets/panneau solaire/st/solarMonitor/solarMonitor/Drivers/STM32L0xx_HAL_Driver/Inc" -I"C:/Users/Nicolas/Documents/Projets/panneau solaire/st/solarMonitor/solarMonitor/Drivers/STM32L0xx_HAL_Driver/Inc/Legacy" -I"C:/Users/Nicolas/Documents/Projets/panneau solaire/st/solarMonitor/solarMonitor/Drivers/CMSIS/Device/ST/STM32L0xx/Include" -I"C:/Users/Nicolas/Documents/Projets/panneau solaire/st/solarMonitor/solarMonitor/Drivers/CMSIS/Include" -I"C:/Users/Nicolas/Documents/Projets/panneau solaire/st/solarMonitor/solarMonitor/Inc"  -Og -g3 -Wall -fmessage-length=0 -ffunction-sections -c -fmessage-length=0 -MMD -MP -MF"Src/stm32l0xx_it.d" -MT"Src/stm32l0xx_it.o" -o "Src/stm32l0xx_it.o" "../Src/stm32l0xx_it.c"
Finished building: ../Src/stm32l0xx_it.c
 
Building target: solarMonitor.elf
Invoking: MCU GCC Linker
arm-none-eabi-gcc -mcpu=cortex-m0plus -mthumb -mfloat-abi=soft -specs=nosys.specs -specs=nano.specs -T"../STM32L053R8Tx_FLASH.ld" -Wl,-Map=output.map -Wl,--gc-sections -lm -o "solarMonitor.elf" @"objects.list"  
Finished building target: solarMonitor.elf
 
make --no-print-directory post-build
Generating binary and Printing size information:
arm-none-eabi-objcopy -O binary "solarMonitor.elf" "solarMonitor.bin"
arm-none-eabi-size "solarMonitor.elf"
   text	   data	    bss	    dec	    hex	filename
  13052	     12	   6532	  19596	   4c8c	solarMonitor.elf
 

12:15:38 Build Finished (took 2s.216ms)

